06-19 15:07:01.082 19785 19785 D ActivityThread: Package [br.com.snapdark.apps.nutreai] reported as REPLACED, but missing application info. Assuming REMOVED.
06-19 15:07:01.082 19785 19785 D ActivityThread: Package [br.com.snapdark.apps.nutreai] reported as REPLACED, but missing application info. Assuming REMOVED.
06-19 15:07:01.082 19785 19785 D ActivityThread: Package [br.com.snapdark.apps.nutreai] reported as REPLACED, but missing application info. Assuming REMOVED.
06-19 15:07:01.122   946  1090 I CompositionEngine: [setDisplaySize] size=(434, 42)
06-19 15:07:01.131  2210  2831 D SatelliteController: isInCarrierRoamingNbIotNtn: satellite is disabled
06-19 15:07:01.149  1224  1981 D BackgroundInstallControlService: Package event received: 0
06-19 15:07:01.223   946  1090 I CompositionEngine: [setDisplaySize] size=(434, 42)
06-19 15:07:01.229  2485  3352 I ScanController: onScanResult to scannerId: 1- eventType=0x1b, addressType=0, address=XX:XX:XX:XX:AC:BD, primaryPhy=1, secondaryPhy=0, advertisingSid=0xff, txPower=127, rssi=-81, periodicAdvInt=0x0
06-19 15:07:01.229  2485  3352 I ScanController: onScanResult to scannerId: 4- eventType=0x1b, addressType=0, address=XX:XX:XX:XX:AC:BD, primaryPhy=1, secondaryPhy=0, advertisingSid=0xff, txPower=127, rssi=-81, periodicAdvInt=0x0
06-19 15:07:01.230 11142 11557 I [-0300]oneconnect[1.8.45.24_01][CORE]: DataConvert.parseBleVd - deviceBle : |name:($)-S(16)|deviceType:TV|discoverType:_BLE|services:_TvSoundToMobile|connected:false[TvStatusString]POWER_ON[TvStatus]1[TvService]111[TvMirrorChannel]149[TvRegisteredDB][115, -93, 2, 2, -3, -114][TvYear]2016[TvOcfInfo]0[TvAcmStatus]0[ExTvStatus]0[ExtendedStatus]-1[ModuloSn]-1
06-19 15:07:01.239  1224  2680 D SyncManager: userId - 0 auto - true
06-19 15:07:01.261   946  1017 I VSyncReactor: Current= 60, Period= 60, Distance= 0
06-19 15:07:01.265  1224  1981 D BackgroundInstallControlService: Package event received: 0
06-19 15:07:01.268  1224  2380 I ActivityManager: Changes in 99021 11 to 19, 128 to 0
06-19 15:07:01.268  1224  2380 I ActivityManager: Changes in 10277 11 to 19, 128 to 0
06-19 15:07:01.269  1112  1112 I CameraService: onUidStateChanged: uid=10277, procState is changed. (11 -> 19)
06-19 15:07:01.271   932 20002 V APM_AudioPolicyManager: setAppState(portId:823, state:2)
06-19 15:07:01.271   932 20002 V APM_AudioPolicyManager: setAppState(portId:823, state:2)
06-19 15:07:01.276  1224  2680 I Telecom : SamsungPhoneAccountListener : onAccountsChanged - allPhoneAccounts : [[[X] PhoneAccount: ComponentInfo{com.android.phone/com.android.services.telephony.TelephonyConnectionService}, 1, UserHandle{0} Capabilities: CallProvider MultiUser PlaceEmerg SimSub  Audio Routes: BESW Schemes: tel voicemail  Extras: <MASKED> GroupId: *** SC Restrictions: [ ]], [[X] PhoneAccount: ComponentInfo{com.discord/com.discord.telecom.service.TelecomConnectionService}, ***, UserHandle{0} Capabilities: SelfManaged  Audio Routes: BESW Schemes: discord  Extras: <MASKED> GroupId: *** SC Restrictions: [NONE]], [[X] PhoneAccount: ComponentInfo{com.google.android.apps.tachyon/com.google.android.apps.tachyon}, ***, UserHandle{0} Capabilities: SelfManaged SuppVideo Video TransactOps  Audio Routes: BESW Schemes: tel  Extras: <MASKED> GroupId: *** SC Restrictions: [NONE]], [[X] PhoneAccount: ComponentInfo{com.whatsapp/com.whatsapp.calling.telecom.SelfManagedConnectionService}, ***, UserHandle{0} Capabilities: SelfManaged SuppVideo Video  Audio Routes: BESW Schemes: tel  Extras: <MASKED> GroupId: *** SC Restrictions: [NONE]], [[X] PhoneAccount: ComponentInfo{com.whatsapp/com.whatsapp}, ***, UserHandle{0} Capabilities: SelfManaged SuppVideo Video TransactOps  Audio Routes: BESW Schemes: tel  Extras: <MASKED> GroupId: *** SC Restrictions: [NONE]]]
06-19 15:07:01.276  1224  2680 I Telecom : SamsungPhoneAccountListener : onAccountsChanged : [[X] PhoneAccount: ComponentInfo{com.android.phone/com.android.services.telephony.TelephonyConnectionService}, 1, UserHandle{0} Capabilities: CallProvider MultiUser PlaceEmerg SimSub  Audio Routes: BESW Schemes: tel voicemail  Extras: <MASKED> GroupId: *** SC Restrictions: [ ]]
06-19 15:07:01.276  1224  2680 I Telecom : SamsungPhoneAccountListener : onAccountsChanged : [[X] PhoneAccount: ComponentInfo{com.discord/com.discord.telecom.service.TelecomConnectionService}, ***, UserHandle{0} Capabilities: SelfManaged  Audio Routes: BESW Schemes: discord  Extras: <MASKED> GroupId: *** SC Restrictions: [NONE]]
06-19 15:07:01.276  1224  2680 I Telecom : SamsungPhoneAccountListener : onAccountsChanged : [[X] PhoneAccount: ComponentInfo{com.google.android.apps.tachyon/com.google.android.apps.tachyon}, ***, UserHandle{0} Capabilities: SelfManaged SuppVideo Video TransactOps  Audio Routes: BESW Schemes: tel  Extras: <MASKED> GroupId: *** SC Restrictions: [NONE]]
06-19 15:07:01.276  1224  2680 I Telecom : SamsungPhoneAccountListener : onAccountsChanged : [[X] PhoneAccount: ComponentInfo{com.whatsapp/com.whatsapp.calling.telecom.SelfManagedConnectionService}, ***, UserHandle{0} Capabilities: SelfManaged SuppVideo Video  Audio Routes: BESW Schemes: tel  Extras: <MASKED> GroupId: *** SC Restrictions: [NONE]]
06-19 15:07:01.276  1224  2680 I Telecom : SamsungPhoneAccountListener : onAccountsChanged : [[X] PhoneAccount: ComponentInfo{com.whatsapp/com.whatsapp}, ***, UserHandle{0} Capabilities: SelfManaged SuppVideo Video TransactOps  Audio Routes: BESW Schemes: tel  Extras: <MASKED> GroupId: *** SC Restrictions: [NONE]]
06-19 15:07:01.277  1224  2680 I Telecom : SamsungPhoneAccountRegistrarBroadcaster : AccountsChanged : false / UserHandle{0} / ComponentInfo{com.android.phone/com.android.services.telephony.TelephonyConnectionService}, 1, UserHandle{0} -> ComponentInfo{com.android.phone/com.android.services.telephony.TelephonyConnectionService}, 1, UserHandle{0}
06-19 15:07:01.277  1224  2680 I Telecom : SamsungPhoneAccountListener : onPhoneAccountUnRegistered - PhoneAccountHandleId : ComponentInfo{com.google.android.gm/com.google.android.gm}, ***, UserHandle{0}
06-19 15:07:01.277   946  1017 I VSyncReactor: Current= 60, Period= 60, Distance= 60
06-19 15:07:01.279  1224  2680 I Telecom : CallsManager: Sending phone-account ComponentInfo{com.google.android.gm/com.google.android.gm}, ***, UserHandle{0} unregistered intent as user: TSI.uPA(cgag)@Dsc
06-19 15:07:01.295  1224  2680 I Telecom : CallsManager: Sending phone-account unregistered intent to default dialer: TSI.uPA(cgag)@Dsc
06-19 15:07:01.301  1224  2680 W Telecom : TelecomServiceImpl$1: registerPhoneAccount - attempt to set a group from a non-system caller.: TSI.rPA(cgag)@Dsg
06-19 15:07:01.305  1224  2680 I Telecom : TelecomServiceImpl$1: registerPhoneAccount: account=[[ ] PhoneAccount: ComponentInfo{com.google.android.gm/com.google.android.gm}, ***, UserHandle{0} Capabilities: SelfManaged SuppVideo Video TransactOps  Audio Routes: BESW Schemes: tel  Extras: <MASKED> GroupId: *** SC Restrictions: [NONE]]: TSI.rPA(cgag)@Dsg
06-19 15:07:01.305  1224  2680 W Telecom : PhoneAccountRegistrar: phoneAccount ComponentInfo{com.google.android.gm/com.google.android.gm} not found: TSI.rPA(cgag)@Dsg
06-19 15:07:01.306  1224  2680 I Telecom : PhoneAccountRegistrar: New phone account registered: [[ ] PhoneAccount: ComponentInfo{com.google.android.gm/com.google.android.gm}, ***, UserHandle{0} Capabilities: SelfManaged SuppVideo Video TransactOps  Audio Routes: BESW Schemes: tel  Extras: <MASKED> GroupId: *** SC Restrictions: [NONE]]: TSI.rPA(cgag)@Dsg
06-19 15:07:01.309  1224  2680 I Telecom : AppLabelProxy: package com.google.android.gm: name is Gmail: TSI.rPA(cgag)@Dsg
06-19 15:07:01.311  1224  2680 I Telecom : SamsungPhoneAccountListener : onAccountsChanged - allPhoneAccounts : [[[X] PhoneAccount: ComponentInfo{com.android.phone/com.android.services.telephony.TelephonyConnectionService}, 1, UserHandle{0} Capabilities: CallProvider MultiUser PlaceEmerg SimSub  Audio Routes: BESW Schemes: tel voicemail  Extras: <MASKED> GroupId: *** SC Restrictions: [ ]], [[X] PhoneAccount: ComponentInfo{com.discord/com.discord.telecom.service.TelecomConnectionService}, ***, UserHandle{0} Capabilities: SelfManaged  Audio Routes: BESW Schemes: discord  Extras: <MASKED> GroupId: *** SC Restrictions: [NONE]], [[X] PhoneAccount: ComponentInfo{com.google.android.gm/com.google.android.gm}, ***, UserHandle{0} Capabilities: SelfManaged SuppVideo Video TransactOps  Audio Routes: BESW Schemes: tel  Extras: <MASKED> GroupId: *** SC Restrictions: [NONE]], [[X] PhoneAccount: ComponentInfo{com.google.android.apps.tachyon/com.google.android.apps.tachyon}, ***, UserHandle{0} Capabilities: SelfManaged SuppVideo Video TransactOps  Audio Routes: BESW Schemes: tel  Extras: <MASKED> GroupId: *** SC Restrictions: [NONE]], [[X] PhoneAccount: ComponentInfo{com.whatsapp/com.whatsapp.calling.telecom.SelfManagedConnectionService}, ***, UserHandle{0} Capabilities: SelfManaged SuppVideo Video  Audio Routes: BESW Schemes: tel  Extras: <MASKED> GroupId: *** SC Restrictions: [NONE]], [[X] PhoneAccount: ComponentInfo{com.whatsapp/com.whatsapp}, ***, UserHandle{0} Capabilities: SelfManaged SuppVideo Video TransactOps  Audio Routes: BESW Schemes: tel  Extras: <MASKED> GroupId: *** SC Restrictions: [NONE]]]
06-19 15:07:01.311  1224  2680 I Telecom : SamsungPhoneAccountListener : onAccountsChanged : [[X] PhoneAccount: ComponentInfo{com.android.phone/com.android.services.telephony.TelephonyConnectionService}, 1, UserHandle{0} Capabilities: CallProvider MultiUser PlaceEmerg SimSub  Audio Routes: BESW Schemes: tel voicemail  Extras: <MASKED> GroupId: *** SC Restrictions: [ ]]
06-19 15:07:01.311  1224  2680 I Telecom : SamsungPhoneAccountListener : onAccountsChanged : [[X] PhoneAccount: ComponentInfo{com.discord/com.discord.telecom.service.TelecomConnectionService}, ***, UserHandle{0} Capabilities: SelfManaged  Audio Routes: BESW Schemes: discord  Extras: <MASKED> GroupId: *** SC Restrictions: [NONE]]
06-19 15:07:01.311  1224  2680 I Telecom : SamsungPhoneAccountListener : onAccountsChanged : [[X] PhoneAccount: ComponentInfo{com.google.android.gm/com.google.android.gm}, ***, UserHandle{0} Capabilities: SelfManaged SuppVideo Video TransactOps  Audio Routes: BESW Schemes: tel  Extras: <MASKED> GroupId: *** SC Restrictions: [NONE]]
06-19 15:07:01.311  1224  2680 I Telecom : SamsungPhoneAccountListener : onAccountsChanged : [[X] PhoneAccount: ComponentInfo{com.google.android.apps.tachyon/com.google.android.apps.tachyon}, ***, UserHandle{0} Capabilities: SelfManaged SuppVideo Video TransactOps  Audio Routes: BESW Schemes: tel  Extras: <MASKED> GroupId: *** SC Restrictions: [NONE]]
06-19 15:07:01.311  1224  2680 I Telecom : SamsungPhoneAccountListener : onAccountsChanged : [[X] PhoneAccount: ComponentInfo{com.whatsapp/com.whatsapp.calling.telecom.SelfManagedConnectionService}, ***, UserHandle{0} Capabilities: SelfManaged SuppVideo Video  Audio Routes: BESW Schemes: tel  Extras: <MASKED> GroupId: *** SC Restrictions: [NONE]]
06-19 15:07:01.311  1224  2680 I Telecom : SamsungPhoneAccountListener : onAccountsChanged : [[X] PhoneAccount: ComponentInfo{com.whatsapp/com.whatsapp}, ***, UserHandle{0} Capabilities: SelfManaged SuppVideo Video TransactOps  Audio Routes: BESW Schemes: tel  Extras: <MASKED> GroupId: *** SC Restrictions: [NONE]]
06-19 15:07:01.311  1224  2680 I Telecom : SamsungPhoneAccountRegistrarBroadcaster : AccountsChanged : false / UserHandle{0} / ComponentInfo{com.android.phone/com.android.services.telephony.TelephonyConnectionService}, 1, UserHandle{0} -> ComponentInfo{com.android.phone/com.android.services.telephony.TelephonyConnectionService}, 1, UserHandle{0}
06-19 15:07:01.311  1224  2680 I Telecom : SamsungPhoneAccountListener : onPhoneAccountRegistered - PhoneAccountHandleId : ComponentInfo{com.google.android.gm/com.google.android.gm}, ***, UserHandle{0}
06-19 15:07:01.311  1224  2680 I Telecom : CallsManager: Sending phone-account ComponentInfo{com.google.android.gm/com.google.android.gm}, ***, UserHandle{0} registered intent as user: TSI.rPA(cgag)@Dsg
06-19 15:07:01.312  1224  4064 D SemWifiUsabilityStatsMonitor: onWifiUsabilityStats - seqNum 3156, isSameBssidAndFreq true
06-19 15:07:01.312  1224  2680 I Telecom : CallsManager: Sending phone-account registered intent to default dialer: TSI.rPA(cgag)@Dsg
06-19 15:07:01.313  1224  2004 I SemWifiLinkQualityMonitor: Link stat: 1024 / 7 / 1,20 (24) / 540 / -47.0 || 100.0 : 540,00 / 0.5 : 0,83 / 0.55 : 0,01 / G (G) || 585e86745745: 0,087 / 91,627 / N || N N / 0 0 / Y 2.0 / Y X 0 / 13691237 0 || Invalid
06-19 15:07:01.314  1224  2005 D InsDataManager: onOutageCountUpdate() - Outage Data: 0, LQ : Y. Outage Triggered: false
06-19 15:07:01.314  1224  2005 D InsDataManager: Trying to save initial normal data.
06-19 15:07:01.314  1224  2005 E InsController: Error in onOutageCountUpdate: android.net.VpnTransportInfo cannot be cast to android.net.wifi.WifiInfo
06-19 15:07:01.314  1224  2005 D SemInsManager: {"bssid": "585e86745745","rssi": -47.0,"latency": 0.08731039003605374,"outage_count": 0,"lq_callback_triggered": true,"outage_log": "Link stat: 1024 / 7 / 1,20 (24) / 540 / -47.0 || 100.0 : 540,00 / 0.5 : 0,83 / 0.55 : 0,01 / G (G) || 585e86745745: 0,087 / 91,627 / N || N N / 0 0 / Y 2.0 / Y X 0 / 13691237 0 || Invalid""Magnetic Sensor Events size": "0""Pressure Sensor Events size": "0"}
06-19 15:07:01.323   946  1090 I CompositionEngine: [setDisplaySize] size=(434, 42)
06-19 15:07:01.355 19469 19469 I NU.SimManagerInfoReceiver: onReceive Action: android.telecom.action.PHONE_ACCOUNT_UNREGISTERED
06-19 15:07:01.357 19469 19469 I NU.SimManagerInfoReceiver: ACTION_PHONE_ACCOUNT_UNREGISTERED
06-19 15:07:01.359 19469 19469 I NU.SimManagerInfoReceiver: onReceive Action: android.telecom.action.PHONE_ACCOUNT_REGISTERED
06-19 15:07:01.365  1224  2680 I Telecom : SamsungTelecomServiceImpl : getPhoneAccount - accountHandle : ComponentInfo{com.google.android.gm/com.google.android.gm}, ***, UserHandle{0} / callingPackage : com.samsung.android.app.telephonyui / callingUser : UserHandle{0}
06-19 15:07:01.373  1224  2680 I Telecom : PhoneAccountRegistrar: getSimCallManager: SimCallManager for subId 1 queried, returning: null: TSI.gPA(csaat)@Dsk
06-19 15:07:01.387  2210  3077 D Telephony: SamsungTuiCallFunctions: getSubIdForPhoneAccount() subId= -1
06-19 15:07:01.390 19469 19469 I SepApiMethodCall: method:getSubIdForPhoneAccount result:-1 success:true error:null
06-19 15:07:01.391 19469 19469 I FT.SimUtilFeature: getSubIdForPhoneAccountHandle phoneAccountSubId: -1
06-19 15:07:01.392 19469 19469 I UT.TelephonyUtils: getPhoneId : subId = -1
06-19 15:07:01.394 19469 19469 I FT.SimUtilFeature: getSlotIdForPhoneAccountHandle phoneAccountSlotId: 0
06-19 15:07:01.395  1224  2380 I Telecom : SamsungTelecomServiceImpl : getPhoneAccount - accountHandle : ComponentInfo{com.google.android.gm/com.google.android.gm}, ***, UserHandle{0} / callingPackage : com.samsung.android.app.telephonyui / callingUser : UserHandle{0}
06-19 15:07:01.398  1224  2380 I Telecom : PhoneAccountRegistrar: getSimCallManager: SimCallManager for subId 1 queried, returning: null: TSI.gPA(csaat)@Dso
06-19 15:07:01.400  2210  3077 D Telephony: SamsungTuiCallFunctions: getSubIdForPhoneAccount() subId= -1
06-19 15:07:01.400 19469 19469 I SepApiMethodCall: method:getSubIdForPhoneAccount result:-1 success:true error:null
06-19 15:07:01.400 19469 19469 I FT.SimUtilFeature: getSubIdForPhoneAccountHandle phoneAccountSubId: -1
06-19 15:07:01.400 19469 19469 I NU.SimManagerInfoReceiver: handlePhoneAccountRegistered : subId : -1, logicalSlot : 0 
06-19 15:07:01.424   946  1090 I CompositionEngine: [setDisplaySize] size=(434, 42)
06-19 15:07:01.452   938   959 E HeatmapThread: ECT Thread time in milliseconds: 1781892421
06-19 15:07:01.454   938   959 D HeatmapThread: !@ batteryplugType : 0
06-19 15:07:01.454   938   959 D HeatmapThread: !@ batteryLevel : 23  batteryTemperature : 346 
06-19 15:07:01.454   938   959 D HeatmapThread: !@ Heatmap currtime: 29698207
06-19 15:07:01.454   938   959 D HeatmapThread: !@ Heatmap prevtime: 29698187
06-19 15:07:01.454   938   959 D HeatmapThread: !@ Heatmap plugstarttime: 35791394
06-19 15:07:01.454   938   959 D HeatmapThread: !@ Heatmap prevv_dsoh_update_time: 29697947
06-19 15:07:01.454   938   959 E HeatmapThread: !@ CAM New BSOH: 100
06-19 15:07:01.524   946  1090 I CompositionEngine: [setDisplaySize] size=(434, 42)
06-19 15:07:01.625   946  1090 I CompositionEngine: [setDisplaySize] size=(434, 42)
06-19 15:07:01.725   946  1090 I CompositionEngine: [setDisplaySize] size=(434, 42)
06-19 15:07:01.826   946  1090 I CompositionEngine: [setDisplaySize] size=(434, 42)
06-19 15:07:01.836  4525  5446 I SDHMS:x : SIOP:: AP:393 BAT:346 USB:333 CHG:375 PA:376 CP:376 WIFI:377 CF:370 BLK:0 SUBBAT:0 LRPTHM:372 SKIN:350 SKINF:350 SKINB:350 LRP2:350 LRF2:350 LRB2:350 AP2:350 CHG2:345 WIFI2:350 RCV2:346 SPK2:318 FCAM:333 UPSPK:368 DNSPK:334 VAP02:398 VWIFI:375 AMB2:293 AVGCUR:-557 POWER:-2077
06-19 15:07:01.933   946  1090 I CompositionEngine: [setDisplaySize] size=(434, 42)
06-19 15:07:02.038   946  1090 I CompositionEngine: [setDisplaySize] size=(434, 42)
06-19 15:07:02.098   629   629 D io_stats: !@   8,0 r 3510059 81741840 w 854881 23174892 d 106503 15640220 f 26180 79473 iot 452004 0 th 0 0 0 pt 0 inp 0 0 13692.022
06-19 15:07:02.098   629   629 D io_stats: !@ Read_top(KB): ogle.android.gm(19785) 38432 app.telephonyui(19469) 3560 abox_log(1178) 1024
06-19 15:07:02.098   629   629 D io_stats: !@ Write_top(KB): kworker/u20:0(12699) 2944 ogle.android.gm(19785) 2624 egram.messenger(13159) 16
06-19 15:07:02.138   946  1090 I CompositionEngine: [setDisplaySize] size=(434, 42)
06-19 15:07:02.239   946  1090 I CompositionEngine: [setDisplaySize] size=(434, 42)
06-19 15:07:02.308  9692  9692 I adbd    : adbd service requested 'shell,v2:export ANDROID_LOG_TAGS="''"; exec logcat '-d''
06-19 15:07:02.338   946  1090 I CompositionEngine: [setDisplaySize] size=(434, 42)
06-19 15:07:02.439   946  1090 I CompositionEngine: [setDisplaySize] size=(434, 42)
06-19 15:07:02.452   938   959 E HeatmapThread: ECT Thread time in milliseconds: 1781892422
06-19 15:07:02.456   938   959 D HeatmapThread: !@ batteryplugType : 0
06-19 15:07:02.456   938   959 D HeatmapThread: !@ batteryLevel : 23  batteryTemperature : 346 
06-19 15:07:02.456   938   959 D HeatmapThread: !@ Heatmap currtime: 29698207
06-19 15:07:02.456   938   959 D HeatmapThread: !@ Heatmap prevtime: 29698187
06-19 15:07:02.456   938   959 D HeatmapThread: !@ Heatmap plugstarttime: 35791394
06-19 15:07:02.456   938   959 D HeatmapThread: !@ Heatmap prevv_dsoh_update_time: 29697947
06-19 15:07:02.457   938   959 E HeatmapThread: !@ CAM New BSOH: 100
06-19 15:07:02.539   946  1090 I CompositionEngine: [setDisplaySize] size=(434, 42)
06-19 15:07:02.640   946  1090 I CompositionEngine: [setDisplaySize] size=(434, 42)
06-19 15:07:02.739   946  1090 I CompositionEngine: [setDisplaySize] size=(434, 42)
06-19 15:07:02.822  8814  8831 I .openai.chatgpt: Background young concurrent mark compact GC freed 35MB AllocSpace bytes, 223(5072KB) LOS objects, 47% free, 46MB/87MB, paused 3.900ms,7.619ms total 113.091ms
06-19 15:07:02.840   946  1090 I CompositionEngine: [setDisplaySize] size=(434, 42)
06-19 15:07:02.940   946  1090 I CompositionEngine: [setDisplaySize] size=(434, 42)
06-19 15:07:03.041   946  1090 I CompositionEngine: [setDisplaySize] size=(434, 42)
06-19 15:07:03.141   946  1090 I CompositionEngine: [setDisplaySize] size=(434, 42)
06-19 15:07:03.241   946  1090 I CompositionEngine: [setDisplaySize] size=(434, 42)
06-19 15:07:03.342   946  1090 I CompositionEngine: [setDisplaySize] size=(434, 42)
06-19 15:07:03.442   946  1090 I CompositionEngine: [setDisplaySize] size=(434, 42)
06-19 15:07:03.452   938   959 E HeatmapThread: ECT Thread time in milliseconds: 1781892423
06-19 15:07:03.455   938   959 D HeatmapThread: !@ batteryplugType : 0
06-19 15:07:03.455   938   959 D HeatmapThread: !@ batteryLevel : 23  batteryTemperature : 346 
06-19 15:07:03.455   938   959 D HeatmapThread: !@ Heatmap currtime: 29698207
06-19 15:07:03.455   938   959 D HeatmapThread: !@ Heatmap prevtime: 29698187
06-19 15:07:03.456   938   959 D HeatmapThread: !@ Heatmap plugstarttime: 35791394
06-19 15:07:03.456   938   959 D HeatmapThread: !@ Heatmap prevv_dsoh_update_time: 29697947
06-19 15:07:03.456   938   959 E HeatmapThread: !@ CAM New BSOH: 100
06-19 15:07:03.543   946  1090 I CompositionEngine: [setDisplaySize] size=(434, 42)
06-19 15:07:03.643   946  1090 I CompositionEngine: [setDisplaySize] size=(434, 42)
06-19 15:07:03.744   946  1090 I CompositionEngine: [setDisplaySize] size=(434, 42)
06-19 15:07:03.844   946  1090 I CompositionEngine: [setDisplaySize] size=(434, 42)
06-19 15:07:03.954   946  1090 I CompositionEngine: [setDisplaySize] size=(434, 42)
06-19 15:07:04.054   946  1090 I CompositionEngine: [setDisplaySize] size=(434, 42)
06-19 15:07:04.096   656  4306 I android.system.suspend-service: !@SystemSuspend: wakeup_count+
06-19 15:07:04.099   629   629 D io_stats: !@   8,0 r 3510318 81742876 w 854885 23174904 d 106503 15640220 f 26180 79474 iot 452036 0 th 0 0 0 pt 0 inp 0 0 13694.024
06-19 15:07:04.158   946  1090 I CompositionEngine: [setDisplaySize] size=(434, 42)
06-19 15:07:04.257   946  1090 I CompositionEngine: [setDisplaySize] size=(434, 42)
06-19 15:07:04.342  1224  4064 D SemWifiUsabilityStatsMonitor: onWifiUsabilityStats - seqNum 3157, isSameBssidAndFreq true
06-19 15:07:04.344  1224  2004 I SemWifiLinkQualityMonitor: Link stat: 1583 / 187 / 1,19 (105) / 480 / -48.0 || 100.0 : 480,00 / 0.5 : 0,84 / 0.55 : 0,12 / G (G) || 585e86745745: 0,098 / 81,374 / N || N N / 0 0 / Y 2.0 / Y X 0 / 13694267 0 || Invalid
06-19 15:07:04.346  1224  2005 D InsDataManager: onOutageCountUpdate() - Outage Data: 0, LQ : Y. Outage Triggered: false
06-19 15:07:04.346  1224  2005 D InsDataManager: Trying to save initial normal data.
06-19 15:07:04.346  1224  2005 E InsController: Error in onOutageCountUpdate: android.net.VpnTransportInfo cannot be cast to android.net.wifi.WifiInfo
06-19 15:07:04.346  1224  2005 D SemInsManager: {"bssid": "585e86745745","rssi": -48.0,"latency": 0.09831136580706781,"outage_count": 0,"lq_callback_triggered": true,"outage_log": "Link stat: 1583 / 187 / 1,19 (105) / 480 / -48.0 || 100.0 : 480,00 / 0.5 : 0,84 / 0.55 : 0,12 / G (G) || 585e86745745: 0,098 / 81,374 / N || N N / 0 0 / Y 2.0 / Y X 0 / 13694267 0 || Invalid""Magnetic Sensor Events size": "0""Pressure Sensor Events size": "0"}
06-19 15:07:04.358   946  1090 I CompositionEngine: [setDisplaySize] size=(434, 42)
06-19 15:07:04.447   657 15670 I keystore2: system/security/keystore2/watchdog/src/lib.rs:377 - Watchdog thread idle -> terminating. Have a great day.
06-19 15:07:04.452   938   959 E HeatmapThread: ECT Thread time in milliseconds: 1781892424
06-19 15:07:04.456   938   959 D HeatmapThread: !@ batteryplugType : 0
06-19 15:07:04.456   938   959 D HeatmapThread: !@ batteryLevel : 23  batteryTemperature : 346 
06-19 15:07:04.456   938   959 D HeatmapThread: !@ Heatmap currtime: 29698207
06-19 15:07:04.456   938   959 D HeatmapThread: !@ Heatmap prevtime: 29698187
06-19 15:07:04.456   938   959 D HeatmapThread: !@ Heatmap plugstarttime: 35791394
06-19 15:07:04.456   938   959 D HeatmapThread: !@ Heatmap prevv_dsoh_update_time: 29697947
06-19 15:07:04.457   938   959 E HeatmapThread: !@ CAM New BSOH: 100
06-19 15:07:04.458   946  1090 I CompositionEngine: [setDisplaySize] size=(434, 42)
06-19 15:07:04.558   946  1090 I CompositionEngine: [setDisplaySize] size=(434, 42)
06-19 15:07:04.659   946  1090 I CompositionEngine: [setDisplaySize] size=(434, 42)
06-19 15:07:04.759   946  1090 I CompositionEngine: [setDisplaySize] size=(434, 42)
06-19 15:07:04.860   946  1090 I CompositionEngine: [setDisplaySize] size=(434, 42)
06-19 15:07:04.960   946  1090 I CompositionEngine: [setDisplaySize] size=(434, 42)
06-19 15:07:04.978  2210  2831 D SatelliteController: isInCarrierRoamingNbIotNtn: satellite is disabled
06-19 15:07:05.029  1160  1160 I CNSS    : /sys/wifi/max_chipset_log_size doesn't exist
06-19 15:07:05.061   946  1090 I CompositionEngine: [setDisplaySize] size=(434, 42)
06-19 15:07:05.161   946  1090 I CompositionEngine: [setDisplaySize] size=(434, 42)
06-19 15:07:05.262   946  1090 I CompositionEngine: [setDisplaySize] size=(434, 42)
06-19 15:07:05.362   946  1090 I CompositionEngine: [setDisplaySize] size=(434, 42)
06-19 15:07:05.452   938   959 E HeatmapThread: ECT Thread time in milliseconds: 1781892425
06-19 15:07:05.457   938   959 D HeatmapThread: !@ batteryplugType : 0
06-19 15:07:05.457   938   959 D HeatmapThread: !@ batteryLevel : 23  batteryTemperature : 346 
06-19 15:07:05.457   938   959 D HeatmapThread: !@ Heatmap currtime: 29698207
06-19 15:07:05.457   938   959 D HeatmapThread: !@ Heatmap prevtime: 29698187
06-19 15:07:05.458   938   959 D HeatmapThread: !@ Heatmap plugstarttime: 35791394
06-19 15:07:05.458   938   959 D HeatmapThread: !@ Heatmap prevv_dsoh_update_time: 29697947
06-19 15:07:05.458   938   959 E HeatmapThread: !@ CAM New BSOH: 100
06-19 15:07:05.463   946  1090 I CompositionEngine: [setDisplaySize] size=(434, 42)
06-19 15:07:05.562   946  1090 I CompositionEngine: [setDisplaySize] size=(434, 42)
06-19 15:07:05.674   946  1090 I CompositionEngine: [setDisplaySize] size=(434, 42)
06-19 15:07:05.710   932 20002 V APM_AudioPolicyManager: setAppState(portId:823, state:2)
06-19 15:07:05.710   932 20002 V APM_AudioPolicyManager: setAppState(portId:823, state:2)
06-19 15:07:05.775   946  1090 I CompositionEngine: [setDisplaySize] size=(434, 42)
06-19 15:07:05.875   946  1090 I CompositionEngine: [setDisplaySize] size=(434, 42)
06-19 15:07:05.909  2485  3352 I ScanController: onScanResult to scannerId: 1- eventType=0x1b, addressType=0, address=XX:XX:XX:XX:AC:BD, primaryPhy=1, secondaryPhy=0, advertisingSid=0xff, txPower=127, rssi=-70, periodicAdvInt=0x0
06-19 15:07:05.910  2485  3352 I ScanController: onScanResult to scannerId: 4- eventType=0x1b, addressType=0, address=XX:XX:XX:XX:AC:BD, primaryPhy=1, secondaryPhy=0, advertisingSid=0xff, txPower=127, rssi=-70, periodicAdvInt=0x0
06-19 15:07:05.912 11142 11557 I [-0300]oneconnect[1.8.45.24_01][CORE]: DataConvert.parseBleVd - deviceBle : |name:($)-S(16)|deviceType:TV|discoverType:_BLE|services:_TvSoundToMobile|connected:false[TvStatusString]POWER_ON[TvStatus]1[TvService]111[TvMirrorChannel]149[TvRegisteredDB][115, -93, 2, 2, -3, -114][TvYear]2016[TvOcfInfo]0[TvAcmStatus]0[ExTvStatus]0[ExtendedStatus]-1[ModuloSn]-1
06-19 15:07:05.919  1224  2380 D WifiDisplayAdapter: getWifiDisplayStatusLocked: result=WifiDisplayStatus{featureState=2, scanState=0, activeDisplayState=0, activeDisplay=null, displays=[], sessionInfo=WifiDisplaySessionInfo:
06-19 15:07:05.919  1224  2380 D WifiDisplayAdapter:     Client/Owner: Client
06-19 15:07:05.919  1224  2380 D WifiDisplayAdapter:     GroupId: 
06-19 15:07:05.919  1224  2380 D WifiDisplayAdapter:     Passphrase: 
06-19 15:07:05.919  1224  2380 D WifiDisplayAdapter:     SessionId: 0
06-19 15:07:05.919  1224  2380 D WifiDisplayAdapter:     IP Address: }
06-19 15:07:05.920  1224  2380 D WifiDisplayAdapter: getWifiDisplayStatusLocked: result=WifiDisplayStatus{featureState=2, scanState=0, activeDisplayState=0, activeDisplay=null, displays=[], sessionInfo=WifiDisplaySessionInfo:
06-19 15:07:05.920  1224  2380 D WifiDisplayAdapter:     Client/Owner: Client
06-19 15:07:05.920  1224  2380 D WifiDisplayAdapter:     GroupId: 
06-19 15:07:05.920  1224  2380 D WifiDisplayAdapter:     Passphrase: 
06-19 15:07:05.920  1224  2380 D WifiDisplayAdapter:     SessionId: 0
06-19 15:07:05.920  1224  2380 D WifiDisplayAdapter:     IP Address: }
06-19 15:07:05.921  1224  2380 D WifiDisplayAdapter: getWifiDisplayStatusLocked: result=WifiDisplayStatus{featureState=2, scanState=0, activeDisplayState=0, activeDisplay=null, displays=[], sessionInfo=WifiDisplaySessionInfo:
06-19 15:07:05.921  1224  2380 D WifiDisplayAdapter:     Client/Owner: Client
06-19 15:07:05.921  1224  2380 D WifiDisplayAdapter:     GroupId: 
06-19 15:07:05.921  1224  2380 D WifiDisplayAdapter:     Passphrase: 
06-19 15:07:05.921  1224  2380 D WifiDisplayAdapter:     SessionId: 0
06-19 15:07:05.921  1224  2380 D WifiDisplayAdapter:     IP Address: }
06-19 15:07:05.922  1224  2380 D WifiDisplayAdapter: getWifiDisplayStatusLocked: result=WifiDisplayStatus{featureState=2, scanState=0, activeDisplayState=0, activeDisplay=null, displays=[], sessionInfo=WifiDisplaySessionInfo:
06-19 15:07:05.922  1224  2380 D WifiDisplayAdapter:     Client/Owner: Client
06-19 15:07:05.922  1224  2380 D WifiDisplayAdapter:     GroupId: 
06-19 15:07:05.922  1224  2380 D WifiDisplayAdapter:     Passphrase: 
06-19 15:07:05.922  1224  2380 D WifiDisplayAdapter:     SessionId: 0
06-19 15:07:05.922  1224  2380 D WifiDisplayAdapter:     IP Address: }
06-19 15:07:05.924 11419  5084 I [-0300]oneconnect[1.8.45.24_01][BEACON_MANAGER_CONTROL_SERVICE]: TvOcfParser.onReceive - TV Popup Onboarding is skipped - ($)
06-19 15:07:05.976   946  1090 I CompositionEngine: [setDisplaySize] size=(434, 42)
06-19 15:07:06.076   946  1090 I CompositionEngine: [setDisplaySize] size=(434, 42)
06-19 15:07:06.101   629   629 D io_stats: !@   8,0 r 3510323 81742896 w 854938 23179136 d 106503 15640220 f 26181 79476 iot 452080 0 th 0 0 0 pt 0 inp 0 0 13696.025
06-19 15:07:06.101   629   629 D io_stats: !@ Read_top(KB): abox_log(1178) 1024 kworker/u20:6(10601) 20 .openai.chatgpt(8814) 8
06-19 15:07:06.101   629   629 D io_stats: !@ Write_top(KB): kworker/u20:6(10601) 4208 soft.appmanager(21608) 16 kworker/u20:0(12699) 4
06-19 15:07:06.177   946  1090 I CompositionEngine: [setDisplaySize] size=(434, 42)
06-19 15:07:06.277   946  1090 I CompositionEngine: [setDisplaySize] size=(434, 42)
06-19 15:07:06.281  1224  1913 D InetDiagMessage: Destroyed 0 sockets, proto=IPPROTO_TCP, family=AF_INET, states=14
06-19 15:07:06.285  1224  1913 D InetDiagMessage: Destroyed 0 sockets, proto=IPPROTO_TCP, family=AF_INET6, states=14
06-19 15:07:06.286  1224  1913 D InetDiagMessage: Destroyed live tcp sockets for uids={10277} in 10ms
06-19 15:07:06.289  1224  1913 D InetDiagMessage: Destroyed 0 sockets, proto=IPPROTO_TCP, family=AF_INET, states=14
06-19 15:07:06.292  1224  1913 D InetDiagMessage: Destroyed 0 sockets, proto=IPPROTO_TCP, family=AF_INET6, states=14
06-19 15:07:06.292  1224  1913 D InetDiagMessage: Destroyed live tcp sockets for uids={20277} in 7ms
06-19 15:07:06.377   946  1090 I CompositionEngine: [setDisplaySize] size=(434, 42)
06-19 15:07:06.452   938   959 E HeatmapThread: ECT Thread time in milliseconds: 1781892426
06-19 15:07:06.457   938   959 D HeatmapThread: !@ batteryplugType : 0
06-19 15:07:06.457   938   959 D HeatmapThread: !@ batteryLevel : 23  batteryTemperature : 346 
06-19 15:07:06.458   938   959 D HeatmapThread: !@ Heatmap currtime: 29698207
06-19 15:07:06.458   938   959 D HeatmapThread: !@ Heatmap prevtime: 29698187
06-19 15:07:06.458   938   959 D HeatmapThread: !@ Heatmap plugstarttime: 35791394
06-19 15:07:06.458   938   959 D HeatmapThread: !@ Heatmap prevv_dsoh_update_time: 29697947
06-19 15:07:06.458   938   959 E HeatmapThread: !@ CAM New BSOH: 100
06-19 15:07:06.478   946  1090 I CompositionEngine: [setDisplaySize] size=(434, 42)
06-19 15:07:06.578   946  1090 I CompositionEngine: [setDisplaySize] size=(434, 42)
06-19 15:07:06.678   946  1090 I CompositionEngine: [setDisplaySize] size=(434, 42)
06-19 15:07:06.742  1224  2380 D NetdEventListenerService: CSC Feature value: true
06-19 15:07:06.743  1224  2380 D NetdEventListenerService: CSC Feature value: true
06-19 15:07:06.743  1224  2380 D NetdEventListenerService: CSC Feature value: true
06-19 15:07:06.743  1224  2380 D NetdEventListenerService: CSC Feature value: true
06-19 15:07:06.779   946  1090 I CompositionEngine: [setDisplaySize] size=(434, 42)
06-19 15:07:06.797  1224  1302 E Watchdog: !@Sync: 457 heap(MB): 194 / 214 FD: 1699 [2026-06-19 15:07:06.796]
06-19 15:07:06.879   946  1090 I CompositionEngine: [setDisplaySize] size=(434, 42)
06-19 15:07:06.906  2495  2495 I wpa_supplicant: Heartbeat 1479
06-19 15:07:06.980   946  1090 I CompositionEngine: [setDisplaySize] size=(434, 42)
06-19 15:07:07.064  1224  3240 I NSLocationMonitor: getGPSUsingApps() called
06-19 15:07:07.065  3232  3262 I NSLocationManager_FLP: getGPSUsingApps, No change
06-19 15:07:07.070  1224  3240 W Binder  : Outgoing transactions from this process must be FLAG_ONEWAY
06-19 15:07:07.070  1224  3240 W Binder  : java.lang.Throwable
06-19 15:07:07.070  1224  3240 W Binder  : 	at android.os.BinderProxy.transact(BinderProxy.java:566)
06-19 15:07:07.070  1224  3240 W Binder  : 	at android.bluetooth.IBluetoothGatt$Stub$Proxy.getAdvertisingSetUids(IBluetoothGatt.java:1678)
06-19 15:07:07.070  1224  3240 W Binder  : 	at android.bluetooth.BluetoothAdapter.getAdvertisingSetUids(BluetoothAdapter.java:8476)
06-19 15:07:07.070  1224  3240 W Binder  : 	at android.bluetooth.BluetoothAdapter.getHWUsingApps(BluetoothAdapter.java:1342)
06-19 15:07:07.070  1224  3240 W Binder  : 	at com.android.server.am.mars.filter.filter.BlueToothConnectedFilter.updateBTUsingPackages(qb/107217522 c36b9b6ecc3b8b179a237c5a28617cca9980bce101174cbf6f15c182b6e13574:22)
06-19 15:07:07.070  1224  3240 W Binder  : 	at com.android.server.am.FreecessController.freeze(qb/107217522 c36b9b6ecc3b8b179a237c5a28617cca9980bce101174cbf6f15c182b6e13574:117)
06-19 15:07:07.070  1224  3240 W Binder  : 	at com.android.server.am.FreecessHandler$MainHandler.handleLcdOnFreeze(qb/107217522 c36b9b6ecc3b8b179a237c5a28617cca9980bce101174cbf6f15c182b6e13574:55)
06-19 15:07:07.070  1224  3240 W Binder  : 	at com.android.server.am.FreecessHandler$MainHandler.handleMessage(qb/107217522 c36b9b6ecc3b8b179a237c5a28617cca9980bce101174cbf6f15c182b6e13574:793)
06-19 15:07:07.070  1224  3240 W Binder  : 	at android.os.Handler.dispatchMessage(Handler.java:110)
06-19 15:07:07.070  1224  3240 W Binder  : 	at android.os.Looper.loopOnce(Looper.java:273)
06-19 15:07:07.070  1224  3240 W Binder  : 	at android.os.Looper.loop(Looper.java:363)
06-19 15:07:07.070  1224  3240 W Binder  : 	at android.os.HandlerThread.run(HandlerThread.java:85)
06-19 15:07:07.080   946  1090 I CompositionEngine: [setDisplaySize] size=(434, 42)
06-19 15:07:07.099  1224  3240 D ActivityManager: FCA:FCA recordedFileRss = 88472, and changeinRss = 25040
06-19 15:07:07.099  1224  3240 D FreecessController: FZ : com.google.android.gm(10277) [19785] reason: Bg [cached:O
06-19 15:07:07.099  1224  3240 D FreecessHandler: freeze com.google.android.gm(10277) result : 0
06-19 15:07:07.100  1224  3240 W LocationManagerService: onFreezeStateChanged, uid[10277]=true
06-19 15:07:07.101  1224  3240 I PowerManagerService: [PWL] SetWakeLockEnableDisable uid = 10277 , disable= true
06-19 15:07:07.101  1224  3240 I PowerManagerService: [PWL] can not change uid =  10277
06-19 15:07:07.181   946  1090 I CompositionEngine: [setDisplaySize] size=(434, 42)
06-19 15:07:07.281   946  1090 I CompositionEngine: [setDisplaySize] size=(434, 42)
06-19 15:07:07.368  1224  4064 D SemWifiUsabilityStatsMonitor: onWifiUsabilityStats - seqNum 3158, isSameBssidAndFreq true
06-19 15:07:07.369  1224  2004 I SemWifiLinkQualityMonitor: Link stat: 1072 / 12 / 1,40 (14) / 480 / -48.0 || 100.0 : 480,00 / 0.5 : 0,71 / 0.55 : 0,01 / G (G) || 585e86745745: 0,089 / 89,404 / N || N N / 0 0 / Y 2.0 / Y X 0 / 13697292 0 || Invalid
06-19 15:07:07.370  1224  2005 D InsDataManager: onOutageCountUpdate() - Outage Data: 0, LQ : Y. Outage Triggered: false
06-19 15:07:07.370  1224  2005 D InsDataManager: Trying to save initial normal data.
06-19 15:07:07.371  1224  2005 E InsController: Error in onOutageCountUpdate: android.net.VpnTransportInfo cannot be cast to android.net.wifi.WifiInfo
06-19 15:07:07.371  1224  2005 D SemInsManager: {"bssid": "585e86745745","rssi": -48.0,"latency": 0.0894817610062893,"outage_count": 0,"lq_callback_triggered": true,"outage_log": "Link stat: 1072 / 12 / 1,40 (14) / 480 / -48.0 || 100.0 : 480,00 / 0.5 : 0,71 / 0.55 : 0,01 / G (G) || 585e86745745: 0,089 / 89,404 / N || N N / 0 0 / Y 2.0 / Y X 0 / 13697292 0 || Invalid""Magnetic Sensor Events size": "0""Pressure Sensor Events size": "0"}
06-19 15:07:07.381   946  1090 I CompositionEngine: [setDisplaySize] size=(434, 42)
06-19 15:07:07.452   938   959 E HeatmapThread: ECT Thread time in milliseconds: 1781892427
06-19 15:07:07.455   938   959 D HeatmapThread: !@ batteryplugType : 0
06-19 15:07:07.455   938   959 D HeatmapThread: !@ batteryLevel : 23  batteryTemperature : 346 
06-19 15:07:07.455   938   959 D HeatmapThread: !@ Heatmap currtime: 29698207
06-19 15:07:07.455   938   959 D HeatmapThread: !@ Heatmap prevtime: 29698187
06-19 15:07:07.455   938   959 D HeatmapThread: !@ Heatmap plugstarttime: 35791394
06-19 15:07:07.455   938   959 D HeatmapThread: !@ Heatmap prevv_dsoh_update_time: 29697947
06-19 15:07:07.456   938   959 E HeatmapThread: !@ CAM New BSOH: 100
06-19 15:07:07.482   946  1090 I CompositionEngine: [setDisplaySize] size=(434, 42)
06-19 15:07:07.593   946  1090 I CompositionEngine: [setDisplaySize] size=(434, 42)
06-19 15:07:07.693   946  1090 I CompositionEngine: [setDisplaySize] size=(434, 42)
06-19 15:07:07.740  2485  3352 I ScanController: onScanResult to scannerId: 4- eventType=0x10, addressType=0, address=XX:XX:XX:XX:2D:2B, primaryPhy=1, secondaryPhy=0, advertisingSid=0xff, txPower=127, rssi=-99, periodicAdvInt=0x0
06-19 15:07:07.747 11142 11557 I [-0300]oneconnect[1.8.45.24_01][CORE]: DataConvert.parseBleVd - deviceBle : |name:|deviceType:TV|discoverType:_BLE|services:None|connected:false[TvStatusString]POWER_OFF[TvStatus]-128[TvService]110[TvMirrorChannel]1[TvRegisteredDB][5, 51, 36, 126, -5, -14][TvYear]2016[TvOcfInfo]0[TvAcmStatus]0[ExTvStatus]0[ExtendedStatus]-1[ModuloSn]-1
06-19 15:07:07.793   946  1090 I CompositionEngine: [setDisplaySize] size=(434, 42)
06-19 15:07:07.893   946  1090 I CompositionEngine: [setDisplaySize] size=(434, 42)
06-19 15:07:07.994   946  1090 I CompositionEngine: [setDisplaySize] size=(434, 42)
06-19 15:07:08.095   946  1090 I CompositionEngine: [setDisplaySize] size=(434, 42)
06-19 15:07:08.103   629   629 D io_stats: !@   8,0 r 3510598 81744548 w 854938 23179136 d 106503 15640220 f 26181 79476 iot 452132 0 th 0 0 0 pt 0 inp 0 0 13698.027
06-19 15:07:08.195   946  1090 I CompositionEngine: [setDisplaySize] size=(434, 42)
06-19 15:07:08.295   946  1090 I CompositionEngine: [setDisplaySize] size=(434, 42)
06-19 15:07:08.355  1112  2643 I CameraService: onUidStateChanged: uid=10521, procState is changed. (15 -> 10)
06-19 15:07:08.355  1224  1898 I WifiMulticastLockManager: Handling importance changed for uid=10521, isNowActive=true, importance=300
06-19 15:07:08.357   932 20002 V APM_AudioPolicyManager: setAppState(portId:823, state:2)
06-19 15:07:08.358  1224  2380 D CompatChangeReporter: Compat change id reported: 311208629; UID 10521; state: ENABLED
06-19 15:07:08.360 13818 13818 I Process : Sending signal. PID: 13818 SIG: 9
06-19 15:07:08.395   946  1090 I CompositionEngine: [setDisplaySize] size=(434, 42)
06-19 15:07:08.444  1224  1898 E WifiMulticastLockManager: Multicaster binderDied
06-19 15:07:08.445  1224  2680 I ActivityManager: Process com.agl.home:monitor (pid 13818) has died: fg  SVC (291,2519)
06-19 15:07:08.445  1224  2680 W ActivityManager: Scheduling restart of crashed service com.agl.home/com.thingclips.smart.android.hardware.service.GwBroadcastMonitorService in 1000ms for connection
06-19 15:07:08.445  5571  5571 W System.err: android.os.DeadObjectException
06-19 15:07:08.445  5571  5571 W System.err: 	at android.os.BinderProxy.transactNative(Native Method)
06-19 15:07:08.445  5571  5571 W System.err: 	at android.os.BinderProxy.transact(BinderProxy.java:661)
06-19 15:07:08.445  5571  5571 W System.err: 	at com.thingclips.smart.android.hardware.IUDPBroadcastAidlInterface$Stub$Proxy.unRegisterCallback(IUDPBroadcastAidlInterface.java:21)
06-19 15:07:08.445  5571  5571 W System.err: 	at com.thingclips.sdk.hardware.model.GwBroadcastMonitorModel.bdpdqbp(GwBroadcastMonitorModel.java:17)
06-19 15:07:08.445  5571  5571 W System.err: 	at com.thingclips.sdk.hardware.model.GwBroadcastMonitorModel.bppdpdq(GwBroadcastMonitorModel.java:8)
06-19 15:07:08.446  5571  5571 W System.err: 	at com.thingclips.sdk.hardware.dbpbdpb.justStopService(ThingHardwareServiceImpl.java:222)
06-19 15:07:08.446  5571  5571 W System.err: 	at com.thingclips.sdk.hardware.ppqdpdb.justStopService(ThingHardwareManager.java:5)
06-19 15:07:08.446  5571  5571 W System.err: 	at com.thingclips.sdk.device.ppbdqqp.pppbppp(ThingSmartHardwareManager.java:9)
06-19 15:07:08.446  5571  5571 W System.err: 	at com.thingclips.sdk.device.ddppdbq.justStopHardwareService(ThingSmartDevice.java:13)
06-19 15:07:08.446  5571  5571 W System.err: 	at com.thingclips.stencil.app.CrossActivityLifecycleObserver.b(CrossActivityLifecycleObserver.java:16)
06-19 15:07:08.446  5571  5571 W System.err: 	at com.thingclips.stencil.app.CrossActivityLifecycleObserver.a(CrossActivityLifecycleObserver.java:239)
06-19 15:07:08.446  1224  3107 W ActivityManager: pid 5571 com.agl.home sent binder code 2 with flags 2 to frozen apps and got error -32
06-19 15:07:08.446  5571  5571 W System.err: 	at com.thingclips.stencil.app.CrossActivityLifecycleObserver$1.handleMessage(CrossActivityLifecycleObserver.java:218)
06-19 15:07:08.446  1224  1307 I libprocessgroup: Removed cgroup /sys/fs/cgroup/apps/uid_10521/pid_13818
06-19 15:07:08.446  5571  5571 W System.err: 	at android.os.Handler.dispatchMessage(Handler.java:106)
06-19 15:07:08.446  5571  5571 W System.err: 	at android.os.Looper.loopOnce(Looper.java:273)
06-19 15:07:08.446  5571  5571 W System.err: 	at android.os.Looper.loop(Looper.java:363)
06-19 15:07:08.446  5571  5571 W System.err: 	at android.app.ActivityThread.main(ActivityThread.java:10060)
06-19 15:07:08.446  5571  5571 W System.err: 	at java.lang.reflect.Method.invoke(Native Method)
06-19 15:07:08.446  5571  5571 W System.err: 	at com.android.internal.os.RuntimeInit$MethodAndArgsCaller.run(RuntimeInit.java:632)
06-19 15:07:08.446  5571  5571 W System.err: 	at com.android.internal.os.ZygoteInit.main(ZygoteInit.java:975)
06-19 15:07:08.446   863   863 I Zygote  : Process 13818 exited due to signal 9 (Killed)
06-19 15:07:08.452   938   959 E HeatmapThread: ECT Thread time in milliseconds: 1781892428
06-19 15:07:08.454  5571  5571 I VRI[FamilyHomeActivity]@d40555b: onDisplayChanged oldDisplayState=2 newDisplayState=2
06-19 15:07:08.455  5571  5571 I VRI[FamilyHomeActivity]@d40555b: onDisplayChanged oldDisplayState=2 newDisplayState=2
06-19 15:07:08.457   938   959 D HeatmapThread: !@ batteryplugType : 0
06-19 15:07:08.457   938   959 D HeatmapThread: !@ batteryLevel : 23  batteryTemperature : 346 
06-19 15:07:08.457   938   959 D HeatmapThread: !@ Heatmap currtime: 29698207
06-19 15:07:08.457   938   959 D HeatmapThread: !@ Heatmap prevtime: 29698187
06-19 15:07:08.457   938   959 D HeatmapThread: !@ Heatmap plugstarttime: 35791394
06-19 15:07:08.457   938   959 D HeatmapThread: !@ Heatmap prevv_dsoh_update_time: 29697947
06-19 15:07:08.457   938   959 E HeatmapThread: !@ CAM New BSOH: 100
06-19 15:07:08.495   946  1090 I CompositionEngine: [setDisplaySize] size=(434, 42)
06-19 15:07:08.595   946  1090 I CompositionEngine: [setDisplaySize] size=(434, 42)
06-19 15:07:08.696   946  1090 I CompositionEngine: [setDisplaySize] size=(434, 42)
06-19 15:07:08.797   946  1090 I CompositionEngine: [setDisplaySize] size=(434, 42)
06-19 15:07:08.897   946  1090 I CompositionEngine: [setDisplaySize] size=(434, 42)
06-19 15:07:08.998   946  1090 I CompositionEngine: [setDisplaySize] size=(434, 42)
06-19 15:07:09.098   946  1090 I CompositionEngine: [setDisplaySize] size=(434, 42)
06-19 15:07:09.100  1224  1799 D ActivityManager: FCA:Reclamation for pid: 19785
06-19 15:07:09.198   946  1090 I CompositionEngine: [setDisplaySize] size=(434, 42)
06-19 15:07:09.299   946  1090 I CompositionEngine: [setDisplaySize] size=(434, 42)
06-19 15:07:09.400   946  1090 I CompositionEngine: [setDisplaySize] size=(434, 42)
06-19 15:07:09.452   938   959 E HeatmapThread: ECT Thread time in milliseconds: 1781892429
06-19 15:07:09.455   938   959 D HeatmapThread: !@ batteryplugType : 0
06-19 15:07:09.456   938   959 D HeatmapThread: !@ batteryLevel : 23  batteryTemperature : 346 
06-19 15:07:09.456   938   959 D HeatmapThread: !@ Heatmap currtime: 29698207
06-19 15:07:09.456   938   959 D HeatmapThread: !@ Heatmap prevtime: 29698187
06-19 15:07:09.456   938   959 D HeatmapThread: !@ Heatmap plugstarttime: 35791394
06-19 15:07:09.456   938   959 D HeatmapThread: !@ Heatmap prevv_dsoh_update_time: 29697947
06-19 15:07:09.456   938   959 E HeatmapThread: !@ CAM New BSOH: 100
06-19 15:07:09.500   946  1090 I CompositionEngine: [setDisplaySize] size=(434, 42)
06-19 15:07:09.600   946  1090 I CompositionEngine: [setDisplaySize] size=(434, 42)
06-19 15:07:09.701   946  1090 I CompositionEngine: [setDisplaySize] size=(434, 42)
06-19 15:07:09.781  1224  6967 I AfterimageCompensationService: AfcThread mLuminance : 54 , AfpcPeriodCount : 287 , rotation : 0 , AOD : false
06-19 15:07:09.783  1224  6967 I SurfaceComposerClient: captureDisplay:Display-4633128672291736003
06-19 15:07:09.787   946  1017 I SurfaceFlinger: Capture layer list: 	 Background for 7a55a9a SurfaceView[br.com.snapdark.apps.nutreai/br.com.snapdark.apps.nutreai.MainActivity]@0#7124(seamlessTransition:0)
06-19 15:07:09.788   946  1017 I SurfaceFlinger: Capture layer list: 	 7a55a9a SurfaceView[br.com.snapdark.apps.nutreai/br.com.snapdark.apps.nutreai.MainActivity]@0(BLAST)#7123(seamlessTransition:0)
06-19 15:07:09.788   946  1017 I SurfaceFlinger: Capture layer list: 	 br.com.snapdark.apps.nutreai/br.com.snapdark.apps.nutreai.MainActivity$_14430#7118(seamlessTransition:0)
06-19 15:07:09.788   946  1017 I SurfaceFlinger: Capture layer list: 	 StatusBar$_2226#106(seamlessTransition:0)
06-19 15:07:09.788   946  1017 I SurfaceFlinger: Capture layer list: 	 com.sec.android.app.launcher/com.samsung.app.honeyspace.edge.edgepanel.app.CocktailBarService$_2786#7133(seamlessTransition:0)
06-19 15:07:09.788   946  1017 I SurfaceFlinger: Capture layer list: 	 NavigationBar0$_2226#102(seamlessTransition:0)
06-19 15:07:09.788   946  1017 I CompositionEngine: [setDisplaySize] size=(1080, 2340)
06-19 15:07:09.789   946  1017 E HwcComposer: getLuts failed Status(-129, EX_TRANSACTION_FAILED): 'UNKNOWN_TRANSACTION: '
06-19 15:07:09.789   946  1029 D RenderEngine: [SEC_SF_EFFECTS] drawLayersInternal,1494, Rendering layer ScreenCaptureFillLayer at index 0
06-19 15:07:09.790   946  1029 D RenderEngine: [SEC_SF_EFFECTS] drawLayersInternal,1494, Rendering layer 7a55a9a SurfaceView[br.com.snapdark.apps.nutreai/br.com.snapdark.apps.nutreai.MainActivity]@0(BLAST)#7123 at index 1
06-19 15:07:09.790   946  1029 D RenderEngine: [SEC_SF_EFFECTS] drawLayersInternal,1494, Rendering layer br.com.snapdark.apps.nutreai/br.com.snapdark.apps.nutreai.MainActivity$_14430#7118 at index 2
06-19 15:07:09.790   946  1029 D RenderEngine: [SEC_SF_EFFECTS] drawLayersInternal,1494, Rendering layer StatusBar$_2226#106 at index 3
06-19 15:07:09.790   946  1029 D RenderEngine: [SEC_SF_EFFECTS] drawLayersInternal,1494, Rendering layer com.sec.android.app.launcher/com.samsung.app.honeyspace.edge.edgepanel.app.CocktailBarService$_2786#7133 at index 4
06-19 15:07:09.791   946  1029 D RenderEngine: [SEC_SF_EFFECTS] drawLayersInternal,1494, Rendering layer NavigationBar0$_2226#102 at index 5
06-19 15:07:09.799  1224  6967 D system_server: mAFPC_Read - w = 1080, h = 2340, s = 8, f = 4, s_size = 10183680, luminance = 54, count = 287, captureOrientation = 0
06-19 15:07:09.810   946  1090 I CompositionEngine: [setDisplaySize] size=(434, 42)
06-19 15:07:09.886   946   946 I SurfaceFlinger: SFWD update time=13699811318944
06-19 15:07:09.911   946  1090 I CompositionEngine: [setDisplaySize] size=(434, 42)
06-19 15:07:09.927 32050 32135 V DuoLog  : [Platform - Data Tooling]: Excess tracker error
06-19 15:07:09.928 32050 32135 V DuoLog  : 
06-19 15:07:09.928  1224  2122 D NetdEventListenerService: DNS Requested by 102, 10201(com.duolingo), 4(FAIL), isBlocked=true, 0ms
06-19 15:07:10.011   946  1090 I CompositionEngine: [setDisplaySize] size=(434, 42)
06-19 15:07:10.102  2210  2831 D SatelliteController: isInCarrierRoamingNbIotNtn: satellite is disabled
06-19 15:07:10.105   629   629 D io_stats: !@   8,0 r 3510601 81744560 w 855011 23182320 d 106503 15640220 f 26181 79476 iot 452140 0 th 0 0 0 pt 0 inp 0 0 13700.030
06-19 15:07:10.106   629   629 D io_stats: !@ Read_top(KB): abox_log(1178) 1024 ogle.android.gm(19785) 628 system_server(1224) 8
06-19 15:07:10.106   629   629 D io_stats: !@ Write_top(KB): kworker/u20:0(12699) 3184
06-19 15:07:10.113   946  1090 I CompositionEngine: [setDisplaySize] size=(434, 42)
06-19 15:07:10.213   946  1090 I CompositionEngine: [setDisplaySize] size=(434, 42)
06-19 15:07:10.250  1224 15729 D WifiConnectivityMonitor.DnsThread:  [|209] []
06-19 15:07:10.251  1224  2037 D WifiConnectivityMonitor.NetworkStatsAnalyzer: DNS resultType : 0, responseTime : 209
06-19 15:07:10.252  1224  2033 D OpenNetworkQos[4.00]: updateBssidLatestDnsResultType - result: 0
06-19 15:07:10.252  1224  2033 D OpenNetworkQos[4.00]: updateBssidNoInternet: mBssidNoInternet = false
06-19 15:07:10.252  1224  2033 D OpenNetworkQos[4.00]: getOpenNetworkQosNoInternetStatus: false
06-19 15:07:10.252  1224  2033 D OpenNetworkQos[4.00]: getOpenNetworkQosScores: 30 30 0 
06-19 15:07:10.252  1224  2033 D KNOX_MDM_SettingsProvider: isChangeAllowed() : name = wifi_wcm_qos_sharing_score_summary
06-19 15:07:10.253  1224  2033 I WifiProfileShare: network QoS data was changed (internet), updateQoSData networkType: true, qosData: false
06-19 15:07:10.253  1224  3282 V WifiProfileShare.Caster: update wips network, size: 0
