06-19 15:07:16.174   946  1090 I CompositionEngine: [setDisplaySize] size=(434, 42)
06-19 15:07:16.286   946  1090 I CompositionEngine: [setDisplaySize] size=(434, 42)
06-19 15:07:16.347 14430 14430 I flutter : ✅ Transcrição concluída com sucesso: 300 você tá ou você tem uma promoção de copa? Agora vou rasgar a inglês FC 26. Yeah, of course I'm very happy to visit Brazil for the first time in my life to see Brazil team or not. It's
06-19 15:07:16.386   946  1090 I CompositionEngine: [setDisplaySize] size=(434, 42)
06-19 15:07:16.446  1224  4064 D SemWifiUsabilityStatsMonitor: onWifiUsabilityStats - seqNum 3161, isSameBssidAndFreq true
06-19 15:07:16.448  1224  2004 I SemWifiLinkQualityMonitor: Link stat: 2171 / 537 / 1,05 (197) / 480 / -49.0 || 100.0 : 480,00 / 0.5 : 0,95 / 0.55 : 0,25 / G (G) || 585e86745745: 0,112 / 71,219 / N || N N / 0 0 / Y 2.0 / Y X 0 / 13706372 0 || Invalid
06-19 15:07:16.450  1224  2005 D InsDataManager: onOutageCountUpdate() - Outage Data: 0, LQ : Y. Outage Triggered: false
06-19 15:07:16.450  1224  2005 D InsDataManager: Trying to save initial normal data.
06-19 15:07:16.450  1224  2005 E InsController: Error in onOutageCountUpdate: android.net.VpnTransportInfo cannot be cast to android.net.wifi.WifiInfo
06-19 15:07:16.450  1224  2005 D SemInsManager: {"bssid": "585e86745745","rssi": -49.0,"latency": 0.11232884536923704,"outage_count": 0,"lq_callback_triggered": true,"outage_log": "Link stat: 2171 / 537 / 1,05 (197) / 480 / -49.0 || 100.0 : 480,00 / 0.5 : 0,95 / 0.55 : 0,25 / G (G) || 585e86745745: 0,112 / 71,219 / N || N N / 0 0 / Y 2.0 / Y X 0 / 13706372 0 || Invalid""Magnetic Sensor Events size": "0""Pressure Sensor Events size": "0"}
06-19 15:07:16.452   938   959 E HeatmapThread: ECT Thread time in milliseconds: 1781892436
06-19 15:07:16.454   938   959 D HeatmapThread: !@ batteryplugType : 0
06-19 15:07:16.454   938   959 D HeatmapThread: !@ batteryLevel : 23  batteryTemperature : 344 
06-19 15:07:16.455   938   959 D HeatmapThread: !@ Heatmap currtime: 29698207
06-19 15:07:16.455   938   959 D HeatmapThread: !@ Heatmap prevtime: 29698187
06-19 15:07:16.455   938   959 D HeatmapThread: !@ Heatmap plugstarttime: 35791394
06-19 15:07:16.455   938   959 D HeatmapThread: !@ Heatmap prevv_dsoh_update_time: 29697947
06-19 15:07:16.455   938   959 E HeatmapThread: !@ CAM New BSOH: 100
06-19 15:07:16.487   946  1090 I CompositionEngine: [setDisplaySize] size=(434, 42)
06-19 15:07:16.588   946  1090 I CompositionEngine: [setDisplaySize] size=(434, 42)
06-19 15:07:16.689   946  1090 I CompositionEngine: [setDisplaySize] size=(434, 42)
06-19 15:07:16.789   946  1090 I CompositionEngine: [setDisplaySize] size=(434, 42)
06-19 15:07:16.890   946  1090 I CompositionEngine: [setDisplaySize] size=(434, 42)
06-19 15:07:16.906  2495  2495 I wpa_supplicant: Heartbeat 1480
06-19 15:07:16.990   946  1090 I CompositionEngine: [setDisplaySize] size=(434, 42)
06-19 15:07:17.090   946  1090 I CompositionEngine: [setDisplaySize] size=(434, 42)
06-19 15:07:17.191   946  1090 I CompositionEngine: [setDisplaySize] size=(434, 42)
06-19 15:07:17.291   946  1090 I CompositionEngine: [setDisplaySize] size=(434, 42)
06-19 15:07:17.392   946  1090 I CompositionEngine: [setDisplaySize] size=(434, 42)
06-19 15:07:17.452   938   959 E HeatmapThread: ECT Thread time in milliseconds: 1781892437
06-19 15:07:17.455   938   959 D HeatmapThread: !@ batteryplugType : 0
06-19 15:07:17.455   938   959 D HeatmapThread: !@ batteryLevel : 23  batteryTemperature : 344 
06-19 15:07:17.455   938   959 D HeatmapThread: !@ Heatmap currtime: 29698207
06-19 15:07:17.455   938   959 D HeatmapThread: !@ Heatmap prevtime: 29698187
06-19 15:07:17.455   938   959 D HeatmapThread: !@ Heatmap plugstarttime: 35791394
06-19 15:07:17.455   938   959 D HeatmapThread: !@ Heatmap prevv_dsoh_update_time: 29697947
06-19 15:07:17.456   938   959 E HeatmapThread: !@ CAM New BSOH: 100
06-19 15:07:17.492   946  1090 I CompositionEngine: [setDisplaySize] size=(434, 42)
06-19 15:07:17.592   946  1090 I CompositionEngine: [setDisplaySize] size=(434, 42)
06-19 15:07:17.607  2485  3352 I ScanController: onScanResult to scannerId: 1- eventType=0x1b, addressType=0, address=XX:XX:XX:XX:AC:BD, primaryPhy=1, secondaryPhy=0, advertisingSid=0xff, txPower=127, rssi=-77, periodicAdvInt=0x0
06-19 15:07:17.608  2485  3352 I ScanController: onScanResult to scannerId: 4- eventType=0x1b, addressType=0, address=XX:XX:XX:XX:AC:BD, primaryPhy=1, secondaryPhy=0, advertisingSid=0xff, txPower=127, rssi=-77, periodicAdvInt=0x0
06-19 15:07:17.612 11142 11557 I [-0300]oneconnect[1.8.45.24_01][CORE]: DataConvert.parseBleVd - deviceBle : |name:($)-S(16)|deviceType:TV|discoverType:_BLE|services:_TvSoundToMobile|connected:false[TvStatusString]POWER_ON[TvStatus]1[TvService]111[TvMirrorChannel]149[TvRegisteredDB][115, -93, 2, 2, -3, -114][TvYear]2016[TvOcfInfo]0[TvAcmStatus]0[ExTvStatus]0[ExtendedStatus]-1[ModuloSn]-1
06-19 15:07:17.693   946  1090 I CompositionEngine: [setDisplaySize] size=(434, 42)
06-19 15:07:17.803   946  1090 I CompositionEngine: [setDisplaySize] size=(434, 42)
06-19 15:07:17.904   946  1090 I CompositionEngine: [setDisplaySize] size=(434, 42)
06-19 15:07:18.004   946  1090 I CompositionEngine: [setDisplaySize] size=(434, 42)
06-19 15:07:18.105   946  1090 I CompositionEngine: [setDisplaySize] size=(434, 42)
06-19 15:07:18.112   629   629 D io_stats: !@ Read_top(KB): kworker/u20:8(10602) 8
06-19 15:07:18.112   629   629 D io_stats: !@ Write_top(KB): kworker/u20:8(10602) 3076 soft.appmanager(21608) 16
06-19 15:07:18.205   946  1090 I CompositionEngine: [setDisplaySize] size=(434, 42)
06-19 15:07:18.305   946  1090 I CompositionEngine: [setDisplaySize] size=(434, 42)
06-19 15:07:18.406   946  1090 I CompositionEngine: [setDisplaySize] size=(434, 42)
06-19 15:07:18.453   938   959 E HeatmapThread: ECT Thread time in milliseconds: 1781892438
06-19 15:07:18.456   938   959 D HeatmapThread: !@ batteryplugType : 0
06-19 15:07:18.456   938   959 D HeatmapThread: !@ batteryLevel : 23  batteryTemperature : 344 
06-19 15:07:18.456   938   959 D HeatmapThread: !@ Heatmap currtime: 29698207
06-19 15:07:18.457   938   959 D HeatmapThread: !@ Heatmap prevtime: 29698187
06-19 15:07:18.457   938   959 D HeatmapThread: !@ Heatmap plugstarttime: 35791394
06-19 15:07:18.457   938   959 D HeatmapThread: !@ Heatmap prevv_dsoh_update_time: 29697947
06-19 15:07:18.457   938   959 E HeatmapThread: !@ CAM New BSOH: 100
06-19 15:07:18.506   946  1090 I CompositionEngine: [setDisplaySize] size=(434, 42)
06-19 15:07:18.606   946  1090 I CompositionEngine: [setDisplaySize] size=(434, 42)
06-19 15:07:18.707   946  1090 I CompositionEngine: [setDisplaySize] size=(434, 42)
06-19 15:07:18.807   946  1090 I CompositionEngine: [setDisplaySize] size=(434, 42)
06-19 15:07:18.908   946  1090 I CompositionEngine: [setDisplaySize] size=(434, 42)
06-19 15:07:19.009   946  1090 I CompositionEngine: [setDisplaySize] size=(434, 42)
06-19 15:07:19.109   946  1090 I CompositionEngine: [setDisplaySize] size=(434, 42)
06-19 15:07:19.208   946  1090 I CompositionEngine: [setDisplaySize] size=(434, 42)
06-19 15:07:19.309   946  1090 I CompositionEngine: [setDisplaySize] size=(434, 42)
06-19 15:07:19.410   946  1090 I CompositionEngine: [setDisplaySize] size=(434, 42)
06-19 15:07:19.454   938   959 E HeatmapThread: ECT Thread time in milliseconds: 1781892439
06-19 15:07:19.458   938   959 D HeatmapThread: !@ batteryplugType : 0
06-19 15:07:19.458   938   959 D HeatmapThread: !@ batteryLevel : 23  batteryTemperature : 344 
06-19 15:07:19.459   938   959 D HeatmapThread: !@ Heatmap currtime: 29698207
06-19 15:07:19.459   938   959 D HeatmapThread: !@ Heatmap prevtime: 29698187
06-19 15:07:19.459   938   959 D HeatmapThread: !@ Heatmap plugstarttime: 35791394
06-19 15:07:19.459   938   959 D HeatmapThread: !@ Heatmap prevv_dsoh_update_time: 29697947
06-19 15:07:19.459   938   959 E HeatmapThread: !@ CAM New BSOH: 100
06-19 15:07:19.477  1224  4064 D SemWifiUsabilityStatsMonitor: onWifiUsabilityStats - seqNum 3162, isSameBssidAndFreq true
06-19 15:07:19.479  1224  2004 I SemWifiLinkQualityMonitor: Link stat: 811 / 17 / 1,13 (9) / 600 / -50.0 || 100.0 : 600,00 / 0.5 : 0,89 / 0.55 : 0,02 / G (G) || 585e86745745: 0,087 / 92,086 / N || N N / 0 0 / Y 2.0 / Y X 0 / 13709402 0 || Invalid
06-19 15:07:19.480  1224  2005 D InsDataManager: onOutageCountUpdate() - Outage Data: 0, LQ : Y. Outage Triggered: false
06-19 15:07:19.480  1224  2005 D InsDataManager: Trying to save initial normal data.
06-19 15:07:19.481  1224  2005 E InsController: Error in onOutageCountUpdate: android.net.VpnTransportInfo cannot be cast to android.net.wifi.WifiInfo
06-19 15:07:19.481  1224  2005 D SemInsManager: {"bssid": "585e86745745","rssi": -50.0,"latency": 0.08687489504617968,"outage_count": 0,"lq_callback_triggered": true,"outage_log": "Link stat: 811 / 17 / 1,13 (9) / 600 / -50.0 || 100.0 : 600,00 / 0.5 : 0,89 / 0.55 : 0,02 / G (G) || 585e86745745: 0,087 / 92,086 / N || N N / 0 0 / Y 2.0 / Y X 0 / 13709402 0 || Invalid""Magnetic Sensor Events size": "0""Pressure Sensor Events size": "0"}
06-19 15:07:19.511   946  1090 I CompositionEngine: [setDisplaySize] size=(434, 42)
06-19 15:07:19.610   946  1090 I CompositionEngine: [setDisplaySize] size=(434, 42)
06-19 15:07:19.711   946  1090 I CompositionEngine: [setDisplaySize] size=(434, 42)
06-19 15:07:19.811   946  1090 I CompositionEngine: [setDisplaySize] size=(434, 42)
06-19 15:07:19.898   946   946 I SurfaceFlinger: SFWD update time=13709822610780
06-19 15:07:19.911   946  1090 I CompositionEngine: [setDisplaySize] size=(434, 42)
06-19 15:07:20.012   946  1090 I CompositionEngine: [setDisplaySize] size=(434, 42)
06-19 15:07:20.113   629   629 D io_stats: !@   8,0 r 3510876 81745888 w 855075 23187120 d 106503 15640220 f 26182 79478 iot 452220 0 th 0 0 0 pt 0 inp 0 0 13710.037
06-19 15:07:20.122   946  1090 I CompositionEngine: [setDisplaySize] size=(434, 42)
06-19 15:07:20.222   946  1090 I CompositionEngine: [setDisplaySize] size=(434, 42)
06-19 15:07:20.323   946  1090 I CompositionEngine: [setDisplaySize] size=(434, 42)
06-19 15:07:20.424   946  1090 I CompositionEngine: [setDisplaySize] size=(434, 42)
06-19 15:07:20.452   938   959 E HeatmapThread: ECT Thread time in milliseconds: 1781892440
06-19 15:07:20.457   938   959 D HeatmapThread: !@ batteryplugType : 0
06-19 15:07:20.457   938   959 D HeatmapThread: !@ batteryLevel : 23  batteryTemperature : 344 
06-19 15:07:20.457   938   959 D HeatmapThread: !@ Heatmap currtime: 29698207
06-19 15:07:20.457   938   959 D HeatmapThread: !@ Heatmap prevtime: 29698187
06-19 15:07:20.457   938   959 D HeatmapThread: !@ Heatmap plugstarttime: 35791394
06-19 15:07:20.457   938   959 D HeatmapThread: !@ Heatmap prevv_dsoh_update_time: 29697947
06-19 15:07:20.458   938   959 E HeatmapThread: !@ CAM New BSOH: 100
06-19 15:07:20.525   946  1090 I CompositionEngine: [setDisplaySize] size=(434, 42)
06-19 15:07:20.625   946  1090 I CompositionEngine: [setDisplaySize] size=(434, 42)
06-19 15:07:20.725   946  1090 I CompositionEngine: [setDisplaySize] size=(434, 42)
06-19 15:07:20.826   946  1090 I CompositionEngine: [setDisplaySize] size=(434, 42)
06-19 15:07:20.865  4525  4525 I SDHMS:LOAD: type: LoadsFreqs, value: 66:0:24:672000:672000:672000:961920:2900000:672000:252:252:252
06-19 15:07:20.926   946  1090 I CompositionEngine: [setDisplaySize] size=(434, 42)
06-19 15:07:21.027   946  1090 I CompositionEngine: [setDisplaySize] size=(434, 42)
06-19 15:07:21.038  3444  4828 V CpEventLog(u0): [P] cp_state: [                 contacts = {contacts=334, raw_contacts=742, data=3533, account={secphone(1)=0, sim(2)=12, google(3)=333, sim2(4)=0, agg(5)=0, samsung(6)=0, mobileservice(7)=0, whatsapp(8)=230, duo(11)=33, google(14)=0, google(16)=0, google(17)=0, google(19)=2, calendar.agenda.calendarplanner.agendaplanner(23)=0, google(30)=0, com.facebook.auth.login(97)=0, com.facebook.messenger(106)=0, com.duolingo(132)=0, www.instagram.barcelona(148)=0, com.airbnb.android(153)=0, telegram(160)=132, ai.x.grok(168)=0, www.instagram.com(169)=0, com.soundcloud.android.account(170)=0}, trash=0, trash_acc={}, trash_sync=0, database=contacts2.db} ]
06-19 15:07:21.038  3444  4828 V CpEventLog(u0): [P] cp_state: [               aggregated = {[160]=20, [19,8,11,160]=1, [2,3]=12, [3,11,160]=1, [3,160]=13, [3,8,11,160]=8, [3,8,11]=21, [3,8,160,11]=1, [3,8,160,160]=3, [3,8,160]=81, [3,8,19,11,160]=1, [3,8]=111, [3]=81, [8]=3} ]
06-19 15:07:21.038  3444  4828 V CpEventLog(u0): [P] cp_state: [                  request = {} ]
06-19 15:07:21.038  3444  4828 V CpEventLog(u0): [P] cp_state: [                    calls = {types={[100]=54, [500]=9, [1000]=1140}, database=calllog.db} ]
06-19 15:07:21.038  3444  4828 V CpEventLog(u0): [P] cp_state: [                  profile = {contacts=0, raw_contacts=0, data=0, account={secphone(1)=0, google(2)=0, sim(3)=0, sim2(4)=0, agg(5)=0, samsung(6)=0, mobileservice(7)=0, whatsapp(8)=0, duo(11)=0, google(14)=0, google(16)=0, google(17)=0, google(19)=0, calendar.agenda.calendarplanner.agendaplanner(23)=0, google(30)=0, com.facebook.auth.login(97)=0, com.facebook.messenger(106)=0, com.duolingo(132)=0, www.instagram.barcelona(148)=0, com.airbnb.android(153)=0, telegram(160)=0, ai.x.grok(168)=0, www.instagram.com(169)=0, com.soundcloud.android.account(170)=0}, trash=0, trash_acc={}, trash_sync=0, database=profile.db} ]
06-19 15:07:21.038  3444  4828 V CpEventLog(u0): [P] cp_state: [               sa_profile = {contacts=1, raw_contacts=1, data=2, account={secphone(1)=1, google(2)=0, sim(3)=0, sim2(4)=0, agg(5)=0, samsung(6)=0, mobileservice(7)=0, whatsapp(8)=0, duo(11)=0, google(14)=0, google(16)=0, google(17)=0, google(19)=0, calendar.agenda.calendarplanner.agendaplanner(23)=0, google(30)=0, com.facebook.auth.login(97)=0, com.facebook.messenger(106)=0, com.duolingo(132)=0, www.instagram.barcelona(148)=0, com.airbnb.android(153)=0, telegram(160)=0, ai.x.grok(168)=0, www.instagram.com(169)=0, com.soundcloud.android.account(170)=0}, trash=0, trash_acc={}, trash_sync=0, database=profile_sa.db} ]
06-19 15:07:21.038  3444  4828 V CpEventLog(u0): [P] cp_state: [                      etc = {binders=0, country_iso=BR, version=15.6.28, db_version=2000, db_size=2, db_wal_size=0, csc=ZTO/, sec_enabled=false, is_roaming=false} ]
06-19 15:07:21.038  3444  4828 V CpEventLog(u0): [P] cp_state: ------------------------------------------------------------------------------
06-19 15:07:21.127   946  1090 I CompositionEngine: [setDisplaySize] size=(434, 42)
06-19 15:07:21.227   946  1090 I CompositionEngine: [setDisplaySize] size=(434, 42)
06-19 15:07:21.328   946  1090 I CompositionEngine: [setDisplaySize] size=(434, 42)
06-19 15:07:21.429   946  1090 I CompositionEngine: [setDisplaySize] size=(434, 42)
06-19 15:07:21.452   938   959 E HeatmapThread: ECT Thread time in milliseconds: 1781892441
06-19 15:07:21.458   938   959 D HeatmapThread: !@ batteryplugType : 0
06-19 15:07:21.458   938   959 D HeatmapThread: !@ batteryLevel : 23  batteryTemperature : 344 
06-19 15:07:21.458   938   959 D HeatmapThread: !@ Heatmap currtime: 29698207
06-19 15:07:21.458   938   959 D HeatmapThread: !@ Heatmap prevtime: 29698187
06-19 15:07:21.458   938   959 D HeatmapThread: !@ Heatmap plugstarttime: 35791394
06-19 15:07:21.458   938   959 D HeatmapThread: !@ Heatmap prevv_dsoh_update_time: 29697947
06-19 15:07:21.458   938   959 E HeatmapThread: !@ CAM New BSOH: 100
06-19 15:07:21.529   946  1090 I CompositionEngine: [setDisplaySize] size=(434, 42)
06-19 15:07:21.629   946  1090 I CompositionEngine: [setDisplaySize] size=(434, 42)
06-19 15:07:21.730   946  1090 I CompositionEngine: [setDisplaySize] size=(434, 42)
06-19 15:07:21.830   946  1090 I CompositionEngine: [setDisplaySize] size=(434, 42)
06-19 15:07:21.859  4525  5446 I SDHMS:x : SIOP:: AP:376 BAT:344 USB:332 CHG:368 PA:370 CP:367 WIFI:370 CF:365 BLK:0 SUBBAT:0 LRPTHM:366 SKIN:348 SKINF:348 SKINB:347 LRP2:348 LRF2:348 LRB2:347 AP2:348 CHG2:343 WIFI2:348 RCV2:345 SPK2:318 FCAM:333 UPSPK:368 DNSPK:333 VAP02:391 VWIFI:375 AMB2:292 AVGCUR:-446 POWER:-1663
06-19 15:07:21.931   946  1090 I CompositionEngine: [setDisplaySize] size=(434, 42)
06-19 15:07:22.042   946  1090 I CompositionEngine: [setDisplaySize] size=(434, 42)
06-19 15:07:22.114   629   629 D io_stats: !@ Read_top(KB): s.youtube.music(20167) 280 kworker/u20:8(10602) 4
06-19 15:07:22.115   629   629 D io_stats: !@ Write_top(KB): kworker/u20:8(10602) 1684
06-19 15:07:22.142   946  1090 I CompositionEngine: [setDisplaySize] size=(434, 42)
06-19 15:07:22.242   946  1090 I CompositionEngine: [setDisplaySize] size=(434, 42)
06-19 15:07:22.343   946  1090 I CompositionEngine: [setDisplaySize] size=(434, 42)
06-19 15:07:22.378  2485  3352 I ScanController: onScanResult to scannerId: 1- eventType=0x1b, addressType=0, address=XX:XX:XX:XX:AC:BD, primaryPhy=1, secondaryPhy=0, advertisingSid=0xff, txPower=127, rssi=-79, periodicAdvInt=0x0
06-19 15:07:22.379  2485  3352 I ScanController: onScanResult to scannerId: 4- eventType=0x1b, addressType=0, address=XX:XX:XX:XX:AC:BD, primaryPhy=1, secondaryPhy=0, advertisingSid=0xff, txPower=127, rssi=-79, periodicAdvInt=0x0
06-19 15:07:22.382 11142 11557 I [-0300]oneconnect[1.8.45.24_01][CORE]: DataConvert.parseBleVd - deviceBle : |name:($)-S(16)|deviceType:UNKNOWN|discoverType:_BLE|services:None|connected:false[Type]6[Index]1[MNID]0AJK[SETUPID]101[TvStatusString]EXTENSION[TvStatus]32[TvService]111[TvMirrorChannel]0[TvRegisteredDB]null[TvYear]2025[TvOcfInfo]31[TvAcmStatus]0[ExTvStatus]34[ExtendedStatus]4[ModuloSn]241
06-19 15:07:22.443   946  1090 I CompositionEngine: [setDisplaySize] size=(434, 42)
06-19 15:07:22.452   938   959 E HeatmapThread: ECT Thread time in milliseconds: 1781892442
06-19 15:07:22.457   938   959 D HeatmapThread: !@ batteryplugType : 0
06-19 15:07:22.457   938   959 D HeatmapThread: !@ batteryLevel : 23  batteryTemperature : 344 
06-19 15:07:22.457   938   959 D HeatmapThread: !@ Heatmap currtime: 29698207
06-19 15:07:22.457   938   959 D HeatmapThread: !@ Heatmap prevtime: 29698187
06-19 15:07:22.457   938   959 D HeatmapThread: !@ Heatmap plugstarttime: 35791394
06-19 15:07:22.458   938   959 D HeatmapThread: !@ Heatmap prevv_dsoh_update_time: 29697947
06-19 15:07:22.458   938   959 E HeatmapThread: !@ CAM New BSOH: 100
06-19 15:07:22.499  1224  1924 W DeviceStorageMonitorService: updateBroadcasts(/data) oldLevel:0, newLevel:0, seq:1
06-19 15:07:22.499  1224  4064 D SemWifiUsabilityStatsMonitor: onWifiUsabilityStats - seqNum 3163, isSameBssidAndFreq true
06-19 15:07:22.505  1224  1924 D DeviceStorageMonitorService: Available File Node Number is [12136273]
06-19 15:07:22.505  1224  1924 W DeviceStorageMonitorService: updateBroadcasts_filenode(/data) fn_oldLevel:0, fn_newLevel:0, seq:1
06-19 15:07:22.506  1224  2004 I SemWifiLinkQualityMonitor: Link stat: 829 / 188 / 1,59 (27) / 480 / -50.0 || 100.0 : 480,00 / 0.5 : 0,63 / 0.55 : 0,23 / G (G) || 585e86745745: 0,313 / 25,585 / N || N N / 0 0 / Y 2.0 / Y X 0 / 13712424 0 || Invalid
06-19 15:07:22.508  1224  2005 D InsDataManager: onOutageCountUpdate() - Outage Data: 0, LQ : Y. Outage Triggered: false
06-19 15:07:22.508  1224  2005 D InsDataManager: Trying to save initial normal data.
06-19 15:07:22.508  1160  1160 I CNSS    : cnss_open_log_file: directory /data/vendor/log/wifi/ created
06-19 15:07:22.509  1224  2005 E InsController: Error in onOutageCountUpdate: android.net.VpnTransportInfo cannot be cast to android.net.wifi.WifiInfo
06-19 15:07:22.509  1224  2005 D SemInsManager: {"bssid": "585e86745745","rssi": -50.0,"latency": 0.31268434737389494,"outage_count": 0,"lq_callback_triggered": true,"outage_log": "Link stat: 829 / 188 / 1,59 (27) / 480 / -50.0 || 100.0 : 480,00 / 0.5 : 0,63 / 0.55 : 0,23 / G (G) || 585e86745745: 0,313 / 25,585 / N || N N / 0 0 / Y 2.0 / Y X 0 / 13712424 0 || Invalid""Magnetic Sensor Events size": "0""Pressure Sensor Events size": "0"}
06-19 15:07:22.544   946  1090 I CompositionEngine: [setDisplaySize] size=(434, 42)
06-19 15:07:22.644   946  1090 I CompositionEngine: [setDisplaySize] size=(434, 42)
06-19 15:07:22.744   946  1090 I CompositionEngine: [setDisplaySize] size=(434, 42)
06-19 15:07:22.845   946  1090 I CompositionEngine: [setDisplaySize] size=(434, 42)
06-19 15:07:22.882  2485  3352 I ScanController: onScanResult to scannerId: 1- eventType=0x1b, addressType=0, address=XX:XX:XX:XX:AC:BD, primaryPhy=1, secondaryPhy=0, advertisingSid=0xff, txPower=127, rssi=-72, periodicAdvInt=0x0
06-19 15:07:22.883  2485  3352 I ScanController: onScanResult to scannerId: 4- eventType=0x1b, addressType=0, address=XX:XX:XX:XX:AC:BD, primaryPhy=1, secondaryPhy=0, advertisingSid=0xff, txPower=127, rssi=-72, periodicAdvInt=0x0
06-19 15:07:22.885  3015  3015 D BoundBrokerSvc: onUnbind: Intent { act=com.google.android.gms.libs.gmscorelogger.service.START dat=chimera-action:/... xflg=0x4 cmp=com.google.android.gms/.chimera.PersistentDirectBootAwareApiService }
06-19 15:07:22.892 11142 11557 I [-0300]oneconnect[1.8.45.24_01][CORE]: DataConvert.parseBleVd - deviceBle : |name:($)-S(16)|deviceType:UNKNOWN|discoverType:_BLE|services:None|connected:false[Type]6[Index]1[MNID]0AJK[SETUPID]101[TvStatusString]EXTENSION[TvStatus]32[TvService]111[TvMirrorChannel]0[TvRegisteredDB]null[TvYear]2025[TvOcfInfo]31[TvAcmStatus]0[ExTvStatus]34[ExtendedStatus]4[ModuloSn]241
06-19 15:07:22.945   946  1090 I CompositionEngine: [setDisplaySize] size=(434, 42)
06-19 15:07:23.046   946  1090 I CompositionEngine: [setDisplaySize] size=(434, 42)
06-19 15:07:23.146   946  1090 I CompositionEngine: [setDisplaySize] size=(434, 42)
06-19 15:07:23.247   946  1090 I CompositionEngine: [setDisplaySize] size=(434, 42)
06-19 15:07:23.347   946  1090 I CompositionEngine: [setDisplaySize] size=(434, 42)
06-19 15:07:23.447   946  1090 I CompositionEngine: [setDisplaySize] size=(434, 42)
06-19 15:07:23.452   938   959 E HeatmapThread: ECT Thread time in milliseconds: 1781892443
06-19 15:07:23.454   938   959 D HeatmapThread: !@ batteryplugType : 0
06-19 15:07:23.454   938   959 D HeatmapThread: !@ batteryLevel : 23  batteryTemperature : 344 
06-19 15:07:23.454   938   959 D HeatmapThread: !@ Heatmap currtime: 29698207
06-19 15:07:23.455   938   959 D HeatmapThread: !@ Heatmap prevtime: 29698187
06-19 15:07:23.455   938   959 D HeatmapThread: !@ Heatmap plugstarttime: 35791394
06-19 15:07:23.455   938   959 D HeatmapThread: !@ Heatmap prevv_dsoh_update_time: 29697947
06-19 15:07:23.455   938   959 E HeatmapThread: !@ CAM New BSOH: 100
06-19 15:07:23.548   946  1090 I CompositionEngine: [setDisplaySize] size=(434, 42)
06-19 15:07:23.648   946  1090 I CompositionEngine: [setDisplaySize] size=(434, 42)
06-19 15:07:23.749   946  1090 I CompositionEngine: [setDisplaySize] size=(434, 42)
06-19 15:07:23.849   946  1090 I CompositionEngine: [setDisplaySize] size=(434, 42)
06-19 15:07:23.959   946  1090 I CompositionEngine: [setDisplaySize] size=(434, 42)
06-19 15:07:24.061   946  1090 I CompositionEngine: [setDisplaySize] size=(434, 42)
06-19 15:07:24.161   946  1090 I CompositionEngine: [setDisplaySize] size=(434, 42)
06-19 15:07:24.262   946  1090 I CompositionEngine: [setDisplaySize] size=(434, 42)
06-19 15:07:24.362   946  1090 I CompositionEngine: [setDisplaySize] size=(434, 42)
06-19 15:07:24.452   938   959 E HeatmapThread: ECT Thread time in milliseconds: 1781892444
06-19 15:07:24.457   938   959 D HeatmapThread: !@ batteryplugType : 0
06-19 15:07:24.458   938   959 D HeatmapThread: !@ batteryLevel : 23  batteryTemperature : 344 
06-19 15:07:24.458   938   959 D HeatmapThread: !@ Heatmap currtime: 29698207
06-19 15:07:24.459   938   959 D HeatmapThread: !@ Heatmap prevtime: 29698187
06-19 15:07:24.459   938   959 D HeatmapThread: !@ Heatmap plugstarttime: 35791394
06-19 15:07:24.459   938   959 D HeatmapThread: !@ Heatmap prevv_dsoh_update_time: 29697947
06-19 15:07:24.459   938   959 E HeatmapThread: !@ CAM New BSOH: 100
06-19 15:07:24.462   946  1090 I CompositionEngine: [setDisplaySize] size=(434, 42)
06-19 15:07:24.563   946  1090 I CompositionEngine: [setDisplaySize] size=(434, 42)
06-19 15:07:24.663   946  1090 I CompositionEngine: [setDisplaySize] size=(434, 42)
06-19 15:07:24.764   946  1090 I CompositionEngine: [setDisplaySize] size=(434, 42)
06-19 15:07:24.864   946  1090 I CompositionEngine: [setDisplaySize] size=(434, 42)
06-19 15:07:24.965   946  1090 I CompositionEngine: [setDisplaySize] size=(434, 42)
06-19 15:07:25.001  1160  1160 I CNSS    : /sys/wifi/max_chipset_log_size doesn't exist
06-19 15:07:25.065   946  1090 I CompositionEngine: [setDisplaySize] size=(434, 42)
06-19 15:07:25.166   946  1090 I CompositionEngine: [setDisplaySize] size=(434, 42)
06-19 15:07:25.266   946  1090 I CompositionEngine: [setDisplaySize] size=(434, 42)
06-19 15:07:25.367   946  1090 I CompositionEngine: [setDisplaySize] size=(434, 42)
06-19 15:07:25.452   938   959 E HeatmapThread: ECT Thread time in milliseconds: 1781892445
06-19 15:07:25.456   938   959 D HeatmapThread: !@ batteryplugType : 0
06-19 15:07:25.456   938   959 D HeatmapThread: !@ batteryLevel : 23  batteryTemperature : 344 
06-19 15:07:25.456   938   959 D HeatmapThread: !@ Heatmap currtime: 29698207
06-19 15:07:25.456   938   959 D HeatmapThread: !@ Heatmap prevtime: 29698187
06-19 15:07:25.457   938   959 D HeatmapThread: !@ Heatmap plugstarttime: 35791394
06-19 15:07:25.457   938   959 D HeatmapThread: !@ Heatmap prevv_dsoh_update_time: 29697947
06-19 15:07:25.457   938   959 E HeatmapThread: !@ CAM New BSOH: 100
06-19 15:07:25.467   946  1090 I CompositionEngine: [setDisplaySize] size=(434, 42)
06-19 15:07:25.531  1224  4064 D SemWifiUsabilityStatsMonitor: onWifiUsabilityStats - seqNum 3164, isSameBssidAndFreq true
06-19 15:07:25.533  1224  2004 I SemWifiLinkQualityMonitor: Link stat: 1030 / 6 / 1,25 (30) / 540 / -49.0 || 100.0 : 540,00 / 0.5 : 0,80 / 0.55 : 0,01 / G (G) || 585e86745745: 0,087 / 91,705 / N || N N / 0 0 / Y 2.0 / Y X 0 / 13715455 0 || Invalid
06-19 15:07:25.535  1224  2005 D InsDataManager: onOutageCountUpdate() - Outage Data: 0, LQ : Y. Outage Triggered: false
06-19 15:07:25.535  1224  2005 D InsDataManager: Trying to save initial normal data.
06-19 15:07:25.536  1224  2005 E InsController: Error in onOutageCountUpdate: android.net.VpnTransportInfo cannot be cast to android.net.wifi.WifiInfo
06-19 15:07:25.536  1224  2005 D SemInsManager: {"bssid": "585e86745745","rssi": -49.0,"latency": 0.0872366898148148,"outage_count": 0,"lq_callback_triggered": true,"outage_log": "Link stat: 1030 / 6 / 1,25 (30) / 540 / -49.0 || 100.0 : 540,00 / 0.5 : 0,80 / 0.55 : 0,01 / G (G) || 585e86745745: 0,087 / 91,705 / N || N N / 0 0 / Y 2.0 / Y X 0 / 13715455 0 || Invalid""Magnetic Sensor Events size": "0""Pressure Sensor Events size": "0"}
06-19 15:07:25.567   946  1090 I CompositionEngine: [setDisplaySize] size=(434, 42)
06-19 15:07:25.668   946  1090 I CompositionEngine: [setDisplaySize] size=(434, 42)
06-19 15:07:25.778   946  1090 I CompositionEngine: [setDisplaySize] size=(434, 42)
06-19 15:07:25.878   946  1090 I CompositionEngine: [setDisplaySize] size=(434, 42)
06-19 15:07:25.979   946  1090 I CompositionEngine: [setDisplaySize] size=(434, 42)
06-19 15:07:26.079   946  1090 I CompositionEngine: [setDisplaySize] size=(434, 42)
06-19 15:07:26.117   629   629 D io_stats: !@   8,0 r 3510878 81745896 w 855123 23189096 d 106503 15640220 f 26182 79480 iot 452240 0 th 0 0 0 pt 0 inp 0 0 13716.041
06-19 15:07:26.118   629   629 D io_stats: !@ Read_top(KB): kworker/u20:0(12699) 4 cnss_diag(1160) 4
06-19 15:07:26.118   629   629 D io_stats: !@ Write_top(KB): kworker/u20:0(12699) 1952 soft.appmanager(21608) 16
06-19 15:07:26.179   946  1090 I CompositionEngine: [setDisplaySize] size=(434, 42)
06-19 15:07:26.280   946  1090 I CompositionEngine: [setDisplaySize] size=(434, 42)
06-19 15:07:26.380   946  1090 I CompositionEngine: [setDisplaySize] size=(434, 42)
06-19 15:07:26.452   938   959 E HeatmapThread: ECT Thread time in milliseconds: 1781892446
06-19 15:07:26.458   938   959 D HeatmapThread: !@ batteryplugType : 0
06-19 15:07:26.458   938   959 D HeatmapThread: !@ batteryLevel : 23  batteryTemperature : 344 
06-19 15:07:26.458   938   959 D HeatmapThread: !@ Heatmap currtime: 29698207
06-19 15:07:26.458   938   959 D HeatmapThread: !@ Heatmap prevtime: 29698187
06-19 15:07:26.458   938   959 D HeatmapThread: !@ Heatmap plugstarttime: 35791394
06-19 15:07:26.458   938   959 D HeatmapThread: !@ Heatmap prevv_dsoh_update_time: 29697947
06-19 15:07:26.458   938   959 E HeatmapThread: !@ CAM New BSOH: 100
06-19 15:07:26.481   946  1090 I CompositionEngine: [setDisplaySize] size=(434, 42)
06-19 15:07:26.581   946  1090 I CompositionEngine: [setDisplaySize] size=(434, 42)
06-19 15:07:26.682   946  1090 I CompositionEngine: [setDisplaySize] size=(434, 42)
06-19 15:07:26.782   946  1090 I CompositionEngine: [setDisplaySize] size=(434, 42)
06-19 15:07:26.883   946  1090 I CompositionEngine: [setDisplaySize] size=(434, 42)
06-19 15:07:26.908  2495  2495 I wpa_supplicant: Heartbeat 1481
06-19 15:07:26.983   946  1090 I CompositionEngine: [setDisplaySize] size=(434, 42)
06-19 15:07:27.084   946  1090 I CompositionEngine: [setDisplaySize] size=(434, 42)
06-19 15:07:27.100   876 15748 D soundtrigger_hw_primary: callback_thread_loop: POLLIN event occurs. event_type[0x12]
06-19 15:07:27.100   876 15748 D soundtrigger_hw_primary: callback_thread_loop: onDetected!
06-19 15:07:27.100   876 15748 I soundtrigger_hw_primary: callback_thread_loop send callback model 1
06-19 15:07:27.102  1224  1953 W SoundTriggerModule: phraseRecognitionCallback called
06-19 15:07:27.102   876 15748 I soundtrigger_hw_primary: callback_thread_loop google Event Triggerred
06-19 15:07:27.102   876 15748 I soundtrigger_hw_primary: callback_thread_loop Streaming Enabled for google
06-19 15:07:27.102   876 15748 V soundtrigger_hw_primary: stdev_active_callback_bitmask: (0)
06-19 15:07:27.102   876 15748 I soundtrigger_hw_primary: callback_thread_loop: no active callback, terminate the thread loop
06-19 15:07:27.102   876 15748 I soundtrigger_hw_primary: callback_thread_loop: exit
06-19 15:07:27.102  1224  1953 W SoundTriggerModule: phraseRecognitionCallback called to upper layer
06-19 15:07:27.105  1224  1224 I SoundTriggerHelper: Recognition success
06-19 15:07:27.107  1224  1953 I SoundTriggerMiddlewareLogging: RECOGNITION (1, PhraseRecognitionEventSys{phraseRecognitionEvent: PhraseRecognitionEvent{common: RecognitionEvent{status: 0, type: 0, captureAvailable: true, captureDelayMs: 0, capturePreambleMs: 0, triggerInData: false, audioConfig: AudioConfig{base: AudioConfigBase{sampleRate: 16000, channelMask: AudioChannelLayout.layoutMask(1), format: AudioFormatDescription{type: 1, pcm: 1, encoding: }}, offloadInfo: AudioOffloadInfo{base: AudioConfigBase{sampleRate: 0, channelMask: AudioChannelLayout.none(0), format: AudioFormatDescription{type: 0, pcm: 0, encoding: }}, streamType: 0, bitRatePerSecond: 0, durationUs: 0, hasVideo: false, isStreaming: false, bitWidth: 0, offloadBufferSize: 0, usage: 0, encapsulationMode: -1, contentId: 0, syncId: 0}, frameCount: 0}, data: [], recognitionStillActive: false}, phraseExtras: [PhraseRecognitionExtra{id: 101, recognitionModes: 1, confidenceLevel: 100, levels: [ConfidenceLevel{userId: 0, levelPercent: 100}]}]}, halEventReceivedMillis: 15582907, token: android.os.Binder@8c4d8df}, 73)
06-19 15:07:27.111  8284  8564 W ProxyAndroidLoggerBackend: Too many Flogger logs received before configuration. Dropping old logs.
06-19 15:07:27.111  8284  8564 W ProxyAndroidLoggerBackend: Too many Flogger logs received before configuration. Dropping old logs.
06-19 15:07:27.111  8284  8564 W ProxyAndroidLoggerBackend: Too many Flogger logs received before configuration. Dropping old logs.
06-19 15:07:27.112  8284  8564 W ProxyAndroidLoggerBackend: Too many Flogger logs received before configuration. Dropping old logs.
06-19 15:07:27.114  8284  8564 E word_detector_0: RecordingActivityTracker(): binding to audio service failed, service up?
06-19 15:07:27.117   932  1943 V APM_AudioPolicyManager: getInputForAttr() source 1999, sampling rate 16000, format 0x1, channel mask 0x10, session 73, flags 0 attributes={ Content type: AUDIO_CONTENT_TYPE_UNKNOWN Usage: AUDIO_USAGE_UNKNOWN Source: AUDIO_SOURCE_HOTWORD Flags: 0x800 Tags:  } requested device ID 0
06-19 15:07:27.118  1224  2680 I EDMNativeHelperService: isMicrophoneEnabled
06-19 15:07:27.118  1224  2680 D RestrictionPolicy: userId: 0, isMicrophoneEnabledAsUser : true
06-19 15:07:27.119   932  1943 V APM_AudioPolicyManager: getInputForAttr found device type is 0x80000004
06-19 15:07:27.120   932  1943 V APM_AudioPolicyManager: SoundTrigger capture on session 73 input 30
06-19 15:07:27.120   932  1943 I MultiRecordManager: openMultiRecordAllowed() skipMultiRecord 1, openMultiRecordAllowed 0, moduleName primary, source 1999, flag 0x2
06-19 15:07:27.120   932  1943 I MultiRecordManager: openInputStream() skipMultiRecord
06-19 15:07:27.121   876 11828 D audio_hw_primary: device-adev_open_input_stream: enter: io_handle (30), sample_rate(16000) channel_mask(0x10) format(0x1) framecount(0) devices(0x80000004) flags(0x2) sources(1999)
06-19 15:07:27.121   876 11828 D audio_hw_HalOdmAdapter: device-openInputStream: Requested to open VTS Seamless input
06-19 15:07:27.121   876 11828 I audio_hw_proxy2: proxy-proxy_create_capture_stream: opened Proxy Stream(hotword_in)
06-19 15:07:27.121   876 11828 I audio_hw_primary: hotword_in-adev_open_input_stream: transited to Standby
06-19 15:07:27.121   876 11828 D audio_hw_HalOdmAdapter: (initPreprocessingLatency[1364]) : preprocessing_latency = 0
06-19 15:07:27.121   876 11828 I audio_hw_primary: device-adev_open_input_stream: opened hotword_in stream: io_handle (30)
06-19 15:07:27.121   876 11828 D audio_hw_capture: hotword_in-in_update_sink_metadata: called
06-19 15:07:27.121   876 11828 D audio_hw_capture: hotword_in-in_update_sink_metadata: This stream has 1 tracks
06-19 15:07:27.121   876 11828 D audio_hw_capture: in_update_sink_metadata: 1 Track has Source(1999), Gain(1.000000)
06-19 15:07:27.121   876 11828 D audio_hw_capture: in_update_sink_metadata: 1 Track usage : hotword_seamless)
06-19 15:07:27.122   876 32190 V sec_audio_hw: sec_dev_open_audio_stream: enter: handle 30, type 1, tag 
06-19 15:07:27.122   876 32190 V sec_audio_hw: sec_dev_open_audio_stream: exit
06-19 15:07:27.123   932  1943 E AudioEffectStageHandle: command DEAD_OBJECT
06-19 15:07:27.123   932 15789 I AudioFlinger: AudioFlinger's thread 0xb400007d80f68918 tid=15789 ready to run
06-19 15:07:27.125   932  1943 V APM_AudioPolicyManager: getInputForAttr() returns input 30 selectedDeviceId 16 vdi 0 for port ID 826
06-19 15:07:27.128   932 14744 D NativePermissionController: checkPermission: missing 13 for 10147
06-19 15:07:27.128   932   932 D NativePermissionController: checkPermission: missing 13 for 10273
06-19 15:07:27.129  8284  8564 W ProxyAndroidLoggerBackend: Too many Flogger logs received before configuration. Dropping old logs.
06-19 15:07:27.129  8284 29819 W ProxyAndroidLoggerBackend: Too many Flogger logs received before configuration. Dropping old logs.
06-19 15:07:27.129  8284 29819 W ProxyAndroidLoggerBackend: Too many Flogger logs received before configuration. Dropping old logs.
06-19 15:07:27.129  8284  8564 I native  : I0000 00:00:1781892447.129777    8564 soda_client.cc:338] Starting capture.
06-19 15:07:27.129   932 20007 D NativePermissionController: checkPermission: missing 13 for 10595
06-19 15:07:27.129  8284  8564 I native  : I0000 00:00:1781892447.129914    8564 soda_async_impl.cc:652] SODA session starting (require_hotword:1, hotword_timeout_in_millis:3000, trigger_type:TRIGGER_TYPE_UNSPECIFIED, hybrid_asr_config.mode:MODE_DEFAULT)
06-19 15:07:27.129  8284  8564 I native  : I0000 00:00:1781892447.129973    8564 hotword_processor.cc:504] Updated hotword timeout: 3000
06-19 15:07:27.130   932  4167 D NativePermissionController: checkPermission: missing 13 for 10334
06-19 15:07:27.130   932  4167 D NativePermissionController: checkPermission: missing 13 for 10595
06-19 15:07:27.131   932 19268 D NativePermissionController: checkPermission: missing 13 for 10362
06-19 15:07:27.131   932 20008 D NativePermissionController: checkPermission: missing 13 for 10362
06-19 15:07:27.131   932 14744 D NativePermissionController: checkPermission: missing 13 for 10147
06-19 15:07:27.132   932 14744 D NativePermissionController: checkPermission: missing 13 for 10273
06-19 15:07:27.132   932   932 V APM_AudioPolicyManager: setAppState(portId:826, state:2)
06-19 15:07:27.132   932   932 V APM_AudioPolicyManager: setAppState(portId:826, state:1)
06-19 15:07:27.132   932   932 V APM_AudioPolicyManager: startInput portId 826
06-19 15:07:27.132   932   932 V APM_AudioPolicyManager: startInput input:30, session:73)
06-19 15:07:27.132  1224  2648 I EDMNativeHelperService: nativeLoggerEventAsUser
06-19 15:07:27.133  8284 29824 W ProxyAndroidLoggerBackend: Too many Flogger logs received before configuration. Dropping old logs.
06-19 15:07:27.134   876 11828 D audio_hw_capture: hotword_in-in_update_sink_metadata: called
06-19 15:07:27.134   876 11828 D audio_hw_capture: hotword_in-in_update_sink_metadata: This stream has 1 tracks
06-19 15:07:27.134   876 11828 D audio_hw_capture: in_update_sink_metadata: 1 Track has Source(1999), Gain(1.000000)
06-19 15:07:27.134   876 11828 D audio_hw_capture: in_update_sink_metadata: 1 Track usage : hotword_seamless)
06-19 15:07:27.134   876   928 I audio_hw_primary: adev_create_audio_patch: num_sources[1] num_sinks[1] source_type[1] patchHandle[0] 
06-19 15:07:27.134   876   928 D audio_hw_primary: hotword_in-adev_create_audio_patch: io_handle[30]
06-19 15:07:27.134   876   928 I audio_hw_primary: hotword_in-adev_create_audio_patch: new patch handle(209) was allocated
06-19 15:07:27.134   876   928 D audio_hw_capture: hotword_in-route_capture_device
06-19 15:07:27.134   876   928 D audio_hw_capture: hotword_in-route_capture_device: exit - CAPTURE_HOTWORD
06-19 15:07:27.135   876   928 D audio_hw_capture: hotword_in-in_update_sink_metadata: called
06-19 15:07:27.135   876   928 D audio_hw_capture: hotword_in-in_update_sink_metadata: This stream has 1 tracks
06-19 15:07:27.135   876   928 D audio_hw_capture: in_update_sink_metadata: 1 Track has Source(1999), Gain(1.000000)
06-19 15:07:27.135   876   928 D audio_hw_capture: in_update_sink_metadata: 1 Track usage : hotword_seamless)
06-19 15:07:27.136   932   932 V APM_AudioPolicyManager: setInputDevice() AF::createAudioPatch returned 0 patchHandle 1820 num_sources 1 num_sinks 1
06-19 15:07:27.137   932  1185 D AudioFlinger: setParameters: filtered dev setParameters keyvalue l_=0
06-19 15:07:27.137   876   928 V sec_audio_hw: sec_dev_set_parameters : l_=0
06-19 15:07:27.137   876   928 D audio_hw_primary: device-adev_set_parameters: enter
06-19 15:07:27.137   876   928 D audio_hw_primary: device-adev_set_parameters: param (l_=0)
06-19 15:07:27.138   932   932 V APM_AudioPolicyManager: startInput input 30 source = 1999 status = 0 exit
06-19 15:07:27.138   932 14744 D NativePermissionController: checkPermission: missing 13 for 10362
06-19 15:07:27.139   932 19266 D NativePermissionController: checkPermission: missing 13 for 10678
06-19 15:07:27.139   876   928 V audio_hw_capture: in_set_microphone_direction
06-19 15:07:27.139   876   928 W StreamHAL: Error from HAL stream in function set_microphone_direction: Function not implemented
06-19 15:07:27.140   876   928 V audio_hw_capture: in_set_microphone_field_dimension
06-19 15:07:27.140   876   928 W StreamHAL: Error from HAL stream in function set_microphone_field_dimension: Function not implemented
06-19 15:07:27.140   932  1031 D NativePermissionController: checkPermission: missing 13 for 10147
06-19 15:07:27.140  8284 29819 W ProxyAndroidLoggerBackend: Too many Flogger logs received before configuration. Dropping old logs.
06-19 15:07:27.140   876 15795 I audio_hw_capture: hotword_in-in_read: transited to Ready
06-19 15:07:27.140   876 15795 V soundtrigger_hw_primary: sound_trigger_open_for_streaming
06-19 15:07:27.140   876 15795 I soundtrigger_hw_primary: sound_trigger_open_for_streaming: Opening PCM Device /dev/snd/pcmC0D28c
06-19 15:07:27.141   876 15795 D soundtrigger_hw_primary: stdev_pcm_open: success, pcm_id: 28
06-19 15:07:27.141   876 15795 I audio_hw_proxy2: Opened STHAL PCM Node successfully
06-19 15:07:27.141   876 15795 I audio_hw_capture: hotword_in-in_read: transited to Idle
06-19 15:07:27.141   876 15795 I audio_hw_capture: hotword_in-in_read: transited to Capturing
06-19 15:07:27.142   932 20007 D NativePermissionController: checkPermission: missing 13 for 10789
06-19 15:07:27.142   932  4167 D NativePermissionController: checkPermission: missing 13 for 10334
06-19 15:07:27.142   932 19268 D NativePermissionController: checkPermission: missing 13 for 10273
06-19 15:07:27.142   932 10369 D NativePermissionController: checkPermission: missing 13 for 10595
06-19 15:07:27.144   932 19266 D NativePermissionController: checkPermission: missing 13 for 10678
06-19 15:07:27.144   932  1943 D NativePermissionController: checkPermission: missing 13 for 10362
06-19 15:07:27.144   932   932 D NativePermissionController: checkPermission: missing 13 for 10147
06-19 15:07:27.145   932 20007 D NativePermissionController: checkPermission: missing 13 for 10789
06-19 15:07:27.145   932  1031 D NativePermissionController: checkPermission: missing 13 for 10273
06-19 15:07:27.146   932 15613 D NativePermissionController: checkPermission: missing 13 for 10334
06-19 15:07:27.147   932 19268 D NativePermissionController: checkPermission: missing 13 for 10595
06-19 15:07:27.147   932 14744 D NativePermissionController: checkPermission: missing 13 for 10362
06-19 15:07:27.147   932 14743 D NativePermissionController: checkPermission: missing 13 for 10147
06-19 15:07:27.149   932 10369 D NativePermissionController: checkPermission: missing 13 for 10273
06-19 15:07:27.149   932 15613 D NativePermissionController: checkPermission: missing 13 for 10334
06-19 15:07:27.150   932 20007 D NativePermissionController: checkPermission: missing 13 for 10147
06-19 15:07:27.150   932  1031 D NativePermissionController: checkPermission: missing 13 for 10678
06-19 15:07:27.150   932 19268 D NativePermissionController: checkPermission: missing 13 for 10789
06-19 15:07:27.150   932 19266 D NativePermissionController: checkPermission: missing 13 for 10595
06-19 15:07:27.150   932 14743 D NativePermissionController: checkPermission: missing 13 for 10362
06-19 15:07:27.150   932  1031 D NativePermissionController: checkPermission: missing 13 for 10273
06-19 15:07:27.150   932 20007 D NativePermissionController: checkPermission: missing 13 for 10789
06-19 15:07:27.151   932 19266 D NativePermissionController: checkPermission: missing 13 for 10678
06-19 15:07:27.151  1224  2308 I AudioService.RecordingActivityMonitor: rec start riid:-1 uid:99000 session:73 src:HOTWORD not silenced pack:com.google.android.googlequicksearchbox
06-19 15:07:27.152   932 19274 D NativePermissionController: checkPermission: missing 13 for 10334
06-19 15:07:27.152   932 14743 D NativePermissionController: checkPermission: missing 13 for 10678
06-19 15:07:27.152   932 19274 D NativePermissionController: checkPermission: missing 13 for 10678
06-19 15:07:27.153   932 19274 D NativePermissionController: checkPermission: missing 13 for 10362
06-19 15:07:27.153   932 19274 D NativePermissionController: checkPermission: missing 13 for 10362
06-19 15:07:27.153   932  4167 D NativePermissionController: checkPermission: missing 13 for 10273
06-19 15:07:27.153   932  4167 D NativePermissionController: checkPermission: missing 13 for 10789
06-19 15:07:27.154   932  4167 D NativePermissionController: checkPermission: missing 13 for 10789
06-19 15:07:27.154   932 19274 D NativePermissionController: checkPermission: missing 13 for 10147
06-19 15:07:27.154   932  4167 D NativePermissionController: checkPermission: missing 13 for 10595
06-19 15:07:27.155   932 20002 D NativePermissionController: checkPermission: missing 13 for 10678
06-19 15:07:27.155   932 19274 D NativePermissionController: checkPermission: missing 13 for 10789
06-19 15:07:27.155   932 20002 D NativePermissionController: checkPermission: missing 13 for 10334
06-19 15:07:27.156   932 20002 D NativePermissionController: checkPermission: missing 13 for 10334
06-19 15:07:27.156   932 20002 D NativePermissionController: checkPermission: missing 13 for 10334
06-19 15:07:27.156   932  4167 D NativePermissionController: checkPermission: missing 13 for 10147
06-19 15:07:27.157   932 20002 D NativePermissionController: checkPermission: missing 13 for 10334
06-19 15:07:27.157   932  4167 D NativePermissionController: checkPermission: missing 13 for 10273
06-19 15:07:27.157   932 20002 D NativePermissionController: checkPermission: missing 13 for 10334
06-19 15:07:27.158   932 19274 D NativePermissionController: checkPermission: missing 13 for 10789
06-19 15:07:27.158   932 19274 D NativePermissionController: checkPermission: missing 13 for 10678
06-19 15:07:27.158   932 20002 D NativePermissionController: checkPermission: missing 13 for 10595
06-19 15:07:27.159   932 19274 D NativePermissionController: checkPermission: missing 13 for 10595
06-19 15:07:27.163  8284 29819 W ProxyAndroidLoggerBackend: Too many Flogger logs received before configuration. Dropping old logs.
06-19 15:07:27.164  8284  8697 I native  : I0000 00:00:1781892447.163956    8697 soda_async_impl.cc:1400] SODA received first mic audio buffer, size in bytes: 320, format: 1, channels: 1, sample rate: 16000
06-19 15:07:27.183   946  1090 I CompositionEngine: [setDisplaySize] size=(434, 42)
06-19 15:07:27.246   932 20002 D NativePermissionController: checkPermission: missing 13 for 10362
06-19 15:07:27.246   932 19274 D NativePermissionController: checkPermission: missing 13 for 10147
06-19 15:07:27.247   932 20002 D NativePermissionController: checkPermission: missing 13 for 10147
06-19 15:07:27.247   932  4167 D NativePermissionController: checkPermission: missing 13 for 10362
06-19 15:07:27.247   932 14743 D NativePermissionController: checkPermission: missing 13 for 10273
06-19 15:07:27.248   932 14743 D NativePermissionController: checkPermission: missing 13 for 10273
06-19 15:07:27.250   932 14743 D NativePermissionController: checkPermission: missing 13 for 10595
06-19 15:07:27.251   932 14743 D NativePermissionController: checkPermission: missing 13 for 10595
06-19 15:07:27.252   932 19274 D NativePermissionController: checkPermission: missing 13 for 10362
06-19 15:07:27.252   932 14743 D NativePermissionController: checkPermission: missing 13 for 10147
06-19 15:07:27.253   932 14743 D NativePermissionController: checkPermission: missing 13 for 10273
06-19 15:07:27.253   932 19274 D NativePermissionController: checkPermission: missing 13 for 10147
06-19 15:07:27.254   932 14743 D NativePermissionController: checkPermission: missing 13 for 10273
06-19 15:07:27.254   932  4167 D NativePermissionController: checkPermission: missing 13 for 10362
06-19 15:07:27.255   932 14743 D NativePermissionController: checkPermission: missing 13 for 10595
06-19 15:07:27.256   932 14743 D NativePermissionController: checkPermission: missing 13 for 10595
06-19 15:07:27.284   946  1090 I CompositionEngine: [setDisplaySize] size=(434, 42)
06-19 15:07:27.384   946  1090 I CompositionEngine: [setDisplaySize] size=(434, 42)
06-19 15:07:27.452   938   959 E HeatmapThread: ECT Thread time in milliseconds: 1781892447
06-19 15:07:27.456   938   959 D HeatmapThread: !@ batteryplugType : 0
06-19 15:07:27.457   938   959 D HeatmapThread: !@ batteryLevel : 23  batteryTemperature : 344 
06-19 15:07:27.458   938   959 D HeatmapThread: !@ Heatmap currtime: 29698207
06-19 15:07:27.458   938   959 D HeatmapThread: !@ Heatmap prevtime: 29698187
06-19 15:07:27.458   938   959 D HeatmapThread: !@ Heatmap plugstarttime: 35791394
06-19 15:07:27.458   938   959 D HeatmapThread: !@ Heatmap prevv_dsoh_update_time: 29697947
06-19 15:07:27.459   938   959 E HeatmapThread: !@ CAM New BSOH: 100
06-19 15:07:27.485   946  1090 I CompositionEngine: [setDisplaySize] size=(434, 42)
06-19 15:07:27.585   946  1090 I CompositionEngine: [setDisplaySize] size=(434, 42)
06-19 15:07:27.636  8284  8697 I native  : I0000 00:00:1781892447.636035    8697 soda_async_impl.cc:1156] Not receiving any loopback audio in 500ms. Last audio received time: 1969-12-31T21:00:00-03:00, Current time: 2026-06-19T15:07:27.636031377-03:00
06-19 15:07:27.686   946  1090 I CompositionEngine: [setDisplaySize] size=(434, 42)
06-19 15:07:27.786   946  1090 I CompositionEngine: [setDisplaySize] size=(434, 42)
06-19 15:07:27.886   946  1090 I CompositionEngine: [setDisplaySize] size=(434, 42)
06-19 15:07:27.918  9692  9692 I adbd    : adbd service requested 'shell,v2:export ANDROID_LOG_TAGS="''"; exec logcat '-d''
06-19 15:07:27.986   946  1090 I CompositionEngine: [setDisplaySize] size=(434, 42)
