06-19 15:06:56.276  1224  2627 D SurfaceComposerClient: setCornerRadius ## 2b67f36 br.com.snapdark.apps.nutreai/br.com.snapdark.apps.nutreai.MainActivity#7101 cornerRadius=0.000000
06-19 15:06:56.277  2226  2928 D VRI[ScreenDecorOverlay]@6e0aaff: registerCallbacksForSync syncBuffer=false
06-19 15:06:56.278  2226  2354 D VRI[ScreenDecorOverlay]@6e0aaff: Received frameDrawingCallback syncResult=0 frameNum=1.
06-19 15:06:56.278  2226  2354 I VRI[ScreenDecorOverlay]@6e0aaff: mWNT: t=0xb400006e88db66d0 mBlastBufferQueue=0xb400006f08f60770 fn= 1 HdrRenderState mRenderHdrSdrRatio=1.0 caller= android.view.ViewRootImpl$12.onFrameDraw:15441 android.view.ThreadedRenderer$1.onFrameDraw:718 <bottom of call stack> 
06-19 15:06:56.278  2226  2354 I VRI[ScreenDecorOverlay]@6e0aaff: Setting up sync and frameCommitCallback
06-19 15:06:56.279  2226  2356 I BLASTBufferQueue: [VRI[ScreenDecorOverlay]@6e0aaff#282](f:0,a:0,s:0) onFrameAvailable the first frame is available
06-19 15:06:56.279  2226  2356 I VRI[ScreenDecorOverlay]@6e0aaff: Received frameCommittedCallback lastAttemptedDrawFrameNum=1 didProduceBuffer=true
06-19 15:06:56.279   946  2089 I SurfaceFlinger: [ScreenDecorOverlay$_2226#7140] setTransactionState with the first frame. bufferData(ID: 9560597204490, frameNumber: 1)
06-19 15:06:56.280  2226  2356 D HWUI    : CFMS:: SetUp Pid : 2226    Tid : 2356
06-19 15:06:56.280  2226  2928 D VRI[ScreenDecorOverlay]@6e0aaff: reportDrawFinished seqId=0
06-19 15:06:56.280  1224  2680 D WindowManager: finishDrawingWindow: Window{5563f81 u0 ScreenDecorOverlay} mDrawState=DRAW_PENDING seqId=0
06-19 15:06:56.281  1224  1300 D SurfaceComposerClient: setCornerRadius ## 2b67f36 br.com.snapdark.apps.nutreai/br.com.snapdark.apps.nutreai.MainActivity#7101 cornerRadius=0.000000
06-19 15:06:56.281  1224  1300 V WindowManager: performShowLocked: mDrawState=HAS_DRAWN in Window{5563f81 u0 ScreenDecorOverlay}
06-19 15:06:56.281  1224  1300 D SurfaceComposerClient: setCornerRadius ## 2b67f36 br.com.snapdark.apps.nutreai/br.com.snapdark.apps.nutreai.MainActivity#7101 cornerRadius=0.000000
06-19 15:06:56.282  1224  2627 I WindowManager: Relayout Window{5a652bd u0 ScreenDecorOverlayBottom}: viewVisibility=0 req=1080x84 ty=2024 d0
06-19 15:06:56.282   946  2089 I SurfaceFlinger: id=7141 createSurf, flag=44044, ScreenDecorOverlayBottom$_2226#7141
06-19 15:06:56.282  1224  2627 D WindowManager: makeSurface duration=0 name=ScreenDecorOverlayBottom$_2226
06-19 15:06:56.282  1224  2627 D SurfaceComposerClient: setCornerRadius ## 2b67f36 br.com.snapdark.apps.nutreai/br.com.snapdark.apps.nutreai.MainActivity#7101 cornerRadius=0.000000
06-19 15:06:56.282   946  1090 I CompositionEngine: [setDisplaySize] size=(434, 42)
06-19 15:06:56.282  1224  2627 D SurfaceComposerClient: setCornerRadius ## 2b67f36 br.com.snapdark.apps.nutreai/br.com.snapdark.apps.nutreai.MainActivity#7101 cornerRadius=0.000000
06-19 15:06:56.284  1224  2627 I WindowManager: Relayout hash=5a652bd, pid=2226, syncId=-1: mAttrs={(0,0)(fillxwrap) gr=BOTTOM CENTER_VERTICAL sim={adjust=pan} layoutInDisplayCutoutMode=always ty=NAVIGATION_BAR_PANEL fmt=TRANSLUCENT
06-19 15:06:56.284  1224  2627 I WindowManager:   fl=21000138
06-19 15:06:56.284  1224  2627 I WindowManager:   pfl=31100050
06-19 15:06:56.284  1224  2627 I WindowManager:   vsysui=100
06-19 15:06:56.284  1224  2627 I WindowManager:   bhv=1
06-19 15:06:56.284  1224  2627 I WindowManager:   frameRateBoostOnTouch=true
06-19 15:06:56.284  1224  2627 I WindowManager:   dvrrWindowFrameRateHint=true naviIconColor=0}
06-19 15:06:56.285  2226  2928 I BLASTBufferQueue_Java: new BLASTBufferQueue, mName= VRI[ScreenDecorOverlayBottom]@ce61791 mNativeObject= 0xb400006f08f9eb50 caller= android.view.ViewRootImpl.updateBlastSurfaceIfNeeded:3585 android.view.ViewRootImpl.relayoutWindow:11685 android.view.ViewRootImpl.performTraversals:4804 android.view.ViewRootImpl.doTraversal:3924 android.view.ViewRootImpl$TraversalRunnable.run:12903 android.view.Choreographer$CallbackRecord.run:1901 android.view.Choreographer$CallbackRecord.run:1910 android.view.Choreographer.doCallbacks:1367 android.view.Choreographer.doFrame:1292 android.view.Choreographer$FrameDisplayEventReceiver.run:1870 
06-19 15:06:56.285  2226  2928 I BLASTBufferQueue_Java: update, w= 1080 h= 84 mName = VRI[ScreenDecorOverlayBottom]@ce61791 mNativeObject= 0xb400006f08f9eb50 sc.mNativeObject= 0xb400006dd8c3b090 format= -3 caller= android.view.ViewRootImpl.updateBlastSurfaceIfNeeded:3590 android.view.ViewRootImpl.relayoutWindow:11685 android.view.ViewRootImpl.performTraversals:4804 android.view.ViewRootImpl.doTraversal:3924 android.view.ViewRootImpl$TraversalRunnable.run:12903 android.view.Choreographer$CallbackRecord.run:1901 
06-19 15:06:56.286  2226  2928 I VRI[ScreenDecorOverlayBottom]@ce61791: Relayout returned: old=(0,0,1080,2340) new=(0,2256,1080,2340) relayoutAsync=false req=(1080,84)0 dur=5 res=0x3 s={true 0xb400006e7934e050} ch=true seqId=0
06-19 15:06:56.287  2226  2928 I VRI[ScreenDecorOverlayBottom]@ce61791: performConfigurationChange setNightDimText nightDimLevel=0
06-19 15:06:56.288  2226  2928 D VRI[ScreenDecorOverlayBottom]@ce61791: mThreadedRenderer.initialize() mSurface={isValid=true 0xb400006e7934e050} hwInitialized=true
06-19 15:06:56.289  1224  2627 D SurfaceComposerClient: setCornerRadius ## 2b67f36 br.com.snapdark.apps.nutreai/br.com.snapdark.apps.nutreai.MainActivity#7101 cornerRadius=0.000000
06-19 15:06:56.289  1224  2627 D SurfaceComposerClient: setCornerRadius ## 2b67f36 br.com.snapdark.apps.nutreai/br.com.snapdark.apps.nutreai.MainActivity#7101 cornerRadius=0.000000
06-19 15:06:56.289   946   946 I SurfaceFlinger: RequestedLayer [WindowToken{59eca14 type=2024 android.os.BinderProxy@811bc67}#7138] hidden!! flag  from(1) --> to(0)
06-19 15:06:56.289   946   946 I SurfaceFlinger: RequestedLayer [5a652bd ScreenDecorOverlayBottom#7139] hidden!! flag  from(1) --> to(0)
06-19 15:06:56.289  2226  2928 D VRI[ScreenDecorOverlayBottom]@ce61791: reportNextDraw android.view.ViewRootImpl.performTraversals:5443 android.view.ViewRootImpl.doTraversal:3924 android.view.ViewRootImpl$TraversalRunnable.run:12903 android.view.Choreographer$CallbackRecord.run:1901 android.view.Choreographer$CallbackRecord.run:1910 
06-19 15:06:56.289   946   946 I SurfaceFlinger: [ScreenDecorOverlayBottom$_2226#7141] attach to parent LayerHierarchy{RequestedLayerState{5a652bd ScreenDecorOverlayBottom#7139 parentId=7138} 1 children}
06-19 15:06:56.289  2226  2928 D VRI[ScreenDecorOverlayBottom]@ce61791: Setup new sync=wmsSync-VRI[ScreenDecorOverlayBottom]@ce61791#44
06-19 15:06:56.289  2226  2928 I VRI[ScreenDecorOverlayBottom]@ce61791: Creating new active sync group VRI[ScreenDecorOverlayBottom]@ce61791#45
06-19 15:06:56.290  2226  2928 D VRI[ScreenDecorOverlayBottom]@ce61791: registerCallbacksForSync syncBuffer=false
06-19 15:06:56.292  2226  2226 I VRI[ScreenDecorOverlayBottom]@ce61791: Resizing android.view.ViewRootImpl@29c99da: frame = [0,2256][1080,2340] reportDraw = true forceLayout = false syncSeqId = -1
06-19 15:06:56.292  2226  2355 D VRI[ScreenDecorOverlayBottom]@ce61791: Received frameDrawingCallback syncResult=0 frameNum=1.
06-19 15:06:56.292  2226  2355 I VRI[ScreenDecorOverlayBottom]@ce61791: mWNT: t=0xb400006e88d75c90 mBlastBufferQueue=0xb400006f08f9eb50 fn= 1 HdrRenderState mRenderHdrSdrRatio=1.0 caller= android.view.ViewRootImpl$12.onFrameDraw:15441 android.view.ThreadedRenderer$1.onFrameDraw:718 <bottom of call stack> 
06-19 15:06:56.292  2226  2355 I VRI[ScreenDecorOverlayBottom]@ce61791: Setting up sync and frameCommitCallback
06-19 15:06:56.292  2226  2356 I BLASTBufferQueue: [VRI[ScreenDecorOverlayBottom]@ce61791#283](f:0,a:0,s:0) onFrameAvailable the first frame is available
06-19 15:06:56.293  2226  2356 I VRI[ScreenDecorOverlayBottom]@ce61791: Received frameCommittedCallback lastAttemptedDrawFrameNum=1 didProduceBuffer=true
06-19 15:06:56.293   946  1017 I SurfaceFlinger: [ScreenDecorOverlayBottom$_2226#7141] setTransactionState with the first frame. bufferData(ID: 9560597204495, frameNumber: 1)
06-19 15:06:56.294  2226  2356 D HWUI    : CFMS:: SetUp Pid : 2226    Tid : 2356
06-19 15:06:56.294  2226  2928 D VRI[ScreenDecorOverlayBottom]@ce61791: reportDrawFinished seqId=0
06-19 15:06:56.294  2226  2356 D HWUI    : HWUI - treat SMPTE_170M as sRGB
06-19 15:06:56.294  1224  2680 D WindowManager: finishDrawingWindow: Window{5a652bd u0 ScreenDecorOverlayBottom} mDrawState=DRAW_PENDING seqId=0
06-19 15:06:56.295  1224  1300 D SurfaceComposerClient: setCornerRadius ## 2b67f36 br.com.snapdark.apps.nutreai/br.com.snapdark.apps.nutreai.MainActivity#7101 cornerRadius=0.000000
06-19 15:06:56.295  1224  1300 V WindowManager: performShowLocked: mDrawState=HAS_DRAWN in Window{5a652bd u0 ScreenDecorOverlayBottom}
06-19 15:06:56.295  1224  1300 D SurfaceComposerClient: setCornerRadius ## 2b67f36 br.com.snapdark.apps.nutreai/br.com.snapdark.apps.nutreai.MainActivity#7101 cornerRadius=0.000000
06-19 15:06:56.298  2226  2928 I VRI[ScreenDecorOverlayBottom]@ce61791: handleResized, frames=ClientWindowFrames{frame=[0,2256][1080,2340] display=[0,0][1080,2340] parentFrame=[0,0][0,0]} displayId=0 dragResizing=false compatScale=1.0 frameChanged=false attachedFrameChanged=false configChanged=false displayChanged=false compatScaleChanged=false dragResizingChanged=false
06-19 15:06:56.298  2226  2928 I VRI[ScreenDecorOverlayBottom]@ce61791: handleResized mSyncSeqId = 0
06-19 15:06:56.298  2226  2928 D VRI[ScreenDecorOverlayBottom]@ce61791: reportNextDraw android.view.ViewRootImpl.handleResized:2983 android.view.ViewRootImpl.-$$Nest$mhandleResized:0 android.view.ViewRootImpl$ViewRootHandler.handleMessageImpl:8341 android.view.ViewRootImpl$ViewRootHandler.handleMessage:8301 android.os.Handler.dispatchMessage:110 
06-19 15:06:56.306   946   946 I SurfaceFlinger: RequestedLayer [ScreenDecorOverlay$_2226#7140] hidden!! flag  from(1) --> to(0)
06-19 15:06:56.306  2226  2928 D VRI[ScreenDecorOverlayBottom]@ce61791: Setup new sync=wmsSync-VRI[ScreenDecorOverlayBottom]@ce61791#46
06-19 15:06:56.306  2226  2928 I VRI[ScreenDecorOverlayBottom]@ce61791: Creating new active sync group VRI[ScreenDecorOverlayBottom]@ce61791#47
06-19 15:06:56.309  2226  2928 D VRI[ScreenDecorOverlayBottom]@ce61791: registerCallbacksForSync syncBuffer=false
06-19 15:06:56.309  2226  2354 D VRI[ScreenDecorOverlayBottom]@ce61791: Received frameDrawingCallback syncResult=0 frameNum=2.
06-19 15:06:56.309  2226  2354 I VRI[ScreenDecorOverlayBottom]@ce61791: Setting up sync and frameCommitCallback
06-19 15:06:56.311  2226  2356 I VRI[ScreenDecorOverlayBottom]@ce61791: Received frameCommittedCallback lastAttemptedDrawFrameNum=2 didProduceBuffer=true
06-19 15:06:56.311  2226  2928 D VRI[ScreenDecorOverlayBottom]@ce61791: reportDrawFinished seqId=0
06-19 15:06:56.312  1224  2680 D WindowManager: finishDrawingWindow: Window{5a652bd u0 ScreenDecorOverlayBottom} mDrawState=HAS_DRAWN seqId=0
06-19 15:06:56.312  1224  1300 D SurfaceComposerClient: setCornerRadius ## 2b67f36 br.com.snapdark.apps.nutreai/br.com.snapdark.apps.nutreai.MainActivity#7101 cornerRadius=0.000000
06-19 15:06:56.314   946   946 D SurfaceFlinger: Display 4633128672291736003 HWC layers:
06-19 15:06:56.314   946   946 D SurfaceFlinger:        DEVICE |           61976378081308 | 00000102 | RGBA_8888    |    0.0    0.0 1080.0 2340.0 |    0    0 1080 2340 | 7a55a9a SurfaceView[br.com.snapdark.[...].nutreai.MainActivity]@0(BLAST)#7123 (2439)
06-19 15:06:56.314   946   946 D SurfaceFlinger:        DEVICE |           61976378081310 | 00002100 | RGBA_8888    |    0.0    0.0 1080.0 2340.0 |    0    0 1080 2340 | br.com.snapdark.apps.nutreai/br.com.[...]pps.nutreai.MainActivity$_14430#7118 (3)
06-19 15:06:56.314   946   946 D SurfaceFlinger:        DEVICE |            9560597204477 | 00002100 | RGBA_8888    |    0.0    0.0 1080.0   84.0 |    0    0 1080   84 | StatusBar$_2226#106 (10739)
06-19 15:06:56.314   946   946 D SurfaceFlinger:        DEVICE |           11965778888345 | 00002100 | RGBA_8888    |    0.0    0.0   67.0  342.0 | 1013  361 1080  703 | com.sec.android.app.launcher/com.sam[...]el.app.CocktailBarService$_2786#7133 (1)
06-19 15:06:56.314   946   946 D SurfaceFlinger:        DEVICE |            9560597204473 | 00002100 | RGBA_8888    |    0.0    0.0 1080.0  135.0 |    0 2205 1080 2340 | NavigationBar0$_2226#102 (8450)
06-19 15:06:56.314   946   946 D SurfaceFlinger:        DEVICE |            9560597204492 | 00002140 | RGBA_8888    | 
06-19 15:06:56.314   946   946 D SurfaceFlinger:    0.0    0.0 1080.0   84.0 |    0    0 1080   84 | ScreenDecorOverlay$_2226#7140 (2)
06-19 15:06:56.314   946   946 D SurfaceFlinger: 
06-19 15:06:56.315  1224  1300 D SurfaceComposerClient: setCornerRadius ## 2b67f36 br.com.snapdark.apps.nutreai/br.com.snapdark.apps.nutreai.MainActivity#7101 cornerRadius=0.000000
06-19 15:06:56.322   946   946 I SurfaceFlinger: RequestedLayer [ScreenDecorOverlayBottom$_2226#7141] hidden!! flag  from(1) --> to(0)
06-19 15:06:56.331   946   946 D SurfaceFlinger: Display 4633128672291736003 HWC layers:
06-19 15:06:56.331   946   946 D SurfaceFlinger:        DEVICE |           61976378081309 | 00000102 | RGBA_8888    |    0.0    0.0 1080.0 2340.0 |    0    0 1080 2340 | 7a55a9a SurfaceView[br.com.snapdark.[...].nutreai.MainActivity]@0(BLAST)#7123 (2440)
06-19 15:06:56.331   946   946 D SurfaceFlinger:        DEVICE |           61976378081310 | 00002100 | RGBA_8888    |    0.0    0.0 1080.0 2340.0 |    0    0 1080 2340 | br.com.snapdark.apps.nutreai/br.com.[...]pps.nutreai.MainActivity$_14430#7118 (3)
06-19 15:06:56.331   946   946 D SurfaceFlinger:        DEVICE |            9560597204474 | 00002100 | RGBA_8888    |    0.0    0.0 1080.0   84.0 |    0    0 1080   84 | StatusBar$_2226#106 (10740)
06-19 15:06:56.331   946   946 D SurfaceFlinger:        DEVICE |           11965778888345 | 00002100 | RGBA_8888    |    0.0    0.0   67.0  342.0 | 1013  361 1080  703 | com.sec.android.app.launcher/com.sam[...]el.app.CocktailBarService$_2786#7133 (1)
06-19 15:06:56.331   946   946 D SurfaceFlinger:        DEVICE |            9560597204473 | 00002100 | RGBA_8888    |    0.0    0.0 1080.0  135.0 |    0 2205 1080 2340 | NavigationBar0$_2226#102 (8450)
06-19 15:06:56.331   946   946 D SurfaceFlinger:        DEVICE |            9560597204491 | 00002140 | RGBA_8888    | 
06-19 15:06:56.331   946   946 D SurfaceFlinger:    0.0    0.0 1080.0   84.0 |    0    0 1080   84 | ScreenDecorOverlay$_2226#7140 (3)
06-19 15:06:56.331   946   946 D SurfaceFlinger:        DEVICE |            9560597204496 | 00002140 | RGBA_8888    |    0.0    0.0 1080.0   84.0 |    0 2256 1080 2340 | ScreenDecorOverlayBottom$_2226#7141 (2)
06-19 15:06:56.331   946   946 D SurfaceFlinger: 
06-19 15:06:56.383   946  1090 I CompositionEngine: [setDisplaySize] size=(434, 42)
06-19 15:06:56.452   938   959 E HeatmapThread: ECT Thread time in milliseconds: 1781892416
06-19 15:06:56.454   938   959 D HeatmapThread: !@ batteryplugType : 0
06-19 15:06:56.454   938   959 D HeatmapThread: !@ batteryLevel : 23  batteryTemperature : 346 
06-19 15:06:56.454   938   959 D HeatmapThread: !@ Heatmap currtime: 29698206
06-19 15:06:56.454   938   959 D HeatmapThread: !@ Heatmap prevtime: 29698187
06-19 15:06:56.454   938   959 D HeatmapThread: !@ Heatmap plugstarttime: 35791394
06-19 15:06:56.455   938   959 D HeatmapThread: !@ Heatmap prevv_dsoh_update_time: 29697947
06-19 15:06:56.455   938   959 E HeatmapThread: !@ CAM New BSOH: 100
06-19 15:06:56.484   946  1090 I CompositionEngine: [setDisplaySize] size=(434, 42)
06-19 15:06:56.531  1224  1506 D PowerManagerService: UserActivityStateListenerState: 0
06-19 15:06:56.584   946  1090 I CompositionEngine: [setDisplaySize] size=(434, 42)
06-19 15:06:56.587 14430 14430 I VRI[MainActivity]@abff0ee: call setFrameRateCategory for touch hint category=no preference, reason=boost timeout, vri=VRI[MainActivity]@abff0ee
06-19 15:06:56.589   946   946 I SurfaceFlinger: [br.com.snapdark.apps.nutreai/br.com.snapdark.apps.nutreai.MainActivity$_14430#7118] setFrameRateCategory: NoPreference
06-19 15:06:56.684   946  1090 I CompositionEngine: [setDisplaySize] size=(434, 42)
06-19 15:06:56.742  2226  2226 I BLASTBufferQueue_Java: update, w= 1080 h= 84 mName = VRI[StatusBar]@e9a0d9b mNativeObject= 0xb400006f08d819a0 sc.mNativeObject= 0xb400006dd8bf0990 format= -3 caller= android.view.ViewRootImpl.updateBlastSurfaceIfNeeded:3574 android.view.ViewRootImpl.relayoutWindow:11685 android.view.ViewRootImpl.performTraversals:4804 android.view.ViewRootImpl.doTraversal:3924 android.view.ViewRootImpl$TraversalRunnable.run:12903 android.view.Choreographer$CallbackRecord.run:1901 
06-19 15:06:56.742  2226  2226 I VRI[StatusBar]@e9a0d9b: Relayout returned: old=(0,0,1080,84) new=(0,0,1080,84) relayoutAsync=true req=(1080,84)0 dur=0 res=0x0 s={true 0xb400006e78d6e760} ch=false seqId=0
06-19 15:06:56.742  1224  2680 I WindowManager: Relayout Window{cc04005 u0 StatusBar}: viewVisibility=0 req=1080x84 ty=2000 d0
06-19 15:06:56.743  1224  2680 D SurfaceComposerClient: setCornerRadius ## 2b67f36 br.com.snapdark.apps.nutreai/br.com.snapdark.apps.nutreai.MainActivity#7101 cornerRadius=0.000000
06-19 15:06:56.743  2226  2226 I VRI[StatusBar]@e9a0d9b: registerCallbackForPendingTransactions
06-19 15:06:56.745  2226  2355 I VRI[StatusBar]@e9a0d9b: mWNT: t=0xb400006e88d6d5d0 mBlastBufferQueue=0xb400006f08d819a0 fn= 10766 HdrRenderState mRenderHdrSdrRatio=1.0 caller= android.view.ViewRootImpl$10.onFrameDraw:6536 android.view.ViewRootImpl$4.onFrameDraw:2489 android.view.ThreadedRenderer$1.onFrameDraw:718 
06-19 15:06:56.745  1224  2680 I WindowManager: Cancelling animation restarting=true, leash=Surface(name=Surface(name=cc04005 StatusBar)/@0x268d592 - animation-leash of insets_animation)/@0xa0fb564
06-19 15:06:56.746  1224  2680 I WindowManager: Reparenting to original parent: Surface(name=WindowToken{8b27f7c type=2000 android.os.BinderProxy@802d54e})/@0x8a19b63, destroy=false, surface=Surface(name=cc04005 StatusBar)/@0x268d592
06-19 15:06:56.747  1224  2680 I WindowManager: Reparenting to leash, surface=Surface(name=cc04005 StatusBar)/@0x268d592, leashParent=Surface(name=WindowToken{8b27f7c type=2000 android.os.BinderProxy@802d54e})/@0x8a19b63
06-19 15:06:56.747   946  1017 I SurfaceFlinger: id=7142 createSurf, flag=24000, Surface(name=cc04005 StatusBar)/@0x268d592 - animation-leash of insets_animation#7142
06-19 15:06:56.748  1224  2680 D WindowManager: makeSurface duration=1 leash=Surface(name=Surface(name=cc04005 StatusBar)/@0x268d592 - animation-leash of insets_animation)/@0x8ea247b
06-19 15:06:56.749  1224  2680 D InsetsSourceProvider: updateControlForTarget: control=InsetsSourceControl: {4daa0000 mType=statusBars initiallyVisible mSurfacePosition=Point(0, 0) mInsetsHint=Insets{left=0, top=84, right=0, bottom=0}}, target=Window{2b67f36 u0 br.com.snapdark.apps.nutreai/br.com.snapdark.apps.nutreai.MainActivity}, from=com.android.server.wm.InsetsStateController.onControlTargetChanged:83 com.android.server.wm.InsetsPolicy.updateBarControlTarget:212 com.android.server.wm.DisplayPolicy.updateSystemBarAttributes:262 com.android.server.wm.DisplayPolicy.finishPostLayoutPolicyLw:17 com.android.server.wm.RootWindowContainer.applySurfaceChangesTransaction$1:195 
06-19 15:06:56.749  1224  2680 D InsetsSourceProvider: updateFakeControlTarget: fakeControl=InsetsSourceControl: {4daa0000 mType=statusBars mSurfacePosition=Point(0, 0) mInsetsHint=Insets{left=0, top=0, right=0, bottom=0}}, fakeTarget=null
06-19 15:06:56.750  1224  2680 D SurfaceComposerClient: setCornerRadius ## 2b67f36 br.com.snapdark.apps.nutreai/br.com.snapdark.apps.nutreai.MainActivity#7101 cornerRadius=0.000000
06-19 15:06:56.756   946   946 I SurfaceFlinger: [Surface(name=cc04005 StatusBar)/@0x268d592 - animation-leash of insets_animation#7142] attach to parent LayerHierarchy{RequestedLayerState{WindowToken{8b27f7c type=2000 android.os.BinderProxy@802d54e}#94 parentId=17} 2 children}
06-19 15:06:56.757  1224  2680 I WindowManager: Relayout hash=cc04005, pid=0, syncId=-1: mAttrs={(0,0)(fillx84) gr=TOP CENTER_VERTICAL sim={adjust=pan} layoutInDisplayCutoutMode=always ty=STATUS_BAR fmt=TRANSLUCENT
06-19 15:06:56.757  1224  2680 I WindowManager:   fl=81000008
06-19 15:06:56.757  1224  2680 I WindowManager:   pfl=11000000
06-19 15:06:56.757  1224  2680 I WindowManager:   bhv=1
06-19 15:06:56.757  1224  2680 I WindowManager:   providedInsets:
06-19 15:06:56.757  1224  2680 I WindowManager:     InsetsFrameProvider: {id=#4daa0000, index=0, type=statusBars, source=FRAME, flags=[], insetsSize=Insets{left=0, top=84, right=0, bottom=0}}
06-19 15:06:56.757  1224  2680 I WindowManager:     InsetsFrameProvider: {id=#4daa0006, index=0, type=tappableElement, source=FRAME, flags=[], insetsSize=Insets{left=0, top=84, right=0, bottom=0}}
06-19 15:06:56.757  1224  2680 I WindowManager:     InsetsFrameProvider: {id=#4daa0005, index=0, type=mandatorySystemGestures, source=FRAME, flags=[], mMinimalInsetsSizeInDisplayCutoutSafe=Insets{left=0, top=34, right=0, bottom=0}}
06-19 15:06:56.757  1224  2680 I WindowManager:   frameRateBoostOnTouch=true
06-19 15:06:56.757  1224  2680 I WindowManager:   dvrrWindowFrameRateHint=true
06-19 15:06:56.757  1224  2680 I WindowManager:   paramsForRotation:
06-19 15:06:56.757  1224  2680 I WindowManager:     ROTATION_0={(0,0)(fillx84) gr=TOP CENTER_VERTICAL layoutInDisplayCutoutMode=always ty=STATUS_BAR fmt=TRANSLUCENT
06-19 15:06:56.757  1224  2680 I WindowManager:       fl=80000008
06-19 15:06:56.757  1224  2680 I WindowManager:       pfl=11000000
06-19 15:06:56.757  1224  2680 I WindowManager:       bhv=1
06-19 15:06:56.757  1224  2680 I WindowManager:       providedInsets:
06-19 15:06:56.757  1224  2680 I WindowManager:         InsetsFrameProvider: {id=#4daa0000, index=0, type=statusBars, source=FRAME, flags=[], insetsSize=Insets{left=0, top=84, right=0, bottom=0}}
06-19 15:06:56.757  1224  2680 I WindowManager:         InsetsFrameProvider: {id=#4daa0006, index=0, type=tappableElement, source=FRAME, flags=[], insetsSize=Insets{left=0, top=84, right=0, bottom=0}}
06-19 15:06:56.757  1224  2680 I WindowManager:         InsetsFrameProvider: {id=#4daa0005, index=0, type=mandatorySystemGestures, source=FRAME, flags=[], insetsSize=Insets{left=0, top=84, right=0, bottom=0}, mMinimalInsetsSizeInDisplayCutoutSafe=Insets{left=0, top=34, right=0, bottom=0}}
06-19 15:06:56.757  1224  2680 I WindowManager:       frameRateBoostOnTouch=true
06-19 15:06:56.757  1224  2680 I WindowManager:       dvrrWindowFrameRateHint=true naviIconColor=0}
06-19 15:06:56.757  1224  2680 I WindowManager:     ROTATION_90={(0,0)(fillx84) gr=TOP CENTER_VERTICAL layoutInDisplayCutoutMode=always ty=STATUS_BAR fmt=TRANSLUCENT
06-19 15:06:56.757  1224  2680 I WindowManager:       fl=80000008
06-19 15:06:56.757  1224  2680 I WindowManager:       pfl=11000000
06-19 15:06:56.757  1224  2680 I WindowManager:       bhv=1
06-19 15:06:56.757  1224  2680 I WindowManager:       providedInsets:
06-19 15:06:56.757  1224  2680 I WindowManager:         InsetsFrameProvider: {id=#4daa0000, index=0, type=statusBars, source=FRAME, flags=[], insetsSize=Insets{left=0, top=84, right=0, bottom=0}}
06-19 15:06:56.757  1224  2680 I WindowManager:         InsetsFrameProvider: {id=#4daa0006, index=0, type=tappableElement, source=FRAME, flags=[], insetsSize=Insets{left=0, top=84, right=0, bottom=0}}
06-19 15:06:56.757  1224  2680 I WindowManager:         InsetsFrameProvider: {id=#4daa0005, index=0, type=mandatorySystemGestures, source=FRAME, flags=[], insetsSize=Insets{left=0, top=84, right=0, bottom=0}, mMinimalInsetsSizeInDisplayCutoutSafe=Insets{left=0, top=34, right=0, bottom=0}}
06-19 15:06:56.757  1224  2680 I WindowManager:       frameRateBoostOnTouch=true
06-19 15:06:56.757  1224  2680 I WindowManager:       dvrrWindowFrameRateHint=true naviIconColor=0}
06-19 15:06:56.757  1224  2680 I WindowManager:     ROTATION_180={(0,0)(fillx84) gr=TOP CENTER_VERTICAL layoutInDisplayCutoutMode=always ty=STATUS_BAR fmt=TRANSLUCENT
06-19 15:06:56.757  1224  2680 I WindowManager:       fl=80000008
06-19 15:06:56.757  1224  2680 I WindowManager:       pfl=11000000
06-19 15:06:56.757  1224  2680 I WindowManager:       bhv=1
06-19 15:06:56.757  1224  2680 I WindowManager:       providedInsets:
06-19 15:06:56.757  1224  2680 I WindowManager:         InsetsFrameProvider: {id=#4daa0000, index=0, type=statusBars, source=FRAME, flags=[], insetsSize=Insets{left=0, top=84, right=0, bottom=0}}
06-19 15:06:56.757  1224  2680 I WindowManager:         InsetsFrameProvider: {id=#4daa0006, index=0, type=tappableElement, source=FRAME, flags=[], insetsSize=Insets{left=0, top=84, right=0, bottom=0}}
06-19 15:06:56.757  1224  2680 I WindowManager:         InsetsFrameProvider: {id=#4daa0005, index=0, type=mandatorySystemGestures, source=FRAME, flags=[], insetsSize=Insets{left=0, top=84, right=0, bottom=0}, mMinimalInsetsSizeInDisplayCutoutSafe=Insets{left=0, top=34, right=0, bottom=0}}
06-19 15:06:56.757  1224  2680 I WindowManager:       frameRateBoostOnTouch=true
06-19 15:06:56.757  1224  2680 I WindowManager:       dvrrWindowFrameRateHint=true naviIconColor=0}
06-19 15:06:56.757  1224  2680 I WindowManager:     ROTATION_270={(0,0)(fillx84) gr=TOP CENTER_VERTICAL layoutInDisplayCutoutMode=always ty=STATUS_BAR fmt=TRANSLUCENT
06-19 15:06:56.757  1224  2680 I WindowManager:       fl=80000008
06-19 15:06:56.757  1224  2680 I WindowManager:       pfl=11000000
06-19 15:06:56.757  1224  2680 I WindowManager:       bhv=1
06-19 15:06:56.757  1224  2680 I WindowManager:       providedInsets:
06-19 15:06:56.757  1224  2680 I WindowManager:         InsetsFrameProvider: {id=#4daa0000, index=0, type=statusBars, source=FRAME, flags=[], insetsSize=Insets{left=0, top=84, right=0, bottom=0}}
06-19 15:06:56.757  1224  2680 I WindowManager:         InsetsFrameProvider: {id=#4daa0006, index=0, type=tappableElement, source=FRAME, flags=[], insetsSize=Insets{left=0, top=84, right=0, bottom=0}}
06-19 15:06:56.757  1224  2680 I WindowManager:         InsetsFrameProvider: {id=#4daa0005, index=0, type=mandatorySystemGestures, source=FRAME, flags=[], insetsSize=Insets{left=0, top=84, right=0, bottom=0}, mMinimalInsetsSizeInDisplayCutoutSafe=Insets{left=0, top=34, right=0, bottom=0}}
06-19 15:06:56.757  1224  2680 I WindowManager:       frameRateBoostOnTouch=true
06-19 15:06:56.757  1224  2680 I WindowManager:       dvrrWindowFrameRateHint=true naviIconColor=0} naviIconColor=0}
06-19 15:06:56.773   946   946 I SurfaceFlinger: [LayerHierarchy{RequestedLayerState{cc04005 StatusBar#95 parentId=7142} 1 children}] reparent to LayerHierarchy{RequestedLayerState{Surface(name=cc04005 StatusBar)/@0x268d592 - animation-leash of insets_animation#7142 parentId=94} 1 children}
06-19 15:06:56.773   946   946 I SurfaceFlinger: [LayerHierarchy{RequestedLayerState{Surface(name=cc04005 StatusBar)/@0x268d592 - animation-leash of insets_animation#7135} no children}] reparent to OffscreenRoot
06-19 15:06:56.773   946   946 I SurfaceFlinger: [LayerHierarchy{RequestedLayerState{Surface(name=cc04005 StatusBar)/@0x268d592 - animation-leash of insets_animation#7135} no children}] RelativeParent to null
06-19 15:06:56.780   946  1017 I SurfaceFlinger: id=7135 Removed Surface(name=cc04005 StatusBar)/@0x268d592 - animation-leash of insets_animation#7135 (193)
06-19 15:06:56.782 14430 14430 I InsetsSourceConsumer: applyRequestedVisibilityToControl: visible=true, type=statusBars, host=br.com.snapdark.apps.nutreai/br.com.snapdark.apps.nutreai.MainActivity
06-19 15:06:56.785   946  1090 I CompositionEngine: [setDisplaySize] size=(434, 42)
06-19 15:06:56.789   946   946 I SurfaceFlinger: destroyed Surface(name=cc04005 StatusBar)/@0x268d592 - animation-leash of insets_animation#7135
06-19 15:06:56.792   946   946 I Layer   : id=7135 Destroyed Surface(name=cc04005 StatusBar)/@0x268d592 - animation-leash of insets_animation#7135
06-19 15:06:56.885   946  1090 I CompositionEngine: [setDisplaySize] size=(434, 42)
06-19 15:06:56.903  2495  2495 I wpa_supplicant: Heartbeat 1478
06-19 15:06:56.986   946  1090 I CompositionEngine: [setDisplaySize] size=(434, 42)
06-19 15:06:57.086   946  1090 I CompositionEngine: [setDisplaySize] size=(434, 42)
06-19 15:06:57.186   946  1090 I CompositionEngine: [setDisplaySize] size=(434, 42)
06-19 15:06:57.287   946  1090 I CompositionEngine: [setDisplaySize] size=(434, 42)
06-19 15:06:57.342  2404  2827 D IpClient/wlan0: interfaceLinkStateChanged: ifindex 55 up
06-19 15:06:57.387   946  1090 I CompositionEngine: [setDisplaySize] size=(434, 42)
06-19 15:06:57.452   938   959 E HeatmapThread: ECT Thread time in milliseconds: 1781892417
06-19 15:06:57.455   938   959 D HeatmapThread: !@ batteryplugType : 0
06-19 15:06:57.456   938   959 D HeatmapThread: !@ batteryLevel : 23  batteryTemperature : 346 
06-19 15:06:57.456   938   959 D HeatmapThread: !@ Heatmap currtime: 29698206
06-19 15:06:57.456   938   959 D HeatmapThread: !@ Heatmap prevtime: 29698187
06-19 15:06:57.456   938   959 D HeatmapThread: !@ Heatmap plugstarttime: 35791394
06-19 15:06:57.456   938   959 D HeatmapThread: !@ Heatmap prevv_dsoh_update_time: 29697947
06-19 15:06:57.456   938   959 E HeatmapThread: !@ CAM New BSOH: 100
06-19 15:06:57.488   946  1090 I CompositionEngine: [setDisplaySize] size=(434, 42)
06-19 15:06:57.598   946  1090 I CompositionEngine: [setDisplaySize] size=(434, 42)
06-19 15:06:57.698   946  1090 I CompositionEngine: [setDisplaySize] size=(434, 42)
06-19 15:06:57.799   946  1090 I CompositionEngine: [setDisplaySize] size=(434, 42)
06-19 15:06:57.819  3015 14831 D ConnectivityManager: StackLog: [android.net.ConnectivityManager.reportNetworkConnectivity(ConnectivityManager.java:3691)] [cdkq.a(:com.google.android.gms@262031035@26.20.31 (260400-919905943):15)] [cdmw.n(:com.google.android.gms@262031035@26.20.31 (260400-919905943):6)] [cdmk.run(:com.google.android.gms@262031035@26.20.31 (260400-919905943):501)] [cdnh.run(:com.google.android.gms@262031035@26.20.31 (260400-919905943):5)] [hdna.run(:com.google.android.gms@262031035@26.20.31 (260400-919905943):23)] [bkqh.c(:com.google.android.gms@262031035@26.20.31 (260400-919905943):50)] [bkqh.run(:com.google.android.gms@262031035@26.20.31 (260400-919905943):66)] [java.util.concurrent.ThreadPoolExecutor.runWorker(ThreadPoolExecutor.java:1100)] [java.util.concurrent.ThreadPoolExecutor$Worker.run(ThreadPoolExecutor.java:624)] [bkvz.run(:com.google.android.gms@262031035@26.20.31 (260400-919905943):8)] [java.lang.Thread.run(Thread.java:1572)]
06-19 15:06:57.835  3015 12949 W ChimeraUtils: Module com.google.android.gms.gcm missing resource null(0)
06-19 15:06:57.844  3015 12949 I AlarmManager: setExactAndAllowWhileIdle [name: FcmRetry type: 2 triggerAtMillis: 15673647]
06-19 15:06:57.853  1224  1305 I ActivityManager: Changes in 10456 19 to 11, 0 to 128
06-19 15:06:57.856   932 20002 V APM_AudioPolicyManager: setAppState(portId:823, state:2)
06-19 15:06:57.860  1224  1981 D BackgroundInstallControlService: Package event received: 0
06-19 15:06:57.865   932 20002 V APM_AudioPolicyManager: setAppState(portId:823, state:2)
06-19 15:06:57.870   932 20002 V APM_AudioPolicyManager: setAppState(portId:823, state:2)
06-19 15:06:57.871  1224  2680 W JobInfo : Job 'org.telegram.messenger/.KeepAliveJob#1000' has a deadline with functional constraints and an extremely short time window of 0 ms (delay=0, deadline=0). The functional constraints are not likely to be satisfied when the job runs.
06-19 15:06:57.871  1224  2680 W JobInfo : Job 'org.telegram.messenger/.KeepAliveJob#1000' has a deadline with functional constraints and an extremely short time window of 0 ms (delay=0, deadline=0). The functional constraints are not likely to be satisfied when the job runs.
06-19 15:06:57.881   932 20002 V APM_AudioPolicyManager: setAppState(portId:823, state:2)
06-19 15:06:57.881   932 20002 V APM_AudioPolicyManager: setAppState(portId:823, state:2)
06-19 15:06:57.898   946  1090 I CompositionEngine: [setDisplaySize] size=(434, 42)
06-19 15:06:57.999   946  1090 I CompositionEngine: [setDisplaySize] size=(434, 42)
06-19 15:06:58.095   629   629 D io_stats: !@   8,0 r 3508633 81697528 w 854786 23169260 d 106215 15635212 f 26166 79467 iot 451772 0 th 0 0 0 pt 0 inp 0 0 13688.020
06-19 15:06:58.096   629   629 D io_stats: !@ Read_top(KB): .apps.turbo:aab(30026) 5296 abox_log(1178) 1036 system_server(1224) 120
06-19 15:06:58.096   629   629 D io_stats: !@ Write_top(KB): kworker/u20:0(12699) 1980 .apps.turbo:aab(30026) 288 .gms.persistent(3015) 52
06-19 15:06:58.099   946  1090 I CompositionEngine: [setDisplaySize] size=(434, 42)
06-19 15:06:58.201   946  1090 I CompositionEngine: [setDisplaySize] size=(434, 42)
06-19 15:06:58.301   946  1090 I CompositionEngine: [setDisplaySize] size=(434, 42)
06-19 15:06:58.301  1224  4064 D SemWifiUsabilityStatsMonitor: onWifiUsabilityStats - seqNum 3155, isSameBssidAndFreq true
06-19 15:06:58.304  1224  2004 I SemWifiLinkQualityMonitor: Link stat: 895 / 4 / 1,16 (29) / 480 / -48.0 || 100.0 : 480,00 / 0.5 : 0,86 / 0.55 : 0,00 / G (G) || 585e86745745: 0,089 / 89,898 / N || N N / 0 0 / Y 2.0 / Y X 0 / 13688226 0 || Invalid
06-19 15:06:58.307  1224  2005 D InsDataManager: onOutageCountUpdate() - Outage Data: 0, LQ : Y. Outage Triggered: false
06-19 15:06:58.307  1224  2005 D InsDataManager: Trying to save initial normal data.
06-19 15:06:58.308  1224  2005 E InsController: Error in onOutageCountUpdate: android.net.VpnTransportInfo cannot be cast to android.net.wifi.WifiInfo
06-19 15:06:58.308  1224  2005 D SemInsManager: {"bssid": "585e86745745","rssi": -48.0,"latency": 0.08898989898989898,"outage_count": 0,"lq_callback_triggered": true,"outage_log": "Link stat: 895 / 4 / 1,16 (29) / 480 / -48.0 || 100.0 : 480,00 / 0.5 : 0,86 / 0.55 : 0,00 / G (G) || 585e86745745: 0,089 / 89,898 / N || N N / 0 0 / Y 2.0 / Y X 0 / 13688226 0 || Invalid""Magnetic Sensor Events size": "0""Pressure Sensor Events size": "0"}
06-19 15:06:58.401   946  1090 I CompositionEngine: [setDisplaySize] size=(434, 42)
06-19 15:06:58.452   938   959 E HeatmapThread: ECT Thread time in milliseconds: 1781892418
06-19 15:06:58.456   938   959 D HeatmapThread: !@ batteryplugType : 0
06-19 15:06:58.457   938   959 D HeatmapThread: !@ batteryLevel : 23  batteryTemperature : 346 
06-19 15:06:58.457   938   959 D HeatmapThread: !@ Heatmap currtime: 29698206
06-19 15:06:58.457   938   959 D HeatmapThread: !@ Heatmap prevtime: 29698187
06-19 15:06:58.457   938   959 D HeatmapThread: !@ Heatmap plugstarttime: 35791394
06-19 15:06:58.457   938   959 D HeatmapThread: !@ Heatmap prevv_dsoh_update_time: 29697947
06-19 15:06:58.457   938   959 E HeatmapThread: !@ CAM New BSOH: 100
06-19 15:06:58.502   946  1090 I CompositionEngine: [setDisplaySize] size=(434, 42)
06-19 15:06:58.602   946  1090 I CompositionEngine: [setDisplaySize] size=(434, 42)
06-19 15:06:58.702   946  1090 I CompositionEngine: [setDisplaySize] size=(434, 42)
06-19 15:06:58.803   946  1090 I CompositionEngine: [setDisplaySize] size=(434, 42)
06-19 15:06:58.903   946  1090 I CompositionEngine: [setDisplaySize] size=(434, 42)
06-19 15:06:58.935  2485  3352 I ScanController: onScanResult to scannerId: 1- eventType=0x1b, addressType=0, address=XX:XX:XX:XX:AC:BD, primaryPhy=1, secondaryPhy=0, advertisingSid=0xff, txPower=127, rssi=-73, periodicAdvInt=0x0
06-19 15:06:58.937  2485  3352 I ScanController: onScanResult to scannerId: 4- eventType=0x1b, addressType=0, address=XX:XX:XX:XX:AC:BD, primaryPhy=1, secondaryPhy=0, advertisingSid=0xff, txPower=127, rssi=-73, periodicAdvInt=0x0
06-19 15:06:58.939 11142 11557 I [-0300]oneconnect[1.8.45.24_01][CORE]: DataConvert.parseBleVd - deviceBle : |name:($)-S(16)|deviceType:TV|discoverType:_BLE|services:_TvSoundToMobile|connected:false[TvStatusString]POWER_ON[TvStatus]1[TvService]111[TvMirrorChannel]149[TvRegisteredDB][115, -93, 2, 2, -3, -114][TvYear]2016[TvOcfInfo]0[TvAcmStatus]0[ExTvStatus]0[ExtendedStatus]-1[ModuloSn]-1
06-19 15:06:59.004   946  1090 I CompositionEngine: [setDisplaySize] size=(434, 42)
06-19 15:06:59.104   946  1090 I CompositionEngine: [setDisplaySize] size=(434, 42)
06-19 15:06:59.205   946  1090 I CompositionEngine: [setDisplaySize] size=(434, 42)
06-19 15:06:59.305   946  1090 I CompositionEngine: [setDisplaySize] size=(434, 42)
06-19 15:06:59.406   946  1090 I CompositionEngine: [setDisplaySize] size=(434, 42)
06-19 15:06:59.452   938   959 E HeatmapThread: ECT Thread time in milliseconds: 1781892419
06-19 15:06:59.456   938   959 D HeatmapThread: !@ batteryplugType : 0
06-19 15:06:59.456   938   959 D HeatmapThread: !@ batteryLevel : 23  batteryTemperature : 346 
06-19 15:06:59.456   938   959 D HeatmapThread: !@ Heatmap currtime: 29698206
06-19 15:06:59.457   938   959 D HeatmapThread: !@ Heatmap prevtime: 29698187
06-19 15:06:59.457   938   959 D HeatmapThread: !@ Heatmap plugstarttime: 35791394
06-19 15:06:59.457   938   959 D HeatmapThread: !@ Heatmap prevv_dsoh_update_time: 29697947
06-19 15:06:59.457   938   959 E HeatmapThread: !@ CAM New BSOH: 100
06-19 15:06:59.474  2485  3352 I ScanController: onScanResult to scannerId: 1- eventType=0x1b, addressType=0, address=XX:XX:XX:XX:AC:BD, primaryPhy=1, secondaryPhy=0, advertisingSid=0xff, txPower=127, rssi=-76, periodicAdvInt=0x0
06-19 15:06:59.474  2485  3352 I ScanController: onScanResult to scannerId: 4- eventType=0x1b, addressType=0, address=XX:XX:XX:XX:AC:BD, primaryPhy=1, secondaryPhy=0, advertisingSid=0xff, txPower=127, rssi=-76, periodicAdvInt=0x0
06-19 15:06:59.480 11142 11557 I [-0300]oneconnect[1.8.45.24_01][CORE]: DataConvert.parseBleVd - deviceBle : |name:($)-S(16)|deviceType:TV|discoverType:_BLE|services:_TvSoundToMobile|connected:false[TvStatusString]POWER_ON[TvStatus]1[TvService]111[TvMirrorChannel]149[TvRegisteredDB][115, -93, 2, 2, -3, -114][TvYear]2016[TvOcfInfo]0[TvAcmStatus]0[ExTvStatus]0[ExtendedStatus]-1[ModuloSn]-1
06-19 15:06:59.506   946  1090 I CompositionEngine: [setDisplaySize] size=(434, 42)
06-19 15:06:59.606   946  1090 I CompositionEngine: [setDisplaySize] size=(434, 42)
06-19 15:06:59.718   946  1090 I CompositionEngine: [setDisplaySize] size=(434, 42)
06-19 15:06:59.818   946  1090 I CompositionEngine: [setDisplaySize] size=(434, 42)
06-19 15:06:59.877   946   946 I SurfaceFlinger: SFWD update time=13689801395546
06-19 15:06:59.919   946  1090 I CompositionEngine: [setDisplaySize] size=(434, 42)
06-19 15:06:59.948   932 20002 V APM_AudioPolicyManager: setAppState(portId:823, state:2)
06-19 15:07:00.009  1224  1224 I EyeComfortSolutionService: action  :  android.intent.action.TIME_TICK
06-19 15:07:00.012  2226  2829 I DateTimeView: updateAll - getTimeFormat
06-19 15:07:00.013  2226  2829 D QSClockBellTower: onReceive(android.intent.action.TIME_TICK) mTimeZoneString:America/Fortaleza
06-19 15:07:00.016  2226  2226 D ClockFaceEvents: onTimeTick. callers : com.android.keyguard.ClockEventController$keyguardUpdateMonitorCallback$1.refreshTime:19
06-19 15:07:00.016  2226  2226 D ClockFaceEvents: com.android.keyguard.ClockEventController$keyguardUpdateMonitorCallback$1.onTimeChanged:1
06-19 15:07:00.016  2226  2226 D ClockFaceEvents: com.android.keyguard.KeyguardUpdateMonitor$16.handleMessage:732
06-19 15:07:00.017  2226  2226 D ClockFaceEvents: onTimeTick. callers : com.android.keyguard.ClockEventController$keyguardUpdateMonitorCallback$1.refreshTime:38
06-19 15:07:00.017  2226  2226 D ClockFaceEvents: com.android.keyguard.ClockEventController$keyguardUpdateMonitorCallback$1.onTimeChanged:1
06-19 15:07:00.017  2226  2226 D ClockFaceEvents: com.android.keyguard.KeyguardUpdateMonitor$16.handleMessage:732
06-19 15:07:00.017  2226  2226 D FaceWidgetPagesController: onTimeChanged()
06-19 15:07:00.018  2226  2226 D QSClockBellTower: He is ready to ring the bell. (((QSClockBellSound - TimeText:15:07, TimeContentDescription:15:07, DateText:sex., 19 de junho, ShortDateText:sex., 19 de jun., Demo:false)))
06-19 15:07:00.019   946  1090 I CompositionEngine: [setDisplaySize] size=(434, 42)
06-19 15:07:00.019  2226  2226 D QSClock : StatusBar clock=15:07 notifyTimeChanged(QSClockBellSound - TimeText:15:07, TimeContentDescription:15:07, DateText:sex., 19 de junho, ShortDateText:sex., 19 de jun., Demo:false) clockVisibleByPolicy=true, clockVisibleByUser=true, visible=true, parent=android.widget.LinearLayout{6d68f70 V.E...... ......ID 0,0-102,67 #7f0a069b app:id/left_clock_container} caller=com.android.systemui.statusbar.phone.fragment.CollapsedStatusBarFragment.animateShow:52 com.android.systemui.statusbar.phone.fragment.CollapsedStatusBarFragment.updateStatusBarVisibilitiesInner:230 com.android.systemui.statusbar.phone.fragment.CollapsedStatusBarFragment.updateStatusBarVisibilities:65 com.android.systemui.statusbar.phone.fragment.CollapsedStatusBarFragment.disable:71 com.android.systemui.statusbar.CommandQueue$H.handleMessage:2997  
06-19 15:07:00.020  2226  2226 D QSClockBellTower: Everyone heard the bell. run(currentTime:1781892420017, getTime():Fri Jun 19 15:07:00 GMT-03:00 2026, getTimeZone():libcore.util.ZoneInfo[mDstSavings=0,mUseDst=false,mDelegate=[id="America/Fortaleza",mRawOffset=-10800000,mEarliestRawOffset=-9240000,transitions=39]])
06-19 15:07:00.030  2226  2226 D {OngoingChipAdapter}: updateEnableMaxWidth : 327 -:> 330
06-19 15:07:00.039  2226  2226 W RefactorFlag: New code path expects SceneContainerFlag to be enabled.
06-19 15:07:00.092  2485  3352 I ScanController: onScanResult to scannerId: 1- eventType=0x1b, addressType=0, address=XX:XX:XX:XX:AC:BD, primaryPhy=1, secondaryPhy=0, advertisingSid=0xff, txPower=127, rssi=-71, periodicAdvInt=0x0
06-19 15:07:00.092  2485  3352 I ScanController: onScanResult to scannerId: 4- eventType=0x1b, addressType=0, address=XX:XX:XX:XX:AC:BD, primaryPhy=1, secondaryPhy=0, advertisingSid=0xff, txPower=127, rssi=-71, periodicAdvInt=0x0
06-19 15:07:00.095 11142 11557 I [-0300]oneconnect[1.8.45.24_01][CORE]: DataConvert.parseBleVd - deviceBle : |name:($)-S(16)|deviceType:UNKNOWN|discoverType:_BLE|services:None|connected:false[Type]6[Index]1[MNID]0AJK[SETUPID]101[TvStatusString]EXTENSION[TvStatus]32[TvService]111[TvMirrorChannel]0[TvRegisteredDB]null[TvYear]2025[TvOcfInfo]31[TvAcmStatus]0[ExTvStatus]34[ExtendedStatus]4[ModuloSn]241
06-19 15:07:00.097   629   629 D io_stats: !@   8,0 r 3508891 81698560 w 854855 23172232 d 106487 15640024 f 26166 79468 iot 451828 0 th 0 0 0 pt 0 inp 0 0 13690.021
06-19 15:07:00.119   946  1090 I CompositionEngine: [setDisplaySize] size=(434, 42)
06-19 15:07:00.220   946  1090 I CompositionEngine: [setDisplaySize] size=(434, 42)
06-19 15:07:00.320   946  1090 I CompositionEngine: [setDisplaySize] size=(434, 42)
06-19 15:07:00.420   946  1090 I CompositionEngine: [setDisplaySize] size=(434, 42)
06-19 15:07:00.452   938   959 E HeatmapThread: ECT Thread time in milliseconds: 1781892420
06-19 15:07:00.457   938   959 D HeatmapThread: !@ batteryplugType : 0
06-19 15:07:00.458   938   959 D HeatmapThread: !@ batteryLevel : 23  batteryTemperature : 346 
06-19 15:07:00.458   938   959 D HeatmapThread: !@ Heatmap currtime: 29698207
06-19 15:07:00.458   938   959 D HeatmapThread: !@ Heatmap prevtime: 29698187
06-19 15:07:00.458   938   959 D HeatmapThread: !@ Heatmap plugstarttime: 35791394
06-19 15:07:00.458   938   959 D HeatmapThread: !@ Heatmap prevv_dsoh_update_time: 29697947
06-19 15:07:00.458   938   959 E HeatmapThread: !@ CAM New BSOH: 100
06-19 15:07:00.521   946  1090 I CompositionEngine: [setDisplaySize] size=(434, 42)
06-19 15:07:00.597  4525  4525 I SDHMS:LOAD: type: LoadsFreqs, value: 81:0:28:687359:1440000:672000:1201920:2784000:672000:252:252:252
06-19 15:07:00.622   946  1090 I CompositionEngine: [setDisplaySize] size=(434, 42)
06-19 15:07:00.688  2485  3352 I ScanController: onScanResult to scannerId: 1- eventType=0x1b, addressType=0, address=XX:XX:XX:XX:AC:BD, primaryPhy=1, secondaryPhy=0, advertisingSid=0xff, txPower=127, rssi=-72, periodicAdvInt=0x0
06-19 15:07:00.689  2485  3352 I ScanController: onScanResult to scannerId: 4- eventType=0x1b, addressType=0, address=XX:XX:XX:XX:AC:BD, primaryPhy=1, secondaryPhy=0, advertisingSid=0xff, txPower=127, rssi=-72, periodicAdvInt=0x0
06-19 15:07:00.691 12814 12861 I BCMGR[11.2.04.4]: BeaconMainController] onReceive - [1 : ST packet!][2 : bad rssi][3 : bad rssi][4 : ST packet!][5 : ST packet!][6 : bad rssi][7 : bad rssi][8 : bad rssi][9 : bad rssi][10 : bad rssi]
06-19 15:07:00.691 11142 11557 I [-0300]oneconnect[1.8.45.24_01][CORE]: DataConvert.parseBleVd - deviceBle : |name:($)-S(16)|deviceType:UNKNOWN|discoverType:_BLE|services:None|connected:false[Type]6[Index]1[MNID]0AJK[SETUPID]101[TvStatusString]EXTENSION[TvStatus]32[TvService]111[TvMirrorChannel]0[TvRegisteredDB]null[TvYear]2025[TvOcfInfo]31[TvAcmStatus]0[ExTvStatus]34[ExtendedStatus]4[ModuloSn]241
06-19 15:07:00.722   946  1090 I CompositionEngine: [setDisplaySize] size=(434, 42)
06-19 15:07:00.822   946  1090 I CompositionEngine: [setDisplaySize] size=(434, 42)
06-19 15:07:00.925   946  1090 I CompositionEngine: [setDisplaySize] size=(434, 42)
06-19 15:07:01.023   946  1090 I CompositionEngine: [setDisplaySize] size=(434, 42)
06-19 15:07:01.036  3015 12949 D ConnectivityManager: StackLog: [android.net.ConnectivityManager.reportNetworkConnectivity(ConnectivityManager.java:3691)] [cdkq.a(:com.google.android.gms@262031035@26.20.31 (260400-919905943):15)] [cdmw.n(:com.google.android.gms@262031035@26.20.31 (260400-919905943):6)] [cdmk.run(:com.google.android.gms@262031035@26.20.31 (260400-919905943):501)] [cdnh.run(:com.google.android.gms@262031035@26.20.31 (260400-919905943):5)] [hdna.run(:com.google.android.gms@262031035@26.20.31 (260400-919905943):23)] [bkqh.c(:com.google.android.gms@262031035@26.20.31 (260400-919905943):50)] [bkqh.run(:com.google.android.gms@262031035@26.20.31 (260400-919905943):66)] [java.util.concurrent.ThreadPoolExecutor.runWorker(ThreadPoolExecutor.java:1100)] [java.util.concurrent.ThreadPoolExecutor$Worker.run(ThreadPoolExecutor.java:624)] [bkvz.run(:com.google.android.gms@262031035@26.20.31 (260400-919905943):8)] [java.lang.Thread.run(Thread.java:1572)]
06-19 15:07:01.052  3015 14831 I AlarmManager: setExactAndAllowWhileIdle [name: FcmRetry type: 2 triggerAtMillis: 15676856]
06-19 15:07:01.055  1224  3231 D ActivityManager: unpendingScheduleServiceRestart: u=10277, drop=false
06-19 15:07:01.058  1224  1305 D FreecessController: UFZ : com.google.android.gm(10277) [19785] reason: broadcast-android.os.action.LIGHT_DEVICE_IDLE_MODE_CHANGED
06-19 15:07:01.059  1224  1305 D BaseRestrictionMgr: Package: com.google.android.gm, userid: 0, hostingType: broadcast is allowed by freecess, caller is: android
06-19 15:07:01.060  1224  3240 W LocationManagerService: onFreezeStateChanged, uid[10277]=false
06-19 15:07:01.062  1224  3240 I PowerManagerService: [PWL] SetWakeLockEnableDisable uid = 10277 , disable= false
06-19 15:07:01.062  1224  3240 I PowerManagerService: [PWL] can not change uid =  10277
06-19 15:07:01.064  1224  1305 I ActivityManager: Changes in 99021 19 to 11, 0 to 128
06-19 15:07:01.065  1224  1305 I ActivityManager: Changes in 10277 19 to 11, 0 to 128
06-19 15:07:01.068  1112  1198 I CameraService: onUidStateChanged: uid=10277, procState is changed. (19 -> 11)
06-19 15:07:01.070   932 20002 V APM_AudioPolicyManager: setAppState(portId:823, state:2)
06-19 15:07:01.071   932 20002 V APM_AudioPolicyManager: setAppState(portId:823, state:2)
06-19 15:07:01.076 19785 19785 D ActivityThread: Package [br.com.snapdark.apps.nutreai] reported as REPLACED, but missing application info. Assuming REMOVED.
06-19 15:07:01.078 19785 19785 D ActivityThread: Package [br.com.snapdark.apps.nutreai] reported as REPLACED, but missing application info. Assuming REMOVED.
06-19 15:07:01.078 19785 19785 D ActivityThread: Package [br.com.snapdark.apps.nutreai] reported as REPLACED, but missing application info. Assuming REMOVED.
06-19 15:07:01.079 19785 19785 D ActivityThread: Package [br.com.snapdark.apps.nutreai] reported as REPLACED, but missing application info. Assuming REMOVED.
06-19 15:07:01.079 19785 19785 D ActivityThread: Package [br.com.snapdark.apps.nutreai] reported as REPLACED, but missing application info. Assuming REMOVED.
06-19 15:07:01.079 19785 19785 D ActivityThread: Package [br.com.snapdark.apps.nutreai] reported as REPLACED, but missing application info. Assuming REMOVED.
06-19 15:07:01.080 19785 19785 D ActivityThread: Package [br.com.snapdark.apps.nutreai] reported as REPLACED, but missing application info. Assuming REMOVED.
06-19 15:07:01.080 19785 19785 D ActivityThread: Package [br.com.snapdark.apps.nutreai] reported as REPLACED, but missing application info. Assuming REMOVED.
06-19 15:07:01.080 19785 19785 D ActivityThread: Package [br.com.snapdark.apps.nutreai] reported as REPLACED, but missing application info. Assuming REMOVED.
06-19 15:07:01.080 19785 19785 D ActivityThread: Package [br.com.snapdark.apps.nutreai] reported as REPLACED, but missing application info. Assuming REMOVED.
06-19 15:07:01.080 19785 19785 D ActivityThread: Package [br.com.snapdark.apps.nutreai] reported as REPLACED, but missing application info. Assuming REMOVED.
06-19 15:07:01.080 19785 19785 D ActivityThread: Package [br.com.snapdark.apps.nutreai] reported as REPLACED, but missing application info. Assuming REMOVED.
06-19 15:07:01.081 19785 19785 D ActivityThread: Package [br.com.snapdark.apps.nutreai] reported as REPLACED, but missing application info. Assuming REMOVED.
06-19 15:07:01.081 19785 19785 D ActivityThread: Package [br.com.snapdark.apps.nutreai] reported as REPLACED, but missing application info. Assuming REMOVED.
06-19 15:07:01.081 19785 19785 D ActivityThread: Package [br.com.snapdark.apps.nutreai] reported as REPLACED, but missing application info. Assuming REMOVED.
