06-19 15:06:53.746   876 14180 V audio_route: ctl(4)   : "VTS SYS SEL" value "512kHz"
06-19 15:06:53.746   876 14180 V audio_route: ctl(6)   : "VTS GAIN" value 0
06-19 15:06:53.746   876 14180 V audio_route: ctl(7)   : "VTS DMIC IF LCH EN" value 0
06-19 15:06:53.746   876 14180 V audio_route: ctl(8)   : "VTS DMIC IF RCH EN" value 0
06-19 15:06:53.746   876 14180 V audio_route: Reset path: gain-vts-main-mic
06-19 15:06:53.746   876 14180 I audio_route: > audio_route_update_path + : "gain-vts-main-mic" reverse(1)
06-19 15:06:53.746   876 14180 I audio_route: > audio_route_update_path + : path length = 0
06-19 15:06:53.746   876 14180 I audio_hw_HalOdmProxyAdapter: proxy-proxy_set_vts_route: unrouted vts-main-mic
06-19 15:06:53.746   876 14180 D soundtrigger_hw_primary: stdev_vts_set_mic: Disable MIC Controls 
06-19 15:06:53.746   876 14180 I soundtrigger_hw_primary: callback_thread_loop: exit
06-19 15:06:53.746   876 15666 I soundtrigger_hw_primary: sound_trigger_notify_ahal_record_status: audiohal is about to start recording
06-19 15:06:53.746   876 15666 D audio_hw_proxy2: proxy-proxy_set_route: Main Mic(1) Capture STARTED notification to STHAL
06-19 15:06:53.746   876 15666 I audio_hw_HalOdmProxyAdapter: proxy-is_usage_interpreter_listen: ausage = 103(recognition)
06-19 15:06:53.747   876 15666 I audio_route: > audio_route_apply_path : "recognition-mic"
06-19 15:06:53.747   876 15666 D audio_route: Apply path: recognition-mic
06-19 15:06:53.747   876 15666 I audio_hw_proxy_route: proxy-set_route: routed recognition-mic
06-19 15:06:53.747   876 15666 I audio_route: > audio_route_apply_path : "gain-recognition-mic"
06-19 15:06:53.747   876 15666 D audio_route: Apply path: gain-recognition-mic
06-19 15:06:53.747   876 15666 I audio_hw_proxy_route: proxy-set_route: set gain as gain-recognition-mic
06-19 15:06:53.747   876 15666 I audio_hw_proxy_route: proxy-update_mixer_ctrls: enter
06-19 15:06:53.747   876 15666 V audio_route: ctl : Skip to set : "VTS Virtual Output Mux" value "None"
06-19 15:06:53.747   876 15666 V audio_route: ctl : Skip to reset : "DMIC1 Switch" value "0"
06-19 15:06:53.747   876 15666 V audio_route: ctl : Skip to set : "VTS HPF SEL" value "120Hz"
06-19 15:06:53.747   876 15666 V audio_route: ctl : Skip to set : "VTS HPF EN" value "0"
06-19 15:06:53.747   876 15666 V audio_route: ctl : Skip to set : "VTS SYS SEL" value "512kHz"
06-19 15:06:53.747   876 15666 V audio_route: ctl : Skip to set : "VTS 1DB GAIN" value "0"
06-19 15:06:53.747   876 15666 V audio_route: ctl : Skip to set : "VTS GAIN" value "0"
06-19 15:06:53.747   876 15666 V audio_route: ctl : Skip to set : "VTS DMIC IF LCH EN" value "0"
06-19 15:06:53.747   876 15666 V audio_route: ctl : Skip to set : "VTS DMIC IF RCH EN" value "0"
06-19 15:06:53.747   876 15666 V audio_route: ctl : Skip to set : "VTS DMIC SEL" value "DPDM"
06-19 15:06:53.747   876 15666 V audio_route: ctl : Skip to set : "VTS DMIC SEL" value "DPDM"
06-19 15:06:53.747   876 15666 V audio_route: ctl : Skip to set : "VTS DMIC IF RCH EN" value "0"
06-19 15:06:53.747   876 15666 V audio_route: ctl : Skip to set : "VTS DMIC IF LCH EN" value "0"
06-19 15:06:53.747   876 15666 V audio_route: ctl : Skip to set : "VTS GAIN" value "0"
06-19 15:06:53.747   876 15666 V audio_route: ctl : Skip to set : "VTS 1DB GAIN" value "0"
06-19 15:06:53.747   876 15666 V audio_route: ctl : Skip to set : "VTS SYS SEL" value "512kHz"
06-19 15:06:53.747   876 15666 V audio_route: ctl : Skip to set : "VTS HPF EN" value "0"
06-19 15:06:53.747   876 15666 V audio_route: ctl : Skip to set : "VTS HPF SEL" value "120Hz"
06-19 15:06:53.747   876 15666 D audio_route: ctl : "DMIC1 Switch" value "1"
06-19 15:06:53.747   876 15666 V audio_route: ctl : Skip to set : "VTS Virtual Output Mux" value "None"
06-19 15:06:53.747   876 15666 V audio_route: ctl : Skip to set : "DMIC1 Switch" value "1"
06-19 15:06:53.747   876 15666 D audio_route: ctl : "VTS DMIC EN0" value "enable"
06-19 15:06:53.747   876 15666 D audio_route: ctl : "ABOX WDMA1 Width" value "24"
06-19 15:06:53.747   876 15666 D audio_route: ctl : "ABOX WDMA1 Channel" value "4"
06-19 15:06:53.747   876 15666 V audio_route: ctl : Skip to set : "ABOX WDMA1 Rate" value "48000"
06-19 15:06:53.747   876 15666 D audio_route: ctl : "ABOX WDMA1 Period" value "96"
06-19 15:06:53.747   876 32190 D soundtrigger_hw_primary: stdev_vts_set_power: enabled: 0
06-19 15:06:53.747   876 32190 I soundtrigger_hw_primary: stdev_stop_recognition Handle Exit 2
06-19 15:06:53.748  1224  1953 W SoundTriggerModule: phraseRecognitionCallback called
06-19 15:06:53.748  1224  1953 W SoundTriggerModule: phraseRecognitionCallback called to upper layer
06-19 15:06:53.749  1224  1953 I SoundTriggerMiddlewareLogging: RECOGNITION (1, PhraseRecognitionEventSys{phraseRecognitionEvent: PhraseRecognitionEvent{common: RecognitionEvent{status: 1, type: 0, captureAvailable: false, captureDelayMs: 0, capturePreambleMs: 0, triggerInData: false, audioConfig: null, data: [], recognitionStillActive: false}, phraseExtras: []}, halEventReceivedMillis: -1, token: android.os.Binder@128f8db}, 73)
06-19 15:06:53.749  1224  1224 W SoundTriggerHelper: Recognition aborted
06-19 15:06:53.750  4450  4480 I AlwaysOnHotwordDetector: onRecognitionPaused
06-19 15:06:53.750  4450  5258 I AlwaysOnHotwordDetector: handle message 4
06-19 15:06:53.751  4450  5340 I empc    : HDM. onRecognitionPaused 
06-19 15:06:53.765   946  1090 I CompositionEngine: [setDisplaySize] size=(434, 42)
06-19 15:06:53.767   876 15666 D audio_route: ctl : "ABOX UAIF6 Width" value "24"
06-19 15:06:53.767   876 15666 V audio_route: ctl : Skip to set : "ABOX UAIF6 Channel" value "4"
06-19 15:06:53.767   876 15666 V audio_route: ctl : Skip to set : "ABOX UAIF6 Rate" value "48000"
06-19 15:06:53.767   876 15666 D audio_route: ctl : "ABOX NSRC1" value "UAIF6"
06-19 15:06:53.767   876 15666 V audio_route: ctl : Skip to set : "ABOX SIFM1" value "WDMA"
06-19 15:06:53.768   876 15666 D audio_route: ctl : "ABOX VDSP4" value "wdma1-tdmdemux0-normal-capture"
06-19 15:06:53.768   876 15666 D audio_route: ctl : "ABOX SPUM PRETUNE0 SEL" value "SIFM1"
06-19 15:06:53.768   876 15666 D audio_route: ctl : "ABOX SPUM POSTTUNE0 SEL" value "SIFM1"
06-19 15:06:53.768   876 15666 D audio_route: ctl : "ABOX SPUM0 PREGAIN EN" value "1"
06-19 15:06:53.768   876 15666 V audio_route: ctl : Skip to set : "ABOX SPUM0 PREGAIN CH0 Main Volume" value "32"
06-19 15:06:53.768   876 15666 V audio_route: ctl : Skip to set : "ABOX SPUM0 PREGAIN CH0 Fine Volume" value "0"
06-19 15:06:53.768   876 15666 V audio_route: ctl : Skip to set : "ABOX SPUM0 PREGAIN CH1 Main Volume" value "32"
06-19 15:06:53.768   876 15666 V audio_route: ctl : Skip to set : "ABOX SPUM0 PREGAIN CH1 Fine Volume" value "0"
06-19 15:06:53.768   876 15666 V audio_route: ctl : Skip to set : "ABOX SPUM0 PREGAIN CH2 Main Volume" value "32"
06-19 15:06:53.768   876 15666 V audio_route: ctl : Skip to set : "ABOX SPUM0 PREGAIN CH2 Fine Volume" value "0"
06-19 15:06:53.768   876 15666 V audio_route: ctl : Skip to set : "ABOX SPUM0 PREGAIN CH3 Main Volume" value "32"
06-19 15:06:53.768   876 15666 V audio_route: ctl : Skip to set : "ABOX SPUM0 PREGAIN CH3 Fine Volume" value "0"
06-19 15:06:53.768   876 15666 D audio_route: ctl : "ABOX SPUM0 PREGAIN FUNC" value "FADE IN"
06-19 15:06:53.768   876 15666 D audio_route: ctl : "ABOX SPUM0 PREGAIN VOL CHANGE FADE IN" value "223696"
06-19 15:06:53.768   876 15666 D audio_route: ctl : "VTS DMIC GAIN MODE0" value "4883"
06-19 15:06:53.768   876 15666 D audio_route: ctl : "VTS CONTROL DMIC AUD GAIN0" value "32"
06-19 15:06:53.768   876 15666 I audio_hw_proxy_route: proxy-update_mixer_ctrls: modified mixer-controls updated
06-19 15:06:53.768   876 15666 D audio_hw_proxy2: primary_in-check_conversion: needs re-channeling to 1 from 2
06-19 15:06:53.768   876 15666 I SoundAlive_SRC384 arch64: ~SoundAlive_SRC384(): instance 122
06-19 15:06:53.768   876 15666 D PostProcessConvertor: PostProcessConvertorInit ++ OSR 16000, ISR 48000, CC 2, OBW 1, IBW 1 
06-19 15:06:53.768   876 15666 I SoundAlive_SRC384 arch64: SoundAlive_SRC384() ID = 123 GID = 124
06-19 15:06:53.768   876 15666 I SoundAlive_SRC384 arch64: SoundAlive_SRC384: Instance 123 Init(outFs 7, InFs 7, chnum 0, outBW 0, inBW 0)
06-19 15:06:53.768   876 15666 I Samsung_SoundAlive_SRC arch64: SRC384 version Samsung SoundAlive SRC ver320 arch64  2021.08.04 (Cppref for ARM64, ver.300.c 32bit 07_10_2016 based)
06-19 15:06:53.768   876 15666 D SoundAliveResampler: [SoundAliveResampler] Init+++
06-19 15:06:53.768   876 15666 I SoundAlive_SRC384 arch64: SoundAlive_SRC384: Instance 123 Init(outFs 3, InFs 8, chnum 2, outBW 0, inBW 0)
06-19 15:06:53.768   876 15666 I Samsung_SoundAlive_SRC arch64: SRC384 version Samsung SoundAlive SRC ver320 arch64  2021.08.04 (Cppref for ARM64, ver.300.c 32bit 07_10_2016 based)
06-19 15:06:53.768   876 15666 V audio_hw_HalOdmProxyAdapter: proxy-initResampler: resampler created in-samplerate 48000 out-samplereate 16000
06-19 15:06:53.770   876 15666 I audio_hw_proxy2: primary_in-proxy_open_capture_stream: The opened PCM Device is /dev/snd/pcmC0D120c with Sampling_Rate(48000) PCM_Format(0) Channel(2)
06-19 15:06:53.770   876 15666 I audio_hw_capture: primary_in-in_read: transited to Idle
06-19 15:06:53.771   876 15666 I audio_hw_proxy2: primary_in-proxy_start_capture_stream: started PCM Device
06-19 15:06:53.771   876 15666 I audio_hw_capture: primary_in-in_read: transited to Capturing
06-19 15:06:53.771   876 15666 I audio_hw_proxy2: primary_in-read_and_process_frames: alloc resampled read buffer with 1280 bytes
06-19 15:06:53.771   876 15666 I audio_hw_proxy2: primary_in-get_next_buffer: alloc actual read buffer with 3840 bytes
06-19 15:06:53.785 14656 14674 W .mp3player:main: Reducing the number of considered missed Gc histogram windows from 155 to 100
06-19 15:06:53.833  1224  1297 I GestureDetector: handleMessage TAP
06-19 15:06:53.834  1224  1224 I GestureDetector: handleMessage TAP
06-19 15:06:53.849 14430 14430 I flutter : [MIC_PERF] 242ms first_amplitude_sample
06-19 15:06:53.865   946  1090 I CompositionEngine: [setDisplaySize] size=(434, 42)
06-19 15:06:53.965   946  1090 I CompositionEngine: [setDisplaySize] size=(434, 42)
06-19 15:06:54.066   946  1090 I CompositionEngine: [setDisplaySize] size=(434, 42)
06-19 15:06:54.093   629   629 D io_stats: !@   8,0 r 3507983 81690916 w 854715 23166868 d 105655 15624084 f 26163 79456 iot 451608 0 th 0 0 0 pt 0 inp 0 0 13684.017
06-19 15:06:54.093   629   629 D io_stats: !@ Read_top(KB): .mp3player:main(14656) 312 system_server(1224) 12 sh(15655) 4
06-19 15:06:54.093   629   629 D io_stats: !@ Write_top(KB): rk.apps.nutreai(14430) 148
06-19 15:06:54.167   946  1090 I CompositionEngine: [setDisplaySize] size=(434, 42)
06-19 15:06:54.226  2226  2226 D SystemEventChipAnimationController: Try to remove existing animationView=com.android.systemui.privacy.OngoingPrivacyChip{170916e V.E...... .......D 974,14-1030,70 #7f0a09b3 app:id/privacy_chip}
06-19 15:06:54.239  2226  2226 I BLASTBufferQueue_Java: update, w= 1080 h= 84 mName = VRI[StatusBar]@e9a0d9b mNativeObject= 0xb400006f08d819a0 sc.mNativeObject= 0xb400006dd8bf0990 format= -3 caller= android.view.ViewRootImpl.updateBlastSurfaceIfNeeded:3574 android.view.ViewRootImpl.relayoutWindow:11685 android.view.ViewRootImpl.performTraversals:4804 android.view.ViewRootImpl.doTraversal:3924 android.view.ViewRootImpl$TraversalRunnable.run:12903 android.view.Choreographer$CallbackRecord.run:1901 
06-19 15:06:54.239  2226  2226 I VRI[StatusBar]@e9a0d9b: Relayout returned: old=(0,0,1080,84) new=(0,0,1080,84) relayoutAsync=true req=(1080,84)0 dur=0 res=0x0 s={true 0xb400006e78d6e760} ch=false seqId=0
06-19 15:06:54.239  1224  2340 I WindowManager: Relayout Window{cc04005 u0 StatusBar}: viewVisibility=0 req=1080x84 ty=2000 d0
06-19 15:06:54.241  2226  2226 I VRI[StatusBar]@e9a0d9b: registerCallbackForPendingTransactions
06-19 15:06:54.241  1224  2340 D SurfaceComposerClient: setCornerRadius ## 2b67f36 br.com.snapdark.apps.nutreai/br.com.snapdark.apps.nutreai.MainActivity#7101 cornerRadius=0.000000
06-19 15:06:54.243  1224  2340 I WindowManager: Cancelling animation restarting=true, leash=Surface(name=Surface(name=cc04005 StatusBar)/@0x268d592 - animation-leash of insets_animation)/@0xeab83e3
06-19 15:06:54.243  1224  2340 I WindowManager: Reparenting to original parent: Surface(name=WindowToken{8b27f7c type=2000 android.os.BinderProxy@802d54e})/@0x8a19b63, destroy=false, surface=Surface(name=cc04005 StatusBar)/@0x268d592
06-19 15:06:54.244  2226  2355 I VRI[StatusBar]@e9a0d9b: mWNT: t=0xb400006e88cc9a10 mBlastBufferQueue=0xb400006f08d819a0 fn= 10711 HdrRenderState mRenderHdrSdrRatio=1.0 caller= android.view.ViewRootImpl$10.onFrameDraw:6536 android.view.ViewRootImpl$4.onFrameDraw:2489 android.view.ThreadedRenderer$1.onFrameDraw:718 
06-19 15:06:54.245  1224  2340 I WindowManager: Reparenting to leash, surface=Surface(name=cc04005 StatusBar)/@0x268d592, leashParent=Surface(name=WindowToken{8b27f7c type=2000 android.os.BinderProxy@802d54e})/@0x8a19b63
06-19 15:06:54.245   946  2089 I SurfaceFlinger: id=7135 createSurf, flag=24000, Surface(name=cc04005 StatusBar)/@0x268d592 - animation-leash of insets_animation#7135
06-19 15:06:54.247  1224  2340 D WindowManager: makeSurface duration=2 leash=Surface(name=Surface(name=cc04005 StatusBar)/@0x268d592 - animation-leash of insets_animation)/@0xa0fb564
06-19 15:06:54.248  1224  2340 D InsetsSourceProvider: updateControlForTarget: control=InsetsSourceControl: {4daa0000 mType=statusBars initiallyVisible mSurfacePosition=Point(0, 0) mInsetsHint=Insets{left=0, top=84, right=0, bottom=0}}, target=TransientControlTarget, from=com.android.server.wm.InsetsStateController.onControlTargetChanged:83 com.android.server.wm.InsetsPolicy.updateBarControlTarget:212 com.android.server.wm.DisplayPolicy.updateSystemBarAttributes:262 com.android.server.wm.DisplayPolicy.finishPostLayoutPolicyLw:17 com.android.server.wm.RootWindowContainer.applySurfaceChangesTransaction$1:195 
06-19 15:06:54.248  1224  2340 D InsetsSourceProvider: updateFakeControlTarget: fakeControl=InsetsSourceControl: {4daa0000 mType=statusBars mSurfacePosition=Point(0, 0) mInsetsHint=Insets{left=0, top=0, right=0, bottom=0}}, fakeTarget=Window{2b67f36 u0 br.com.snapdark.apps.nutreai/br.com.snapdark.apps.nutreai.MainActivity}
06-19 15:06:54.249  1224  2340 D SurfaceComposerClient: setCornerRadius ## 2b67f36 br.com.snapdark.apps.nutreai/br.com.snapdark.apps.nutreai.MainActivity#7101 cornerRadius=0.000000
06-19 15:06:54.253   946   946 I SurfaceFlinger: [Surface(name=cc04005 StatusBar)/@0x268d592 - animation-leash of insets_animation#7135] attach to parent LayerHierarchy{RequestedLayerState{WindowToken{8b27f7c type=2000 android.os.BinderProxy@802d54e}#94 parentId=17} 2 children}
06-19 15:06:54.264  1224  2340 I WindowManager: Relayout hash=cc04005, pid=0, syncId=-1: mAttrs={(0,0)(fillx84) gr=TOP CENTER_VERTICAL sim={adjust=pan} layoutInDisplayCutoutMode=always ty=STATUS_BAR fmt=TRANSLUCENT
06-19 15:06:54.264  1224  2340 I WindowManager:   fl=81000008
06-19 15:06:54.264  1224  2340 I WindowManager:   pfl=11000000
06-19 15:06:54.264  1224  2340 I WindowManager:   bhv=1
06-19 15:06:54.264  1224  2340 I WindowManager:   providedInsets:
06-19 15:06:54.264  1224  2340 I WindowManager:     InsetsFrameProvider: {id=#4daa0000, index=0, type=statusBars, source=FRAME, flags=[], insetsSize=Insets{left=0, top=84, right=0, bottom=0}}
06-19 15:06:54.264  1224  2340 I WindowManager:     InsetsFrameProvider: {id=#4daa0006, index=0, type=tappableElement, source=FRAME, flags=[], insetsSize=Insets{left=0, top=84, right=0, bottom=0}}
06-19 15:06:54.264  1224  2340 I WindowManager:     InsetsFrameProvider: {id=#4daa0005, index=0, type=mandatorySystemGestures, source=FRAME, flags=[], mMinimalInsetsSizeInDisplayCutoutSafe=Insets{left=0, top=34, right=0, bottom=0}}
06-19 15:06:54.264  1224  2340 I WindowManager:   forciblyShownTypes=statusBars
06-19 15:06:54.264  1224  2340 I WindowManager:   frameRateBoostOnTouch=true
06-19 15:06:54.264  1224  2340 I WindowManager:   dvrrWindowFrameRateHint=true
06-19 15:06:54.264  1224  2340 I WindowManager:   paramsForRotation:
06-19 15:06:54.264  1224  2340 I WindowManager:     ROTATION_0={(0,0)(fillx84) gr=TOP CENTER_VERTICAL layoutInDisplayCutoutMode=always ty=STATUS_BAR fmt=TRANSLUCENT
06-19 15:06:54.264  1224  2340 I WindowManager:       fl=80000008
06-19 15:06:54.264  1224  2340 I WindowManager:       pfl=11000000
06-19 15:06:54.264  1224  2340 I WindowManager:       bhv=1
06-19 15:06:54.264  1224  2340 I WindowManager:       providedInsets:
06-19 15:06:54.264  1224  2340 I WindowManager:         InsetsFrameProvider: {id=#4daa0000, index=0, type=statusBars, source=FRAME, flags=[], insetsSize=Insets{left=0, top=84, right=0, bottom=0}}
06-19 15:06:54.264  1224  2340 I WindowManager:         InsetsFrameProvider: {id=#4daa0006, index=0, type=tappableElement, source=FRAME, flags=[], insetsSize=Insets{left=0, top=84, right=0, bottom=0}}
06-19 15:06:54.264  1224  2340 I WindowManager:         InsetsFrameProvider: {id=#4daa0005, index=0, type=mandatorySystemGestures, source=FRAME, flags=[], insetsSize=Insets{left=0, top=84, right=0, bottom=0}, mMinimalInsetsSizeInDisplayCutoutSafe=Insets{left=0, top=34, right=0, bottom=0}}
06-19 15:06:54.264  1224  2340 I WindowManager:       frameRateBoostOnTouch=true
06-19 15:06:54.264  1224  2340 I WindowManager:       dvrrWindowFrameRateHint=true naviIconColor=0}
06-19 15:06:54.264  1224  2340 I WindowManager:     ROTATION_90={(0,0)(fillx84) gr=TOP CENTER_VERTICAL layoutInDisplayCutoutMode=always ty=STATUS_BAR fmt=TRANSLUCENT
06-19 15:06:54.264  1224  2340 I WindowManager:       fl=80000008
06-19 15:06:54.264  1224  2340 I WindowManager:       pfl=11000000
06-19 15:06:54.264  1224  2340 I WindowManager:       bhv=1
06-19 15:06:54.264  1224  2340 I WindowManager:       providedInsets:
06-19 15:06:54.264  1224  2340 I WindowManager:         InsetsFrameProvider: {id=#4daa0000, index=0, type=statusBars, source=FRAME, flags=[], insetsSize=Insets{left=0, top=84, right=0, bottom=0}}
06-19 15:06:54.264  1224  2340 I WindowManager:         InsetsFrameProvider: {id=#4daa0006, index=0, type=tappableElement, source=FRAME, flags=[], insetsSize=Insets{left=0, top=84, right=0, bottom=0}}
06-19 15:06:54.264  1224  2340 I WindowManager:         InsetsFrameProvider: {id=#4daa0005, index=0, type=mandatorySystemGestures, source=FRAME, flags=[], insetsSize=Insets{left=0, top=84, right=0, bottom=0}, mMinimalInsetsSizeInDisplayCutoutSafe=Insets{left=0, top=34, right=0, bottom=0}}
06-19 15:06:54.264  1224  2340 I WindowManager:       frameRateBoostOnTouch=true
06-19 15:06:54.264  1224  2340 I WindowManager:       dvrrWindowFrameRateHint=true naviIconColor=0}
06-19 15:06:54.264  1224  2340 I WindowManager:     ROTATION_180={(0,0)(fillx84) gr=TOP CENTER_VERTICAL layoutInDisplayCutoutMode=always ty=STATUS_BAR fmt=TRANSLUCENT
06-19 15:06:54.264  1224  2340 I WindowManager:       fl=80000008
06-19 15:06:54.264  1224  2340 I WindowManager:       pfl=11000000
06-19 15:06:54.264  1224  2340 I WindowManager:       bhv=1
06-19 15:06:54.264  1224  2340 I WindowManager:       providedInsets:
06-19 15:06:54.264  1224  2340 I WindowManager:         InsetsFrameProvider: {id=#4daa0000, index=0, type=statusBars, source=FRAME, flags=[], insetsSize=Insets{left=0, top=84, right=0, bottom=0}}
06-19 15:06:54.264  1224  2340 I WindowManager:         InsetsFrameProvider: {id=#4daa0006, index=0, type=tappableElement, source=FRAME, flags=[], insetsSize=Insets{left=0, top=84, right=0, bottom=0}}
06-19 15:06:54.264  1224  2340 I WindowManager:         InsetsFrameProvider: {id=#4daa0005, index=0, type=mandatorySystemGestures, source=FRAME, flags=[], insetsSize=Insets{left=0, top=84, right=0, bottom=0}, mMinimalInsetsSizeInDisplayCutoutSafe=Insets{left=0, top=34, right=0, bottom=0}}
06-19 15:06:54.264  1224  2340 I WindowManager:       frameRateBoostOnTouch=true
06-19 15:06:54.264  1224  2340 I WindowManager:       dvrrWindowFrameRateHint=true naviIconColor=0}
06-19 15:06:54.264  1224  2340 I WindowManager:     ROTATION_270={(0,0)(fillx84) gr=TOP CENTER_VERTICAL layoutInDisplayCutoutMode=always ty=STATUS_BAR fmt=TRANSLUCENT
06-19 15:06:54.264  1224  2340 I WindowManager:       fl=80000008
06-19 15:06:54.264  1224  2340 I WindowManager:       pfl=11000000
06-19 15:06:54.264  1224  2340 I WindowManager:       bhv=1
06-19 15:06:54.264  1224  2340 I WindowManager:       providedInsets:
06-19 15:06:54.264  1224  2340 I WindowManager:         InsetsFrameProvider: {id=#4daa0000, index=0, type=statusBars, source=FRAME, flags=[], insetsSize=Insets{left=0, top=84, right=0, bottom=0}}
06-19 15:06:54.264  1224  2340 I WindowManager:         InsetsFrameProvider: {id=#4daa0006, index=0, type=tappableElement, source=FRAME, flags=[], insetsSize=Insets{left=0, top=84, right=0, bottom=0}}
06-19 15:06:54.264  1224  2340 I WindowManager:         InsetsFrameProvider: {id=#4daa0005, index=0, type=mandatorySystemGestures, source=FRAME, flags=[], insetsSize=Insets{left=0, top=84, right=0, bottom=0}, mMinimalInsetsSizeInDisplayCutoutSafe=Insets{left=0, top=34, right=0, bottom=0}}
06-19 15:06:54.265  1224  2340 I WindowManager:       frameRateBoostOnTouch=true
06-19 15:06:54.265  1224  2340 I WindowManager:       dvrrWindowFrameRateHint=true naviIconColor=0} naviIconColor=0}
06-19 15:06:54.267   946  1090 I CompositionEngine: [setDisplaySize] size=(434, 42)
06-19 15:06:54.270   946   946 I SurfaceFlinger: [LayerHierarchy{RequestedLayerState{cc04005 StatusBar#95 parentId=7135} 1 children}] reparent to LayerHierarchy{RequestedLayerState{Surface(name=cc04005 StatusBar)/@0x268d592 - animation-leash of insets_animation#7135 parentId=94} 1 children}
06-19 15:06:54.270   946   946 I SurfaceFlinger: [LayerHierarchy{RequestedLayerState{Surface(name=cc04005 StatusBar)/@0x268d592 - animation-leash of insets_animation#7131} no children}] reparent to OffscreenRoot
06-19 15:06:54.270   946   946 I SurfaceFlinger: [LayerHierarchy{RequestedLayerState{Surface(name=cc04005 StatusBar)/@0x268d592 - animation-leash of insets_animation#7131} no children}] RelativeParent to null
06-19 15:06:54.277  1224  1299 I InsetsSourceConsumer: applyRequestedVisibilityToControl: visible=true, type=statusBars, host=TransientControlTarget
06-19 15:06:54.279  1224  1299 D SurfaceComposerClient: setCornerRadius ## 2b67f36 br.com.snapdark.apps.nutreai/br.com.snapdark.apps.nutreai.MainActivity#7101 cornerRadius=0.000000
06-19 15:06:54.280   946  2089 I SurfaceFlinger: id=7131 Removed Surface(name=cc04005 StatusBar)/@0x268d592 - animation-leash of insets_animation#7131 (187)
06-19 15:06:54.282 14430 14430 I VRI[MainActivity]@abff0ee: handleResized, frames=ClientWindowFrames{frame=[0,0][1080,2340] display=[0,0][1080,2340] parentFrame=[0,0][0,0]} displayId=0 dragResizing=false compatScale=1.0 frameChanged=false attachedFrameChanged=false configChanged=false displayChanged=false compatScaleChanged=false dragResizingChanged=false
06-19 15:06:54.282  6993  6993 I VRI[ThumbsUpHandler_L]@6d48947: handleResized, frames=ClientWindowFrames{frame=[0,0][68,2340] display=[0,0][1080,2340] parentFrame=[0,0][0,0]} displayId=0 dragResizing=false compatScale=1.0 frameChanged=false attachedFrameChanged=false configChanged=false displayChanged=false compatScaleChanged=false dragResizingChanged=false
06-19 15:06:54.282  6993  6993 I VRI[ThumbsUpHandler_R]@44672e3: handleResized, frames=ClientWindowFrames{frame=[1012,0][1080,2340] display=[0,0][1080,2340] parentFrame=[0,0][0,0]} displayId=0 dragResizing=false compatScale=1.0 frameChanged=false attachedFrameChanged=false configChanged=false displayChanged=false compatScaleChanged=false dragResizingChanged=false
06-19 15:06:54.282  2226  2226 I VRI[StatusBar]@e9a0d9b: handleResized, frames=ClientWindowFrames{frame=[0,0][1080,84] display=[0,0][1080,2340] parentFrame=[0,0][0,0]} displayId=0 dragResizing=false compatScale=1.0 frameChanged=false attachedFrameChanged=false configChanged=false displayChanged=false compatScaleChanged=false dragResizingChanged=false
06-19 15:06:54.283  2226  2226 I VRI[NavigationBar0]@3ffe618: handleResized, frames=ClientWindowFrames{frame=[0,2205][1080,2340] display=[0,0][1080,2340] parentFrame=[0,0][0,0]} displayId=0 dragResizing=false compatScale=1.0 frameChanged=false attachedFrameChanged=false configChanged=false displayChanged=false compatScaleChanged=false dragResizingChanged=false
06-19 15:06:54.283  2786  2786 I VRI[CocktailBarService]@a0d660e: handleResized, frames=ClientWindowFrames{frame=[1013,361][1080,703] display=[0,0][1080,2340] parentFrame=[0,0][0,0]} displayId=0 dragResizing=false compatScale=1.0 frameChanged=false attachedFrameChanged=false configChanged=false displayChanged=false compatScaleChanged=false dragResizingChanged=false
06-19 15:06:54.287   946   946 I SurfaceFlinger: destroyed Surface(name=cc04005 StatusBar)/@0x268d592 - animation-leash of insets_animation#7131
06-19 15:06:54.291   946   946 I Layer   : id=7131 Destroyed Surface(name=cc04005 StatusBar)/@0x268d592 - animation-leash of insets_animation#7131
06-19 15:06:54.338  1224  1807 D ActivityManager: Received BROADCAST intent 0xd96ad5a Key{broadcastIntent pkg=com.google.android.gms/com.google.android.gms.scheduler intent=act=com.google.android.gms.gcm.ACTION_CHECK_QUEUE xflg=0x4 pkg=com.google.android.gms cmp=com.google.android.gms/.gcm.nts.SchedulerInternalReceiver flags=0x2000000 u=0} requestCode=0 sent=0 from uid 1000
06-19 15:06:54.363  1224  1781 I ActivityManager: Changes in 10256 19 to 8, 0 to 128
06-19 15:06:54.366   932 20002 V APM_AudioPolicyManager: setAppState(portId:823, state:2)
06-19 15:06:54.367   946  1090 I CompositionEngine: [setDisplaySize] size=(434, 42)
06-19 15:06:54.427  3015 12949 I NetworkScheduler.Stats: (REDACTED) Task %s/%s started execution. cause:%s exec_start_elapsed_seconds: %s
06-19 15:06:54.439   658   658 W keymint_tee: [WRN]begin req PARAMS: A32, BM2, PD64, 
06-19 15:06:54.442   658   658 D android.hardware.security.keymint-service: begin: ret 0
06-19 15:06:54.442   657 11664 I keystore2: system/security/keystore2/src/security_level.rs:466 - In create_operation. Success to create IKeystoreOperation. 10257, None
06-19 15:06:54.445   658   658 D android.hardware.security.keymint-service: finish: ret 0
06-19 15:06:54.452   938   959 E HeatmapThread: ECT Thread time in milliseconds: 1781892414
06-19 15:06:54.455   938   959 D HeatmapThread: !@ batteryplugType : 0
06-19 15:06:54.455   938   959 D HeatmapThread: !@ batteryLevel : 23  batteryTemperature : 346 
06-19 15:06:54.455   938   959 D HeatmapThread: !@ Heatmap currtime: 29698206
06-19 15:06:54.455   938   959 D HeatmapThread: !@ Heatmap prevtime: 29698187
06-19 15:06:54.455   938   959 D HeatmapThread: !@ Heatmap plugstarttime: 35791394
06-19 15:06:54.455   938   959 D HeatmapThread: !@ Heatmap prevv_dsoh_update_time: 29697947
06-19 15:06:54.455   938   959 E HeatmapThread: !@ CAM New BSOH: 100
06-19 15:06:54.466  3015 12949 I NetworkScheduler.Stats: (REDACTED) Task %s/%s finished executing. cause:%s result: %s elapsed_millis: %s uptime_millis: %s exec_start_elapsed_seconds: %s
06-19 15:06:54.473 30026 30048 W Turbo.InferAppBucketsJob: Models given by config: 1
06-19 15:06:54.474   946  1090 I CompositionEngine: [setDisplaySize] size=(434, 42)
06-19 15:06:54.478  3015 12949 I NetworkScheduler.Stats: (REDACTED) Task %s/%s started execution. cause:%s exec_start_elapsed_seconds: %s
06-19 15:06:54.479  3015 12949 I NetworkScheduler.Stats: (REDACTED) Task %s/%s finished executing. cause:%s result: %s elapsed_millis: %s uptime_millis: %s exec_start_elapsed_seconds: %s
06-19 15:06:54.513  3015 15550 I NetworkScheduler.Stats: (REDACTED) Task %s/%s started execution. cause:%s exec_start_elapsed_seconds: %s
06-19 15:06:54.530  3015 15550 I NetworkScheduler.Stats: (REDACTED) Task %s/%s finished executing. cause:%s result: %s elapsed_millis: %s uptime_millis: %s exec_start_elapsed_seconds: %s
06-19 15:06:54.546  1224  2555 W ParceledListSlice: Element #497 is 25172 bytes.
06-19 15:06:54.574   946  1090 I CompositionEngine: [setDisplaySize] size=(434, 42)
06-19 15:06:54.596 30026 30048 W Turbo.ModelFactory: current model: 9
06-19 15:06:54.677   946  1090 I CompositionEngine: [setDisplaySize] size=(434, 42)
06-19 15:06:54.694 30026 30048 W Turbo.DataInjectorUtils: shouldApplyDenyList() feature is disabled
06-19 15:06:54.700  1224  1981 D BackgroundInstallControlService: Package event received: 0
06-19 15:06:54.712 30026 30048 W Turbo.AppStandbyBucketManager: Successfully pushed app buckets to the platform using model 9
06-19 15:06:54.777   946  1090 I CompositionEngine: [setDisplaySize] size=(434, 42)
06-19 15:06:54.777  1224  2340 I ActivityManager: Changes in 10256 8 to 10, 128 to 0
06-19 15:06:54.778  1224  2340 W JobScheduler: Job didn't exist in JobStore: 8d72aa9 #u0a256/106 com.google.android.apps.turbo/com.google.android.libraries.smartbattery.appusage.library.InferAppBucketsJob
06-19 15:06:54.779   932 20002 V APM_AudioPolicyManager: setAppState(portId:823, state:2)
06-19 15:06:54.790   932 20002 V APM_AudioPolicyManager: setAppState(portId:823, state:2)
06-19 15:06:54.826 30026 30036 W .apps.turbo:aab: Reducing the number of considered missed Gc histogram windows from 360 to 100
06-19 15:06:54.877   946  1090 I CompositionEngine: [setDisplaySize] size=(434, 42)
06-19 15:06:54.978   946  1090 I CompositionEngine: [setDisplaySize] size=(434, 42)
06-19 15:06:55.034   896 15660 I HYPER-HAL: [RequestManager.cpp]releaseLocked(): Released ID : 10371764
06-19 15:06:55.078   946  1090 I CompositionEngine: [setDisplaySize] size=(434, 42)
06-19 15:06:55.178   946  1090 I CompositionEngine: [setDisplaySize] size=(434, 42)
06-19 15:06:55.258  1160  1160 I CNSS    : /sys/wifi/max_chipset_log_size doesn't exist
06-19 15:06:55.270  1224  4064 D SemWifiUsabilityStatsMonitor: onWifiUsabilityStats - seqNum 3154, isSameBssidAndFreq true
06-19 15:06:55.272  1224  2004 I SemWifiLinkQualityMonitor: Link stat: 986 / 126 / 1,17 (27) / 432 / -53.0 || 100.0 : 432,00 / 0.5 : 0,85 / 0.55 : 0,13 / G (G) || 585e86745745: 0,101 / 79,155 / N || N N / 0 0 / Y 2.0 / Y X 0 / 13685195 0 || Invalid
06-19 15:06:55.274  1224  2005 D InsDataManager: onOutageCountUpdate() - Outage Data: 0, LQ : Y. Outage Triggered: false
06-19 15:06:55.274  1224  2005 D InsDataManager: Trying to save initial normal data.
06-19 15:06:55.275  1224  2005 E InsController: Error in onOutageCountUpdate: android.net.VpnTransportInfo cannot be cast to android.net.wifi.WifiInfo
06-19 15:06:55.275  1224  2005 D SemInsManager: {"bssid": "585e86745745","rssi": -53.0,"latency": 0.10106735572782083,"outage_count": 0,"lq_callback_triggered": true,"outage_log": "Link stat: 986 / 126 / 1,17 (27) / 432 / -53.0 || 100.0 : 432,00 / 0.5 : 0,85 / 0.55 : 0,13 / G (G) || 585e86745745: 0,101 / 79,155 / N || N N / 0 0 / Y 2.0 / Y X 0 / 13685195 0 || Invalid""Magnetic Sensor Events size": "0""Pressure Sensor Events size": "0"}
06-19 15:06:55.279   946  1090 I CompositionEngine: [setDisplaySize] size=(434, 42)
06-19 15:06:55.379   946  1090 I CompositionEngine: [setDisplaySize] size=(434, 42)
06-19 15:06:55.453   938   959 E HeatmapThread: ECT Thread time in milliseconds: 1781892415
06-19 15:06:55.456   938   959 D HeatmapThread: !@ batteryplugType : 0
06-19 15:06:55.456   938   959 D HeatmapThread: !@ batteryLevel : 23  batteryTemperature : 346 
06-19 15:06:55.456   938   959 D HeatmapThread: !@ Heatmap currtime: 29698206
06-19 15:06:55.456   938   959 D HeatmapThread: !@ Heatmap prevtime: 29698187
06-19 15:06:55.457   938   959 D HeatmapThread: !@ Heatmap plugstarttime: 35791394
06-19 15:06:55.457   938   959 D HeatmapThread: !@ Heatmap prevv_dsoh_update_time: 29697947
06-19 15:06:55.457   938   959 E HeatmapThread: !@ CAM New BSOH: 100
06-19 15:06:55.481   946  1090 I CompositionEngine: [setDisplaySize] size=(434, 42)
06-19 15:06:55.581   946  1090 I CompositionEngine: [setDisplaySize] size=(434, 42)
06-19 15:06:55.605  1224  1319 D BatteryExternalStatsWorker: update stats : wakelock-change (1)
06-19 15:06:55.681   946  1090 I CompositionEngine: [setDisplaySize] size=(434, 42)
06-19 15:06:55.684  1224  1319 E system_server: updateValue is called with a value 127378, which is lower than the previous value 127835
06-19 15:06:55.684  1224  1319 E system_server: updateValue is called with a value 51886, which is lower than the previous value 51892
06-19 15:06:55.684  1224  1319 E system_server: updateValue is called with a value 43040, which is lower than the previous value 43049
06-19 15:06:55.684  1224  1319 E system_server: updateValue is called with a value 45146, which is lower than the previous value 45153
06-19 15:06:55.686  1224  1319 D BatteryExternalStatsWorker: Update CPU state
06-19 15:06:55.686  1224  1319 D BatteryExternalStatsWorker: mStats lock released
06-19 15:06:55.686  1224  1319 D BatteryExternalStatsWorker: done updateExternalStatsLocked
06-19 15:06:55.686  1224  1319 I CpuScalingPolicyReader: Calling readCpuStats: [0, 0, 0, 0, 0, 0, 0, 0, 0, 0, 0, 0, 0, 0, 0, 0, 0, 0, 0, 0, 0, 0, 0, 0, 0, 0, 1, 1, 1, 1, 1, 1, 1, 1, 1, 1, 1, 1, 0, 0, 0, 0, 0, 0, 0, 0, 1, 1, 1, 1, 1, 1, 1, 1, 1, 1, 1, 1, 1, 1, 1, 2, 2, 0, 0, 0, 0, 1, 1, 1, 1, 1, 1, 1, 1, 1, 1, 1, 1, 1, 1, 2, 2, 2, 2, 2, 2, 2, 2, 2], 90 3
06-19 15:06:55.781   946  1090 I CompositionEngine: [setDisplaySize] size=(434, 42)
06-19 15:06:55.785  3466  3466 D BoundBrokerSvc: onUnbind: Intent { act=com.google.android.gms.common.BIND_SHARED_PREFS xflg=0x4 pkg=com.google.android.gms }
06-19 15:06:55.882   946  1090 I CompositionEngine: [setDisplaySize] size=(434, 42)
06-19 15:06:55.932  1224 10299 I AppSearchIcing: icing-search-engine.cc:2487: Persisting data to disk with mode 3
06-19 15:06:55.949  1224 10299 I AppSearchIcing: icing-search-engine.cc:2502: PersistToDisk completed.
06-19 15:06:55.982   946  1090 I CompositionEngine: [setDisplaySize] size=(434, 42)
06-19 15:06:56.020  2210  2831 D SatelliteController: isInCarrierRoamingNbIotNtn: satellite is disabled
06-19 15:06:56.026  2226  2348 D MobileSignalTransitionManager: updateSignalTransition
06-19 15:06:56.033  2786  2923 I HoneySpace.StatusIconTracker: invokeEvent() called with: event = Mobile(bundle=Bundle[mParcelledData.dataSize=256])
06-19 15:06:56.082   946  1090 I CompositionEngine: [setDisplaySize] size=(434, 42)
06-19 15:06:56.094   629   629 D io_stats: !@   8,0 r 3508371 81696480 w 854777 23169232 d 105927 15629476 f 26165 79465 iot 451712 0 th 0 0 0 pt 0 inp 0 0 13686.018
06-19 15:06:56.182   946  1090 I CompositionEngine: [setDisplaySize] size=(434, 42)
06-19 15:06:56.212  1224  2627 D CustomizedBinderCallsStatsInternal: reportCpuUsage() : 2%
06-19 15:06:56.213  1224  1304 I BinderCallsStats: Collected cpu time : 2278us, collected call count : 7413 for 15541059 ms
06-19 15:06:56.213  1224  1304 I CustomizedBinderCallsStatsInternal: should write the current data!!
06-19 15:06:56.214  1224  1298 I BinderCallsStats: Nothing to write to file. Just return
06-19 15:06:56.215  1224  2627 D ProcessCpuUsage: [0] 942, {400=20310, 576=11060, 672=3310, 768=1780, 864=1340, 960=800, 1056=710, 1152=3090, 1248=250, 1344=190, 1440=240, 1536=2060, 1632=130, 1728=130, 1824=8190, 1959=6520}
06-19 15:06:56.215  1224  2627 D ProcessCpuUsage: [4] 1023, {672=40880, 768=1120, 864=1330, 960=960, 1056=860, 1152=810, 1248=520, 1344=890, 1440=850, 1536=720, 1632=1530, 1728=650, 1824=390, 1920=720, 2016=510, 2112=530, 2208=260, 2304=1620, 2400=270, 2496=290, 2592=4510}
06-19 15:06:56.215  1224  2627 D ProcessCpuUsage: [7] 877, {672=52310, 768=550, 864=250, 960=250, 1056=100, 1152=200, 1248=110, 1344=180, 1440=100, 1632=110, 1728=120, 2016=110, 2112=810, 2304=220, 2400=330, 2688=960, 2784=400, 2900=2600}
06-19 15:06:56.215  1224  2627 D ProcessCpuUsage: [9] 1049, {672=49840, 1056=310, 1632=620, 2688=450, 2976=1690, 3072=2910, 3207=3660}
06-19 15:06:56.238  2226  2928 I WindowManager: WindowManagerGlobal#addView, ty=2024, view=com.android.systemui.RegionInterceptingFrameLayout{45a321e V.E...... ......I. 0,0-0,0}, caller=android.view.WindowManagerImpl.addView:158 com.android.systemui.ScreenDecorations.setupDecorations:780 com.android.systemui.statusbar.events.PrivacyDotViewControllerImpl$systemStatusAnimationCallback$1$onSystemStatusAnimationTransitionToPersistentDot$1.run:36 
06-19 15:06:56.238  2226  2928 D ViewRootImpl: desktopMode is false
06-19 15:06:56.239  2226  2928 I ViewRootImpl: dVRR is disabled
06-19 15:06:56.239  2226  2356 D NativeCustomFrequencyManager: [NativeCFMS] BpCustomFrequencyManager::BpCustomFrequencyManager()
06-19 15:06:56.243   946  2089 I SurfaceFlinger: id=7136 createSurf, flag=84004, WindowToken{7e06e6f type=2024 android.os.BinderProxy@d9a1d4e}#7136
06-19 15:06:56.243   896   950 I HYPER-HAL: [RequestManager.cpp]acquire(): Acquired ID : 8182135  [899 / 3145]    HINT :      list : [TID_LOW_LATENCY / 1] [TID / 2354] [TID / 2355] [TID / 2928] [TID / 2356] 
06-19 15:06:56.244  1224  2627 D HintManagerService: SystemUI make new AppHintSession but force pause
06-19 15:06:56.245   896   950 I HYPER-HAL: [RequestManager.cpp]acquire(): Acquired ID : 8182135  [899 / 3145]    HINT :      list : [TID_LOW_LATENCY / 0] [TID / 2354] [TID / 2355] [TID / 2928] [TID / 2356] 
06-19 15:06:56.246  1224  2108 D InputTransport: Input channel constructed: '5563f81', fd=1322
06-19 15:06:56.246  1224  2108 D InputTransport: Input channel constructed: '5563f81', fd=1339
06-19 15:06:56.246  1224  2108 D InputTransport: Input channel constructed: '5563f81', fd=1347
06-19 15:06:56.246  1224  2108 D InputTransport: Input channel destroyed: '5563f81', fd=1339
06-19 15:06:56.247   946  2089 I SurfaceFlinger: id=7137 createSurf, flag=84004, 5563f81 ScreenDecorOverlay#7137
06-19 15:06:56.247  1224  2108 D RestrictionPolicy: isScreenCaptureEnabled : ret=true userId=0
06-19 15:06:56.249  1224  2108 D InputTransport: Input channel destroyed: '5563f81', fd=1347
06-19 15:06:56.251  2226  2928 D InputTransport: Input channel constructed: '5563f81', fd=261
06-19 15:06:56.253  2226  2928 I InsetsController: onStateChanged: host=ScreenDecorOverlay, from=android.view.ViewRootImpl.onInsetsStateChanged:3026, state=InsetsState: {mDisplayFrame=Rect(0, 0 - 1080, 2340), mDisplayCutout=DisplayCutout{insets=Rect(0, 84 - 0, 0) waterfall=Insets{left=0, top=0, right=0, bottom=0} boundingRect={Bounds=[Rect(0, 0 - 0, 0), Rect(515, 0 - 566, 84), Rect(0, 0 - 0, 0), Rect(0, 0 - 0, 0)]} cutoutPathParserInfo={CutoutPathParserInfo{displayWidth=1080 displayHeight=2340 physicalDisplayWidth=1080 physicalDisplayHeight=2340 density={2.8125} cutoutSpec={M 0,0 H -9.066666666666667 V 29.86666666666667 H 9.066666666666667 V 0 H 0 Z @dp} rotation={0} scale={1.0} physicalPixelDisplaySizeRatio={1.0}}} sideOverrides={}}, mRoundedCorners=RoundedCorners{[RoundedCorner{position=TopLeft, radius=101, center=Point(101, 101)}, RoundedCorner{position=TopRight, radius=101, center=Point(979, 101)}, RoundedCorner{position=BottomRight, radius=101, center=Point(979, 2239)}, RoundedCorner{position=BottomLeft, radius=101, center=Point(101, 2239)}]}  mRoundedCornerFrame=Rect(0, 0 - 0, 0), mPrivacyIndicatorBounds=PrivacyIndicatorBounds {static bounds=Rect(956, 0 - 1080, 84) rotation=0}, mDisplayShape=DisplayShape{ spec=-311912193 displayWidth=1080 displayHeight=2340 physicalPixelDisplaySizeRatio=0.75 rotation=0 offsetX=0 offsetY=0 scale=1.0}, mSources= { InsetsSource: {9b390004 mType=systemGestures mFrame=[0,0][84,2340] mVisible=true mFlags= mSideHint=LEFT mBoundingRects=null}, InsetsSource: {9b390005 mType=mandatorySystemGestures mFrame=[0,2250][1080,2340] mVisible=true mFlags= mSideHint=BOTTOM mBoundingRects=null}, InsetsSource: {9b390024 mType=systemGestures mFrame=[996,0][1080,2340] mVisible=true mFlags= mSideHint=RIGHT mBoundingRects=null}, InsetsSource: {27 mType=displayCutout mFrame=[0,0][1080,84] mVisible=true mFlags= mSideHint=TOP mBoundingRects=null}, InsetsSource: {4daa0005 mType=mandatorySystemGestures mFrame=[0,0][1080,118] mVisible=true mFlags= mSideHint=TOP mBoundingRects=null} }
06-19 15:06:56.253  2226  2928 I VRI[ScreenDecorOverlay]@6e0aaff: synced displayState. AttachInfo displayState=2
06-19 15:06:56.253  2226  2928 I VRI[ScreenDecorOverlay]@6e0aaff: setView = com.android.systemui.RegionInterceptingFrameLayout@45a321e IsHRR=false mFlingFrameRateChange=0 TM=true
06-19 15:06:56.256   946   946 I SurfaceFlinger: [WindowToken{7e06e6f type=2024 android.os.BinderProxy@d9a1d4e}#7136] attach to parent Root
06-19 15:06:56.256   946   946 I SurfaceFlinger: [5563f81 ScreenDecorOverlay#7137] attach to parent LayerHierarchy{RequestedLayerState{WindowToken{7e06e6f type=2024 android.os.BinderProxy@d9a1d4e}#7136} 1 children}
06-19 15:06:56.257  2226  2928 I WindowManager: WindowManagerGlobal#addView, ty=2024, view=com.android.systemui.RegionInterceptingFrameLayout{aa0db8 V.E...... ......I. 0,0-0,0}, caller=android.view.WindowManagerImpl.addView:158 com.android.systemui.ScreenDecorations.setupDecorations:780 com.android.systemui.statusbar.events.PrivacyDotViewControllerImpl$systemStatusAnimationCallback$1$onSystemStatusAnimationTransitionToPersistentDot$1.run:36 
06-19 15:06:56.258  2226  2928 D ViewRootImpl: desktopMode is false
06-19 15:06:56.258  2226  2928 I ViewRootImpl: dVRR is disabled
06-19 15:06:56.259  2226  2356 D NativeCustomFrequencyManager: [NativeCFMS] BpCustomFrequencyManager::BpCustomFrequencyManager()
06-19 15:06:56.261   946  2089 I SurfaceFlinger: id=7138 createSurf, flag=84004, WindowToken{59eca14 type=2024 android.os.BinderProxy@811bc67}#7138
06-19 15:06:56.262   896   950 I HYPER-HAL: [RequestManager.cpp]acquire(): Acquired ID : 8190228  [899 / 3147]    HINT :      list : [TID_LOW_LATENCY / 1] [TID / 2354] [TID / 2355] [TID / 2928] [TID / 2356] 
06-19 15:06:56.262  1224  2627 D InputTransport: Input channel constructed: '5a652bd', fd=1339
06-19 15:06:56.262  1224  2627 D InputTransport: Input channel constructed: '5a652bd', fd=1347
06-19 15:06:56.262  1224  2627 D InputTransport: Input channel constructed: '5a652bd', fd=1360
06-19 15:06:56.262  1224  2627 D InputTransport: Input channel destroyed: '5a652bd', fd=1347
06-19 15:06:56.263   946  2089 I SurfaceFlinger: id=7139 createSurf, flag=84004, 5a652bd ScreenDecorOverlayBottom#7139
06-19 15:06:56.263  1224  2627 D RestrictionPolicy: isScreenCaptureEnabled : ret=true userId=0
06-19 15:06:56.263  1224  2108 D HintManagerService: SystemUI make new AppHintSession but force pause
06-19 15:06:56.264  1224  2627 D InputTransport: Input channel destroyed: '5a652bd', fd=1360
06-19 15:06:56.264  2226  2928 D InputTransport: Input channel constructed: '5a652bd', fd=251
06-19 15:06:56.264  2226  2928 I InsetsController: onStateChanged: host=ScreenDecorOverlayBottom, from=android.view.ViewRootImpl.onInsetsStateChanged:3026, state=InsetsState: {mDisplayFrame=Rect(0, 0 - 1080, 2340), mDisplayCutout=DisplayCutout{insets=Rect(0, 84 - 0, 0) waterfall=Insets{left=0, top=0, right=0, bottom=0} boundingRect={Bounds=[Rect(0, 0 - 0, 0), Rect(515, 0 - 566, 84), Rect(0, 0 - 0, 0), Rect(0, 0 - 0, 0)]} cutoutPathParserInfo={CutoutPathParserInfo{displayWidth=1080 displayHeight=2340 physicalDisplayWidth=1080 physicalDisplayHeight=2340 density={2.8125} cutoutSpec={M 0,0 H -9.066666666666667 V 29.86666666666667 H 9.066666666666667 V 0 H 0 Z @dp} rotation={0} scale={1.0} physicalPixelDisplaySizeRatio={1.0}}} sideOverrides={}}, mRoundedCorners=RoundedCorners{[RoundedCorner{position=TopLeft, radius=101, center=Point(101, 101)}, RoundedCorner{position=TopRight, radius=101, center=Point(979, 101)}, RoundedCorner{position=BottomRight, radius=101, center=Point(979, 2239)}, RoundedCorner{position=BottomLeft, radius=101, center=Point(101, 2239)}]}  mRoundedCornerFrame=Rect(0, 0 - 0, 0), mPrivacyIndicatorBounds=PrivacyIndicatorBounds {static bounds=Rect(956, 0 - 1080, 84) rotation=0}, mDisplayShape=DisplayShape{ spec=-311912193 displayWidth=1080 displayHeight=2340 physicalPixelDisplaySizeRatio=0.75 rotation=0 offsetX=0 offsetY=0 scale=1.0}, mSources= { InsetsSource: {9b390004 mType=systemGestures mFrame=[0,0][84,2340] mVisible=true mFlags= mSideHint=LEFT mBoundingRects=null}, InsetsSource: {9b390005 mType=mandatorySystemGestures mFrame=[0,2250][1080,2340] mVisible=true mFlags= mSideHint=BOTTOM mBoundingRects=null}, InsetsSource: {9b390024 mType=systemGestures mFrame=[996,0][1080,2340] mVisible=true mFlags= mSideHint=RIGHT mBoundingRects=null}, InsetsSource: {27 mType=displayCutout mFrame=[0,0][1080,84] mVisible=true mFlags= mSideHint=TOP mBoundingRects=null}, InsetsSource: {4daa0005 mType=mandatorySystemGestures mFrame=[0,0][1080,118] mVisible=true mFlags= mSideHint=TOP mBoundingRects=null} }
06-19 15:06:56.264  2226  2928 I VRI[ScreenDecorOverlayBottom]@ce61791: synced displayState. AttachInfo displayState=2
06-19 15:06:56.265  2226  2928 I VRI[ScreenDecorOverlayBottom]@ce61791: setView = com.android.systemui.RegionInterceptingFrameLayout@aa0db8 IsHRR=false mFlingFrameRateChange=0 TM=true
06-19 15:06:56.265  2226  2356 D HWUI    : HWUI - treat SMPTE_170M as sRGB
06-19 15:06:56.266   896   950 I HYPER-HAL: [RequestManager.cpp]acquire(): Acquired ID : 8190228  [899 / 3147]    HINT :      list : [TID_LOW_LATENCY / 0] [TID / 2354] [TID / 2355] [TID / 2928] [TID / 2356] 
06-19 15:06:56.266  1224  2627 I WindowManager: Relayout Window{5563f81 u0 ScreenDecorOverlay}: viewVisibility=0 req=1080x84 ty=2024 d0
06-19 15:06:56.267   946  2089 I SurfaceFlinger: id=7140 createSurf, flag=44044, ScreenDecorOverlay$_2226#7140
06-19 15:06:56.267  1224  2627 D WindowManager: makeSurface duration=0 name=ScreenDecorOverlay$_2226
06-19 15:06:56.268  1224  2627 D SurfaceComposerClient: setCornerRadius ## 2b67f36 br.com.snapdark.apps.nutreai/br.com.snapdark.apps.nutreai.MainActivity#7101 cornerRadius=0.000000
06-19 15:06:56.268  1224  2627 D SurfaceComposerClient: setCornerRadius ## 2b67f36 br.com.snapdark.apps.nutreai/br.com.snapdark.apps.nutreai.MainActivity#7101 cornerRadius=0.000000
06-19 15:06:56.270  1224  2627 I WindowManager: Relayout hash=5563f81, pid=2226, syncId=-1: mAttrs={(0,0)(fillxwrap) gr=TOP CENTER_VERTICAL sim={adjust=pan} layoutInDisplayCutoutMode=always ty=NAVIGATION_BAR_PANEL fmt=TRANSLUCENT
06-19 15:06:56.270  1224  2627 I WindowManager:   fl=21000138
06-19 15:06:56.270  1224  2627 I WindowManager:   pfl=31100050
06-19 15:06:56.270  1224  2627 I WindowManager:   vsysui=100
06-19 15:06:56.270  1224  2627 I WindowManager:   bhv=1
06-19 15:06:56.270  1224  2627 I WindowManager:   frameRateBoostOnTouch=true
06-19 15:06:56.270  1224  2627 I WindowManager:   dvrrWindowFrameRateHint=true naviIconColor=0}
06-19 15:06:56.271  2226  2928 I BLASTBufferQueue_Java: new BLASTBufferQueue, mName= VRI[ScreenDecorOverlay]@6e0aaff mNativeObject= 0xb400006f08f60770 caller= android.view.ViewRootImpl.updateBlastSurfaceIfNeeded:3585 android.view.ViewRootImpl.relayoutWindow:11685 android.view.ViewRootImpl.performTraversals:4804 android.view.ViewRootImpl.doTraversal:3924 android.view.ViewRootImpl$TraversalRunnable.run:12903 android.view.Choreographer$CallbackRecord.run:1901 android.view.Choreographer$CallbackRecord.run:1910 android.view.Choreographer.doCallbacks:1367 android.view.Choreographer.doFrame:1292 android.view.Choreographer$FrameDisplayEventReceiver.run:1870 
06-19 15:06:56.271  2226  2928 I BLASTBufferQueue_Java: update, w= 1080 h= 84 mName = VRI[ScreenDecorOverlay]@6e0aaff mNativeObject= 0xb400006f08f60770 sc.mNativeObject= 0xb400006dd8c59e10 format= -3 caller= android.view.ViewRootImpl.updateBlastSurfaceIfNeeded:3590 android.view.ViewRootImpl.relayoutWindow:11685 android.view.ViewRootImpl.performTraversals:4804 android.view.ViewRootImpl.doTraversal:3924 android.view.ViewRootImpl$TraversalRunnable.run:12903 android.view.Choreographer$CallbackRecord.run:1901 
06-19 15:06:56.272  2226  2928 I VRI[ScreenDecorOverlay]@6e0aaff: Relayout returned: old=(0,0,1080,2340) new=(0,0,1080,84) relayoutAsync=false req=(1080,84)0 dur=5 res=0x3 s={true 0xb400006e791828b0} ch=true seqId=0
06-19 15:06:56.272   946   946 I SurfaceFlinger: RequestedLayer [WindowToken{7e06e6f type=2024 android.os.BinderProxy@d9a1d4e}#7136] hidden!! flag  from(1) --> to(0)
06-19 15:06:56.272   946   946 I SurfaceFlinger: RequestedLayer [5563f81 ScreenDecorOverlay#7137] hidden!! flag  from(1) --> to(0)
06-19 15:06:56.272   946   946 I SurfaceFlinger: [WindowToken{59eca14 type=2024 android.os.BinderProxy@811bc67}#7138] attach to parent Root
06-19 15:06:56.273  2226  2928 I VRI[ScreenDecorOverlay]@6e0aaff: performConfigurationChange setNightDimText nightDimLevel=0
06-19 15:06:56.273   946   946 I SurfaceFlinger: [5a652bd ScreenDecorOverlayBottom#7139] attach to parent LayerHierarchy{RequestedLayerState{WindowToken{59eca14 type=2024 android.os.BinderProxy@811bc67}#7138} 1 children}
06-19 15:06:56.273   946   946 I SurfaceFlinger: [ScreenDecorOverlay$_2226#7140] attach to parent LayerHierarchy{RequestedLayerState{5563f81 ScreenDecorOverlay#7137 parentId=7136} 1 children}
06-19 15:06:56.273  2226  2928 D VRI[ScreenDecorOverlay]@6e0aaff: mThreadedRenderer.initialize() mSurface={isValid=true 0xb400006e791828b0} hwInitialized=true
06-19 15:06:56.273  2226  2928 D VRI[ScreenDecorOverlay]@6e0aaff: reportNextDraw android.view.ViewRootImpl.performTraversals:5443 android.view.ViewRootImpl.doTraversal:3924 android.view.ViewRootImpl$TraversalRunnable.run:12903 android.view.Choreographer$CallbackRecord.run:1901 android.view.Choreographer$CallbackRecord.run:1910 
06-19 15:06:56.273  2226  2928 D VRI[ScreenDecorOverlay]@6e0aaff: Setup new sync=wmsSync-VRI[ScreenDecorOverlay]@6e0aaff#42
06-19 15:06:56.273  2226  2928 I VRI[ScreenDecorOverlay]@6e0aaff: Creating new active sync group VRI[ScreenDecorOverlay]@6e0aaff#43
06-19 15:06:56.275  1224  2627 D SurfaceComposerClient: setCornerRadius ## 2b67f36 br.com.snapdark.apps.nutreai/br.com.snapdark.apps.nutreai.MainActivity#7101 cornerRadius=0.000000
